12-12 10:29:04.558  1240  1240 W Resources: Preloaded drawable resource #0x10800b9 (android:drawable/ab_solid_shadow_holo) that varies with configuration!!
12-12 10:29:04.558  1241  1241 W Resources: Preloaded drawable resource #0x108061e (android:drawable/spinner_default_holo_light) that varies with configuration!!
12-12 10:29:04.558  1240  1240 W Resources: Preloaded drawable resource #0x10804b8 (android:drawable/list_selector_disabled_holo_dark) that varies with configuration!!
12-12 10:29:04.558  1241  1241 W Resources: Preloaded drawable resource #0x1080621 (android:drawable/spinner_disabled_holo_dark) that varies with configuration!!
12-12 10:29:04.558  1240  1240 W Resources: Preloaded drawable resource #0x10804b8 (android:drawable/list_selector_disabled_holo_dark) that varies with configuration!!
12-12 10:29:04.558  1240  1240 W Resources: Preloaded drawable resource #0x1080490 (android:drawable/list_focused_holo) that varies with configuration!!
12-12 10:29:04.558  1240  1240 W Resources: Preloaded drawable resource #0x1080447 (android:drawable/item_background_holo_dark) that varies with configuration!!
12-12 10:29:04.559  1241  1241 W Resources: Preloaded drawable resource #0x1080623 (android:drawable/spinner_disabled_holo_light) that varies with configuration!!
12-12 10:29:04.559  1240  1240 W Resources: Preloaded drawable resource #0x10804b9 (android:drawable/list_selector_disabled_holo_light) that varies with configuration!!
12-12 10:29:04.559  1241  1241 W Resources: Preloaded drawable resource #0x1080627 (android:drawable/spinner_focused_holo_dark) that varies with configuration!!
12-12 10:29:04.559  1240  1240 W Resources: Preloaded drawable resource #0x10804b9 (android:drawable/list_selector_disabled_holo_light) that varies with configuration!!
12-12 10:29:04.559  1240  1240 W Resources: Preloaded drawable resource #0x1080490 (android:drawable/list_focused_holo) that varies with configuration!!
12-12 10:29:04.559  1240  1240 W Resources: Preloaded drawable resource #0x1080448 (android:drawable/item_background_holo_light) that varies with configuration!!
12-12 10:29:04.559  1241  1241 W Resources: Preloaded drawable resource #0x1080629 (android:drawable/spinner_focused_holo_light) that varies with configuration!!
12-12 10:29:04.559  1240  1240 W Resources: Preloaded drawable resource #0x10802d1 (android:drawable/fastscroll_thumb_pressed_holo) that varies with configuration!!
12-12 10:29:04.559  1241  1241 W Resources: Preloaded drawable resource #0x108062e (android:drawable/spinner_pressed_holo_dark) that varies with configuration!!
12-12 10:29:04.560  1240  1240 W Resources: Preloaded drawable resource #0x10802ce (android:drawable/fastscroll_thumb_default_holo) that varies with configuration!!
12-12 10:29:04.560  1240  1240 W Resources: Preloaded drawable resource #0x10802cf (android:drawable/fastscroll_thumb_holo) that varies with configuration!!
12-12 10:29:04.560  1241  1241 W Resources: Preloaded drawable resource #0x1080630 (android:drawable/spinner_pressed_holo_light) that varies with configuration!!
12-12 10:29:04.560  1240  1240 W Resources: Preloaded drawable resource #0x10802d1 (android:drawable/fastscroll_thumb_pressed_holo) that varies with configuration!!
12-12 10:29:04.560  1241  1241 W Resources: Preloaded drawable resource #0x108024e (android:drawable/cab_background_bottom_holo_dark) that varies with configuration!!
12-12 10:29:04.560  1240  1240 W Resources: Preloaded drawable resource #0x10802ce (android:drawable/fastscroll_thumb_default_holo) that varies with configuration!!
12-12 10:29:04.560  1240  1240 W Resources: Preloaded drawable resource #0x10802d7 (android:drawable/fastscroll_track_pressed_holo_dark) that varies with configuration!!
12-12 10:29:04.560  1241  1241 W Resources: Preloaded drawable resource #0x1080253 (android:drawable/cab_background_top_holo_light) that varies with configuration!!
12-12 10:29:04.560  1240  1240 W Resources: Preloaded drawable resource #0x10802d2 (android:drawable/fastscroll_track_default_holo_dark) that varies with configuration!!
12-12 10:29:04.560  1240  1240 W Resources: Preloaded drawable resource #0x10802d4 (android:drawable/fastscroll_track_holo_dark) that varies with configuration!!
12-12 10:29:04.561  1240  1240 W Resources: Preloaded drawable resource #0x10802d7 (android:drawable/fastscroll_track_pressed_holo_dark) that varies with configuration!!
12-12 10:29:04.560  1241  1241 W Resources: Preloaded drawable resource #0x108024f (android:drawable/cab_background_bottom_holo_light) that varies with configuration!!
12-12 10:29:04.561  1240  1240 W Resources: Preloaded drawable resource #0x10802d2 (android:drawable/fastscroll_track_default_holo_dark) that varies with configuration!!
12-12 10:29:04.561  1241  1241 W Resources: Preloaded drawable resource #0x108030e (android:drawable/ic_cab_done_holo_dark) that varies with configuration!!
12-12 10:29:04.561  1240  1240 W Resources: Preloaded drawable resource #0x10802d8 (android:drawable/fastscroll_track_pressed_holo_light) that varies with configuration!!
12-12 10:29:04.561  1240  1240 W Resources: Preloaded drawable resource #0x10802d3 (android:drawable/fastscroll_track_default_holo_light) that varies with configuration!!
12-12 10:29:04.561  1241  1241 W Resources: Preloaded drawable resource #0x1080252 (android:drawable/cab_background_top_holo_dark) that varies with configuration!!
12-12 10:29:04.561  1240  1240 W Resources: Preloaded drawable resource #0x10802d5 (android:drawable/fastscroll_track_holo_light) that varies with configuration!!
12-12 10:29:04.561  1240  1240 W Resources: Preloaded drawable resource #0x10802d8 (android:drawable/fastscroll_track_pressed_holo_light) that varies with configuration!!
12-12 10:29:04.561  1241  1241 W Resources: Preloaded drawable resource #0x108030f (android:drawable/ic_cab_done_holo_light) that varies with configuration!!
12-12 10:29:04.561  1240  1240 W Resources: Preloaded drawable resource #0x10802d3 (android:drawable/fastscroll_track_default_holo_light) that varies with configuration!!
12-12 10:29:04.562  1241  1241 W Resources: Preloaded drawable resource #0x10800d6 (android:drawable/btn_cab_done_default_holo_dark) that varies with configuration!!
12-12 10:29:04.562  1240  1240 W Resources: Preloaded drawable resource #0x10802a9 (android:drawable/editbox_dropdown_background_dark) that varies with configuration!!
12-12 10:29:04.562  1240  1240 W Resources: Preloaded drawable resource #0x1080726 (android:drawable/textfield_search_selected_holo_dark) that varies with configuration!!
12-12 10:29:04.562  1240  1240 W Resources: Preloaded drawable resource #0x1080718 (android:drawable/textfield_search_default_holo_dark) that varies with configuration!!
12-12 10:29:04.562  1240  1240 W Resources: Preloaded drawable resource #0x1080728 (android:drawable/textfield_searchview_holo_dark) that varies with configuration!!
12-12 10:29:04.562  1240  1240 W Resources: Preloaded drawable resource #0x1080723 (android:drawable/textfield_search_right_selected_holo_dark) that varies with configuration!!
12-12 10:29:04.563  1240  1240 W Resources: Preloaded drawable resource #0x1080721 (android:drawable/textfield_search_right_default_holo_dark) that varies with configuration!!
12-12 10:29:04.563  1240  1240 W Resources: Preloaded drawable resource #0x108072a (android:drawable/textfield_searchview_right_holo_dark) that varies with configuration!!
12-12 10:29:04.563  1240  1240 W Resources: Preloaded drawable resource #0x1080727 (android:drawable/textfield_search_selected_holo_light) that varies with configuration!!
12-12 10:29:04.563  1240  1240 W Resources: Preloaded drawable resource #0x1080719 (android:drawable/textfield_search_default_holo_light) that varies with configuration!!
12-12 10:29:04.563  1240  1240 W Resources: Preloaded drawable resource #0x1080729 (android:drawable/textfield_searchview_holo_light) that varies with configuration!!
12-12 10:29:04.563  1240  1240 W Resources: Preloaded drawable resource #0x1080724 (android:drawable/textfield_search_right_selected_holo_light) that varies with configuration!!
12-12 10:29:04.563  1240  1240 W Resources: Preloaded drawable resource #0x1080722 (android:drawable/textfield_search_right_default_holo_light) that varies with configuration!!
12-12 10:29:04.563  1240  1240 W Resources: Preloaded drawable resource #0x108072b (android:drawable/textfield_searchview_right_holo_light) that varies with configuration!!
12-12 10:29:04.563  1240  1240 W Resources: Preloaded drawable resource #0x1080726 (android:drawable/textfield_search_selected_holo_dark) that varies with configuration!!
12-12 10:29:04.563  1240  1240 W Resources: Preloaded drawable resource #0x1080718 (android:drawable/textfield_search_default_holo_dark) that varies with configuration!!
12-12 10:29:04.564  1240  1240 W Resources: Preloaded drawable resource #0x1080723 (android:drawable/textfield_search_right_selected_holo_dark) that varies with configuration!!
12-12 10:29:04.564  1240  1240 W Resources: Preloaded drawable resource #0x1080721 (android:drawable/textfield_search_right_default_holo_dark) that varies with configuration!!
12-12 10:29:04.564  1240  1240 W Resources: Preloaded drawable resource #0x1080727 (android:drawable/textfield_search_selected_holo_light) that varies with configuration!!
12-12 10:29:04.564  1240  1240 W Resources: Preloaded drawable resource #0x1080719 (android:drawable/textfield_search_default_holo_light) that varies with configuration!!
12-12 10:29:04.564  1240  1240 W Resources: Preloaded drawable resource #0x1080724 (android:drawable/textfield_search_right_selected_holo_light) that varies with configuration!!
12-12 10:29:04.564  1240  1240 W Resources: Preloaded drawable resource #0x1080722 (android:drawable/textfield_search_right_default_holo_light) that varies with configuration!!
12-12 10:29:04.564  1240  1240 W Resources: Preloaded drawable resource #0x10806e3 (android:drawable/tab_unselected_holo) that varies with configuration!!
12-12 10:29:04.564  1240  1240 W Resources: Preloaded drawable resource #0x10806de (android:drawable/tab_selected_holo) that varies with configuration!!
12-12 10:29:04.564  1240  1240 W Resources: Preloaded drawable resource #0x10806e2 (android:drawable/tab_unselected_focused_holo) that varies with configuration!!
12-12 10:29:04.565  1240  1240 W Resources: Preloaded drawable resource #0x10806dd (android:drawable/tab_selected_focused_holo) that varies with configuration!!
12-12 10:29:04.565  1240  1240 W Resources: Preloaded drawable resource #0x10806e4 (android:drawable/tab_unselected_pressed_holo) that varies with configuration!!
12-12 10:29:04.565  1240  1240 W Resources: Preloaded drawable resource #0x10806df (android:drawable/tab_selected_pressed_holo) that varies with configuration!!
12-12 10:29:04.565  1240  1240 W Resources: Preloaded drawable resource #0x10806e4 (android:drawable/tab_unselected_pressed_holo) that varies with configuration!!
12-12 10:29:04.565  1240  1240 W Resources: Preloaded drawable resource #0x10806df (android:drawable/tab_selected_pressed_holo) that varies with configuration!!
12-12 10:29:04.565  1240  1240 W Resources: Preloaded drawable resource #0x10806d0 (android:drawable/tab_indicator_holo) that varies with configuration!!
12-12 10:29:04.565  1240  1240 W Resources: Preloaded drawable resource #0x10806e3 (android:drawable/tab_unselected_holo) that varies with configuration!!
12-12 10:29:04.565  1240  1240 W Resources: Preloaded drawable resource #0x10806de (android:drawable/tab_selected_holo) that varies with configuration!!
12-12 10:29:04.565  1240  1240 W Resources: Preloaded drawable resource #0x10806e2 (android:drawable/tab_unselected_focused_holo) that varies with configuration!!
12-12 10:29:04.565  1240  1240 W Resources: Preloaded drawable resource #0x10806dd (android:drawable/tab_selected_focused_holo) that varies with configuration!!
12-12 10:29:04.565  1240  1240 W Resources: Preloaded drawable resource #0x10806e4 (android:drawable/tab_unselected_pressed_holo) that varies with configuration!!
12-12 10:29:04.566  1240  1240 W Resources: Preloaded drawable resource #0x10806df (android:drawable/tab_selected_pressed_holo) that varies with configuration!!
12-12 10:29:04.566  1240  1240 W Resources: Preloaded drawable resource #0x1080590 (android:drawable/quickcontact_badge_overlay_pressed_dark) that varies with configuration!!
12-12 10:29:04.566  1240  1240 W Resources: Preloaded drawable resource #0x1080587 (android:drawable/quickcontact_badge_overlay_focused_dark) that varies with configuration!!
12-12 10:29:04.566  1240  1240 W Resources: Preloaded drawable resource #0x108058c (android:drawable/quickcontact_badge_overlay_normal_dark) that varies with configuration!!
12-12 10:29:04.566  1240  1240 W Resources: Preloaded drawable resource #0x1080586 (android:drawable/quickcontact_badge_overlay_dark) that varies with configuration!!
12-12 10:29:04.567  1240  1240 W Resources: Preloaded drawable resource #0x108058c (android:drawable/quickcontact_badge_overlay_normal_dark) that varies with configuration!!
12-12 10:29:04.567  1240  1240 W Resources: Preloaded drawable resource #0x1080590 (android:drawable/quickcontact_badge_overlay_pressed_dark) that varies with configuration!!
12-12 10:29:04.567  1240  1240 W Resources: Preloaded drawable resource #0x1080592 (android:drawable/quickcontact_badge_overlay_pressed_light) that varies with configuration!!
12-12 10:29:04.568  1240  1240 W Resources: Preloaded drawable resource #0x1080589 (android:drawable/quickcontact_badge_overlay_focused_light) that varies with configuration!!
12-12 10:29:04.568  1240  1240 W Resources: Preloaded drawable resource #0x108058e (android:drawable/quickcontact_badge_overlay_normal_light) that varies with configuration!!
12-12 10:29:04.568  1240  1240 W Resources: Preloaded drawable resource #0x108058b (android:drawable/quickcontact_badge_overlay_light) that varies with configuration!!
12-12 10:29:04.568  1240  1240 W Resources: Preloaded drawable resource #0x108058e (android:drawable/quickcontact_badge_overlay_normal_light) that varies with configuration!!
12-12 10:29:04.569  1241  1241 W Resources: Preloaded drawable resource #0x10800d9 (android:drawable/btn_cab_done_focused_holo_light) that varies with configuration!!
12-12 10:29:04.569  1241  1241 W Resources: Preloaded drawable resource #0x10800d7 (android:drawable/btn_cab_done_default_holo_light) that varies with configuration!!
12-12 10:29:04.569  1241  1241 W Resources: Preloaded drawable resource #0x10800dc (android:drawable/btn_cab_done_pressed_holo_dark) that varies with configuration!!
12-12 10:29:04.569  1241  1241 W Resources: Preloaded drawable resource #0x10800d8 (android:drawable/btn_cab_done_focused_holo_dark) that varies with configuration!!
12-12 10:29:04.570  1241  1241 W Resources: Preloaded drawable resource #0x10800dd (android:drawable/btn_cab_done_pressed_holo_light) that varies with configuration!!
12-12 10:29:04.570  1241  1241 W Resources: Preloaded drawable resource #0x1080498 (android:drawable/list_pressed_holo_light) that varies with configuration!!
12-12 10:29:04.570  1241  1241 W Resources: Preloaded drawable resource #0x10800d9 (android:drawable/btn_cab_done_focused_holo_light) that varies with configuration!!
12-12 10:29:04.571  1241  1241 W Resources: Preloaded drawable resource #0x10800d7 (android:drawable/btn_cab_done_default_holo_light) that varies with configuration!!
12-12 10:29:04.571  1241  1241 W Resources: Preloaded drawable resource #0x10800db (android:drawable/btn_cab_done_holo_light) that varies with configuration!!
12-12 10:29:04.571  1241  1241 W Resources: Preloaded drawable resource #0x1080497 (android:drawable/list_pressed_holo_dark) that varies with configuration!!
12-12 10:29:04.571  1241  1241 W Resources: Preloaded drawable resource #0x10800d8 (android:drawable/btn_cab_done_focused_holo_dark) that varies with configuration!!
12-12 10:29:04.571  1241  1241 W Resources: Preloaded drawable resource #0x10800d6 (android:drawable/btn_cab_done_default_holo_dark) that varies with configuration!!
12-12 10:29:04.571  1241  1241 W Resources: Preloaded drawable resource #0x10800da (android:drawable/btn_cab_done_holo_dark) that varies with configuration!!
12-12 10:29:04.572  1241  1241 W Resources: Preloaded drawable resource #0x1080038 (android:drawable/ic_menu_close_clear_cancel) that varies with configuration!!
12-12 10:29:04.572  1241  1241 W Resources: Preloaded drawable resource #0x10803bb (android:drawable/ic_menu_copy_holo_dark) that varies with configuration!!
12-12 10:29:04.572  1241  1241 W Resources: Preloaded drawable resource #0x10803bc (android:drawable/ic_menu_copy_holo_light) that varies with configuration!!
12-12 10:29:04.573  1241  1241 W Resources: Preloaded drawable resource #0x10803bf (android:drawable/ic_menu_cut_holo_dark) that varies with configuration!!
12-12 10:29:04.573  1241  1241 W Resources: Preloaded drawable resource #0x10803c0 (android:drawable/ic_menu_cut_holo_light) that varies with configuration!!
12-12 10:29:04.573  1241  1241 W Resources: Preloaded drawable resource #0x1080045 (android:drawable/ic_menu_more) that varies with configuration!!
12-12 10:29:04.573  1241  1241 W Resources: Preloaded drawable resource #0x10803d9 (android:drawable/ic_menu_moreoverflow_normal_holo_dark) that varies with configuration!!
12-12 10:29:04.573  1241  1241 W Resources: Preloaded drawable resource #0x10803d4 (android:drawable/ic_menu_moreoverflow_holo_dark) that varies with configuration!!
12-12 10:29:04.574  1241  1241 W Resources: Preloaded drawable resource #0x10803da (android:drawable/ic_menu_moreoverflow_normal_holo_light) that varies with configuration!!
12-12 10:29:04.574  1241  1241 W Resources: Preloaded drawable resource #0x10803d5 (android:drawable/ic_menu_moreoverflow_holo_light) that varies with configuration!!
12-12 10:29:04.574  1241  1241 W Resources: Preloaded drawable resource #0x10803dd (android:drawable/ic_menu_paste_holo_dark) that varies with configuration!!
12-12 10:29:04.574  1241  1241 W Resources: Preloaded drawable resource #0x10803de (android:drawable/ic_menu_paste_holo_light) that varies with configuration!!
12-12 10:29:04.575  1241  1241 W Resources: Preloaded drawable resource #0x10803e7 (android:drawable/ic_menu_selectall_holo_light) that varies with configuration!!
12-12 10:29:04.575  1241  1241 W Resources: Preloaded drawable resource #0x10803e6 (android:drawable/ic_menu_selectall_holo_dark) that varies with configuration!!
12-12 10:29:04.575  1241  1241 W Resources: Preloaded drawable resource #0x108031a (android:drawable/ic_clear_disabled) that varies with configuration!!
12-12 10:29:04.575  1241  1241 W Resources: Preloaded drawable resource #0x108031f (android:drawable/ic_clear_normal) that varies with configuration!!
12-12 10:29:04.575  1241  1241 W Resources: Preloaded drawable resource #0x1080319 (android:drawable/ic_clear) that varies with configuration!!
12-12 10:29:04.576  1241  1241 W Resources: Preloaded drawable resource #0x108031a (android:drawable/ic_clear_disabled) that varies with configuration!!
12-12 10:29:04.576  1241  1241 W Resources: Preloaded drawable resource #0x108031f (android:drawable/ic_clear_normal) that varies with configuration!!
12-12 10:29:04.576  1241  1241 W Resources: Preloaded drawable resource #0x1080419 (android:drawable/ic_search_api_holo_dark) that varies with configuration!!
12-12 10:29:04.576  1240  1240 W Resources: Preloaded drawable resource #0x1080592 (android:drawable/quickcontact_badge_overlay_pressed_light) that varies with configuration!!
12-12 10:29:04.576  1241  1241 W Resources: Preloaded drawable resource #0x108041a (android:drawable/ic_search_api_holo_light) that varies with configuration!!
12-12 10:29:04.577  1241  1241 W Resources: Preloaded drawable resource #0x108034b (android:drawable/ic_go) that varies with configuration!!
12-12 10:29:04.577  1240  1240 W Resources: Preloaded drawable resource #0x10800b5 (android:drawable/ab_share_pack_material) that varies with configuration!!
12-12 10:29:04.577  1241  1241 W Resources: Preloaded drawable resource #0x1080431 (android:drawable/ic_voice_search_api_holo_dark) that varies with configuration!!
12-12 10:29:04.577  1241  1241 W Resources: Preloaded drawable resource #0x1080432 (android:drawable/ic_voice_search_api_holo_light) that varies with configuration!!
12-12 10:29:04.577  1240  1240 W Resources: Preloaded drawable resource #0x10800ba (android:drawable/ab_solid_shadow_material) that varies with configuration!!
12-12 10:29:04.578  1241  1241 W Resources: Preloaded drawable resource #0x108026e (android:drawable/dialog_bottom_holo_dark) that varies with configuration!!
12-12 10:29:04.579  1241  1241 W Resources: Preloaded drawable resource #0x108026f (android:drawable/dialog_bottom_holo_light) that varies with configuration!!
12-12 10:29:04.580  1241  1241 W Resources: Preloaded drawable resource #0x108027c (android:drawable/dialog_middle_holo_dark) that varies with configuration!!
12-12 10:29:04.581  1241  1241 W Resources: Preloaded drawable resource #0x108027d (android:drawable/dialog_middle_holo_light) that varies with configuration!!
12-12 10:29:04.581  1241  1241 W Resources: Preloaded drawable resource #0x108027e (android:drawable/dialog_top_holo_dark) that varies with configuration!!
12-12 10:29:04.582  1241  1241 W Resources: Preloaded drawable resource #0x108027f (android:drawable/dialog_top_holo_light) that varies with configuration!!
12-12 10:29:04.582  1241  1241 W Resources: Preloaded drawable resource #0x1080336 (android:drawable/ic_dialog_alert_holo_dark) that varies with configuration!!
12-12 10:29:04.582  1241  1241 W Resources: Preloaded drawable resource #0x1080337 (android:drawable/ic_dialog_alert_holo_light) that varies with configuration!!
12-12 10:29:04.583  1241  1241 W Resources: Preloaded drawable resource #0x108048c (android:drawable/list_divider_holo_dark) that varies with configuration!!
12-12 10:29:04.583  1241  1241 W Resources: Preloaded drawable resource #0x108048d (android:drawable/list_divider_holo_light) that varies with configuration!!
12-12 10:29:04.583  1241  1241 W Resources: Preloaded drawable resource #0x108048d (android:drawable/list_divider_holo_light) that varies with configuration!!
12-12 10:29:04.583  1241  1241 W Resources: Preloaded drawable resource #0x10800c1 (android:drawable/ab_transparent_dark_holo) that varies with configuration!!
12-12 10:29:04.584  1241  1241 W Resources: Preloaded drawable resource #0x10800bf (android:drawable/ab_stacked_transparent_dark_holo) that varies with configuration!!
12-12 10:29:04.584  1241  1241 W Resources: Preloaded drawable resource #0x10800a1 (android:drawable/ab_bottom_transparent_dark_holo) that varies with configuration!!
12-12 10:29:04.584  1241  1241 W Resources: Preloaded drawable resource #0x10800b7 (android:drawable/ab_solid_dark_holo) that varies with configuration!!
12-12 10:29:04.585  1241  1241 W Resources: Preloaded drawable resource #0x10800bc (android:drawable/ab_stacked_solid_dark_holo) that varies with configuration!!
12-12 10:29:04.585  1241  1241 W Resources: Preloaded drawable resource #0x108009e (android:drawable/ab_bottom_solid_dark_holo) that varies with configuration!!
12-12 10:29:04.585  1241  1241 W Resources: Preloaded drawable resource #0x10800c2 (android:drawable/ab_transparent_light_holo) that varies with configuration!!
12-12 10:29:04.586  1241  1241 W Resources: Preloaded drawable resource #0x10800c0 (android:drawable/ab_stacked_transparent_light_holo) that varies with configuration!!
12-12 10:29:04.586  1241  1241 W Resources: Preloaded drawable resource #0x10800a2 (android:drawable/ab_bottom_transparent_light_holo) that varies with configuration!!
12-12 10:29:04.586  1241  1241 W Resources: Preloaded drawable resource #0x10800b8 (android:drawable/ab_solid_light_holo) that varies with configuration!!
12-12 10:29:04.586  1241  1241 W Resources: Preloaded drawable resource #0x10800be (android:drawable/ab_stacked_solid_light_holo) that varies with configuration!!
12-12 10:29:04.586  1241  1241 W Resources: Preloaded drawable resource #0x10800a0 (android:drawable/ab_bottom_solid_light_holo) that varies with configuration!!
12-12 10:29:04.587  1241  1241 W Resources: Preloaded drawable resource #0x10800b9 (android:drawable/ab_solid_shadow_holo) that varies with configuration!!
12-12 10:29:04.587  1241  1241 W Resources: Preloaded drawable resource #0x10804b8 (android:drawable/list_selector_disabled_holo_dark) that varies with configuration!!
12-12 10:29:04.587  1241  1241 W Resources: Preloaded drawable resource #0x10804b8 (android:drawable/list_selector_disabled_holo_dark) that varies with configuration!!
12-12 10:29:04.587  1241  1241 W Resources: Preloaded drawable resource #0x1080490 (android:drawable/list_focused_holo) that varies with configuration!!
12-12 10:29:04.587  1241  1241 W Resources: Preloaded drawable resource #0x1080447 (android:drawable/item_background_holo_dark) that varies with configuration!!
12-12 10:29:04.588  1241  1241 W Resources: Preloaded drawable resource #0x10804b9 (android:drawable/list_selector_disabled_holo_light) that varies with configuration!!
12-12 10:29:04.588  1241  1241 W Resources: Preloaded drawable resource #0x10804b9 (android:drawable/list_selector_disabled_holo_light) that varies with configuration!!
12-12 10:29:04.588  1241  1241 W Resources: Preloaded drawable resource #0x1080490 (android:drawable/list_focused_holo) that varies with configuration!!
12-12 10:29:04.588  1241  1241 W Resources: Preloaded drawable resource #0x1080448 (android:drawable/item_background_holo_light) that varies with configuration!!
12-12 10:29:04.589  1241  1241 W Resources: Preloaded drawable resource #0x10802d1 (android:drawable/fastscroll_thumb_pressed_holo) that varies with configuration!!
12-12 10:29:04.589  1241  1241 W Resources: Preloaded drawable resource #0x10802ce (android:drawable/fastscroll_thumb_default_holo) that varies with configuration!!
12-12 10:29:04.589  1241  1241 W Resources: Preloaded drawable resource #0x10802cf (android:drawable/fastscroll_thumb_holo) that varies with configuration!!
12-12 10:29:04.589  1241  1241 W Resources: Preloaded drawable resource #0x10802d1 (android:drawable/fastscroll_thumb_pressed_holo) that varies with configuration!!
12-12 10:29:04.589  1241  1241 W Resources: Preloaded drawable resource #0x10802ce (android:drawable/fastscroll_thumb_default_holo) that varies with configuration!!
12-12 10:29:04.590  1241  1241 W Resources: Preloaded drawable resource #0x10802d7 (android:drawable/fastscroll_track_pressed_holo_dark) that varies with configuration!!
12-12 10:29:04.590  1241  1241 W Resources: Preloaded drawable resource #0x10802d2 (android:drawable/fastscroll_track_default_holo_dark) that varies with configuration!!
12-12 10:29:04.590  1241  1241 W Resources: Preloaded drawable resource #0x10802d4 (android:drawable/fastscroll_track_holo_dark) that varies with configuration!!
12-12 10:29:04.590  1241  1241 W Resources: Preloaded drawable resource #0x10802d7 (android:drawable/fastscroll_track_pressed_holo_dark) that varies with configuration!!
12-12 10:29:04.590  1241  1241 W Resources: Preloaded drawable resource #0x10802d2 (android:drawable/fastscroll_track_default_holo_dark) that varies with configuration!!
12-12 10:29:04.590  1241  1241 W Resources: Preloaded drawable resource #0x10802d8 (android:drawable/fastscroll_track_pressed_holo_light) that varies with configuration!!
12-12 10:29:04.590  1241  1241 W Resources: Preloaded drawable resource #0x10802d3 (android:drawable/fastscroll_track_default_holo_light) that varies with configuration!!
12-12 10:29:04.590  1241  1241 W Resources: Preloaded drawable resource #0x10802d5 (android:drawable/fastscroll_track_holo_light) that varies with configuration!!
12-12 10:29:04.591  1241  1241 W Resources: Preloaded drawable resource #0x10802d8 (android:drawable/fastscroll_track_pressed_holo_light) that varies with configuration!!
12-12 10:29:04.591  1241  1241 W Resources: Preloaded drawable resource #0x10802d3 (android:drawable/fastscroll_track_default_holo_light) that varies with configuration!!
12-12 10:29:04.591  1241  1241 W Resources: Preloaded drawable resource #0x10802a9 (android:drawable/editbox_dropdown_background_dark) that varies with configuration!!
12-12 10:29:04.591  1241  1241 W Resources: Preloaded drawable resource #0x1080726 (android:drawable/textfield_search_selected_holo_dark) that varies with configuration!!
12-12 10:29:04.591  1241  1241 W Resources: Preloaded drawable resource #0x1080718 (android:drawable/textfield_search_default_holo_dark) that varies with configuration!!
12-12 10:29:04.591  1241  1241 W Resources: Preloaded drawable resource #0x1080728 (android:drawable/textfield_searchview_holo_dark) that varies with configuration!!
12-12 10:29:04.591  1241  1241 W Resources: Preloaded drawable resource #0x1080723 (android:drawable/textfield_search_right_selected_holo_dark) that varies with configuration!!
12-12 10:29:04.592  1241  1241 W Resources: Preloaded drawable resource #0x1080721 (android:drawable/textfield_search_right_default_holo_dark) that varies with configuration!!
12-12 10:29:04.592  1241  1241 W Resources: Preloaded drawable resource #0x108072a (android:drawable/textfield_searchview_right_holo_dark) that varies with configuration!!
12-12 10:29:04.592  1241  1241 W Resources: Preloaded drawable resource #0x1080727 (android:drawable/textfield_search_selected_holo_light) that varies with configuration!!
12-12 10:29:04.592  1241  1241 W Resources: Preloaded drawable resource #0x1080719 (android:drawable/textfield_search_default_holo_light) that varies with configuration!!
12-12 10:29:04.592  1241  1241 W Resources: Preloaded drawable resource #0x1080729 (android:drawable/textfield_searchview_holo_light) that varies with configuration!!
12-12 10:29:04.600  1240  1240 W Resources: Preloaded drawable resource #0x1080181 (android:drawable/btn_radio_material_anim) that varies with configuration!!
12-12 10:29:04.600  1240  1240 W Resources: Preloaded drawable resource #0x10801f5 (android:drawable/btn_star_material) that varies with configuration!!
12-12 10:29:04.601  1240  1240 W Resources: Preloaded drawable resource #0x1080250 (android:drawable/cab_background_bottom_material) that varies with configuration!!
12-12 10:29:04.601  1240  1240 W Resources: Preloaded drawable resource #0x1080254 (android:drawable/cab_background_top_material) that varies with configuration!!
12-12 10:29:04.601  1241  1241 W Resources: Preloaded drawable resource #0x1080724 (android:drawable/textfield_search_right_selected_holo_light) that varies with configuration!!
12-12 10:29:04.602  1241  1241 W Resources: Preloaded drawable resource #0x1080722 (android:drawable/textfield_search_right_default_holo_light) that varies with configuration!!
12-12 10:29:04.602  1241  1241 W Resources: Preloaded drawable resource #0x108072b (android:drawable/textfield_searchview_right_holo_light) that varies with configuration!!
12-12 10:29:04.602  1241  1241 W Resources: Preloaded drawable resource #0x1080726 (android:drawable/textfield_search_selected_holo_dark) that varies with configuration!!
12-12 10:29:04.602  1240  1240 W Resources: Preloaded drawable resource #0x10802a6 (android:drawable/edit_text_material) that varies with configuration!!
12-12 10:29:04.602  1241  1241 W Resources: Preloaded drawable resource #0x1080718 (android:drawable/textfield_search_default_holo_dark) that varies with configuration!!
12-12 10:29:04.602  1241  1241 W Resources: Preloaded drawable resource #0x1080723 (android:drawable/textfield_search_right_selected_holo_dark) that varies with configuration!!
12-12 10:29:04.602  1241  1241 W Resources: Preloaded drawable resource #0x1080721 (android:drawable/textfield_search_right_default_holo_dark) that varies with configuration!!
12-12 10:29:04.603  1241  1241 W Resources: Preloaded drawable resource #0x1080727 (android:drawable/textfield_search_selected_holo_light) that varies with configuration!!
12-12 10:29:04.603  1241  1241 W Resources: Preloaded drawable resource #0x1080719 (android:drawable/textfield_search_default_holo_light) that varies with configuration!!
12-12 10:29:04.603  1241  1241 W Resources: Preloaded drawable resource #0x1080724 (android:drawable/textfield_search_right_selected_holo_light) that varies with configuration!!
12-12 10:29:04.603  1240  1240 W Resources: Preloaded drawable resource #0x10802c2 (android:drawable/expander_group_material) that varies with configuration!!
12-12 10:29:04.603  1241  1241 W Resources: Preloaded drawable resource #0x1080722 (android:drawable/textfield_search_right_default_holo_light) that varies with configuration!!
12-12 10:29:04.603  1241  1241 W Resources: Preloaded drawable resource #0x10806e3 (android:drawable/tab_unselected_holo) that varies with configuration!!
12-12 10:29:04.604  1241  1241 W Resources: Preloaded drawable resource #0x10806de (android:drawable/tab_selected_holo) that varies with configuration!!
12-12 10:29:04.604  1241  1241 W Resources: Preloaded drawable resource #0x10806e2 (android:drawable/tab_unselected_focused_holo) that varies with configuration!!
12-12 10:29:04.604  1241  1241 W Resources: Preloaded drawable resource #0x10806dd (android:drawable/tab_selected_focused_holo) that varies with configuration!!
12-12 10:29:04.604  1241  1241 W Resources: Preloaded drawable resource #0x10806e4 (android:drawable/tab_unselected_pressed_holo) that varies with configuration!!
12-12 10:29:04.604  1241  1241 W Resources: Preloaded drawable resource #0x10806df (android:drawable/tab_selected_pressed_holo) that varies with configuration!!
12-12 10:29:04.605  1241  1241 W Resources: Preloaded drawable resource #0x10806e4 (android:drawable/tab_unselected_pressed_holo) that varies with configuration!!
12-12 10:29:04.605  1241  1241 W Resources: Preloaded drawable resource #0x10806df (android:drawable/tab_selected_pressed_holo) that varies with configuration!!
12-12 10:29:04.605  1241  1241 W Resources: Preloaded drawable resource #0x10806d0 (android:drawable/tab_indicator_holo) that varies with configuration!!
12-12 10:29:04.605  1240  1240 W Resources: Preloaded drawable resource #0x1080329 (android:drawable/ic_commit_search_api_material) that varies with configuration!!
12-12 10:29:04.605  1241  1241 W Resources: Preloaded drawable resource #0x10806e3 (android:drawable/tab_unselected_holo) that varies with configuration!!
12-12 10:29:04.605  1241  1241 W Resources: Preloaded drawable resource #0x10806de (android:drawable/tab_selected_holo) that varies with configuration!!
12-12 10:29:04.605  1241  1241 W Resources: Preloaded drawable resource #0x10806e2 (android:drawable/tab_unselected_focused_holo) that varies with configuration!!
12-12 10:29:04.606  1241  1241 W Resources: Preloaded drawable resource #0x10806dd (android:drawable/tab_selected_focused_holo) that varies with configuration!!
12-12 10:29:04.606  1241  1241 W Resources: Preloaded drawable resource #0x10806e4 (android:drawable/tab_unselected_pressed_holo) that varies with configuration!!
12-12 10:29:04.606  1241  1241 W Resources: Preloaded drawable resource #0x10806df (android:drawable/tab_selected_pressed_holo) that varies with configuration!!
12-12 10:29:04.606  1240  1240 W Resources: Preloaded drawable resource #0x1080343 (android:drawable/ic_find_next_material) that varies with configuration!!
12-12 10:29:04.606  1241  1241 W Resources: Preloaded drawable resource #0x1080590 (android:drawable/quickcontact_badge_overlay_pressed_dark) that varies with configuration!!
12-12 10:29:04.607  1240  1240 W Resources: Preloaded drawable resource #0x1080347 (android:drawable/ic_find_previous_material) that varies with configuration!!
12-12 10:29:04.607  1241  1241 W Resources: Preloaded drawable resource #0x1080587 (android:drawable/quickcontact_badge_overlay_focused_dark) that varies with configuration!!
12-12 10:29:04.607  1241  1241 W Resources: Preloaded drawable resource #0x108058c (android:drawable/quickcontact_badge_overlay_normal_dark) that varies with configuration!!
12-12 10:29:04.607  1241  1241 W Resources: Preloaded drawable resource #0x1080586 (android:drawable/quickcontact_badge_overlay_dark) that varies with configuration!!
12-12 10:29:04.608  1241  1241 W Resources: Preloaded drawable resource #0x108058c (android:drawable/quickcontact_badge_overlay_normal_dark) that varies with configuration!!
12-12 10:29:04.608  1241  1241 W Resources: Preloaded drawable resource #0x1080590 (android:drawable/quickcontact_badge_overlay_pressed_dark) that varies with configuration!!
12-12 10:29:04.608  1241  1241 W Resources: Preloaded drawable resource #0x1080592 (android:drawable/quickcontact_badge_overlay_pressed_light) that varies with configuration!!
12-12 10:29:04.609  1241  1241 W Resources: Preloaded drawable resource #0x1080589 (android:drawable/quickcontact_badge_overlay_focused_light) that varies with configuration!!
12-12 10:29:04.609  1241  1241 W Resources: Preloaded drawable resource #0x108058e (android:drawable/quickcontact_badge_overlay_normal_light) that varies with configuration!!
12-12 10:29:04.609  1241  1241 W Resources: Preloaded drawable resource #0x108058b (android:drawable/quickcontact_badge_overlay_light) that varies with configuration!!
12-12 10:29:04.610  1240  1240 W Resources: Preloaded drawable resource #0x1080395 (android:drawable/ic_media_route_connecting_material) that varies with configuration!!
12-12 10:29:04.611  1240  1240 W Resources: Preloaded drawable resource #0x1080395 (android:drawable/ic_media_route_connecting_material) that varies with configuration!!
12-12 10:29:04.614  1241  1241 W Resources: Preloaded drawable resource #0x108058e (android:drawable/quickcontact_badge_overlay_normal_light) that varies with configuration!!
12-12 10:29:04.614  1241  1241 W Resources: Preloaded drawable resource #0x1080592 (android:drawable/quickcontact_badge_overlay_pressed_light) that varies with configuration!!
12-12 10:29:04.614  1240  1240 W Resources: Preloaded drawable resource #0x108039b (android:drawable/ic_media_route_material) that varies with configuration!!
12-12 10:29:04.614  1241  1241 W Resources: Preloaded drawable resource #0x10800b5 (android:drawable/ab_share_pack_material) that varies with configuration!!
12-12 10:29:04.615  1240  1240 W Resources: Preloaded drawable resource #0x10803c7 (android:drawable/ic_menu_find_material) that varies with configuration!!
12-12 10:29:04.615  1240  1240 W Resources: Preloaded drawable resource #0x10803e4 (android:drawable/ic_menu_search_material) that varies with configuration!!
12-12 10:29:04.617  1240  1240 W Resources: Preloaded drawable resource #0x108049b (android:drawable/list_section_divider_material) that varies with configuration!!
12-12 10:29:04.626  1241  1241 W Resources: Preloaded drawable resource #0x10800ba (android:drawable/ab_solid_shadow_material) that varies with configuration!!
12-12 10:29:04.631  1240  1240 W Resources: Preloaded drawable resource #0x10805bf (android:drawable/ratingbar_material) that varies with configuration!!
12-12 10:29:04.633  1240  1240 W Resources: Preloaded drawable resource #0x10805c3 (android:drawable/ratingbar_small_material) that varies with configuration!!
12-12 10:29:04.647  1241  1241 W Resources: Preloaded drawable resource #0x1080181 (android:drawable/btn_radio_material_anim) that varies with configuration!!
12-12 10:29:04.647  1241  1241 W Resources: Preloaded drawable resource #0x10801f5 (android:drawable/btn_star_material) that varies with configuration!!
12-12 10:29:04.648  1241  1241 W Resources: Preloaded drawable resource #0x1080250 (android:drawable/cab_background_bottom_material) that varies with configuration!!
12-12 10:29:04.648  1241  1241 W Resources: Preloaded drawable resource #0x1080254 (android:drawable/cab_background_top_material) that varies with configuration!!
12-12 10:29:04.649  1241  1241 W Resources: Preloaded drawable resource #0x10802a6 (android:drawable/edit_text_material) that varies with configuration!!
12-12 10:29:04.651  1241  1241 W Resources: Preloaded drawable resource #0x10802c2 (android:drawable/expander_group_material) that varies with configuration!!
12-12 10:29:04.652  1240  1240 W Resources: Preloaded drawable resource #0x10805be (android:drawable/ratingbar_indicator_material) that varies with configuration!!
12-12 10:29:04.655  1241  1241 W Resources: Preloaded drawable resource #0x1080329 (android:drawable/ic_commit_search_api_material) that varies with configuration!!
12-12 10:29:04.656  1241  1241 W Resources: Preloaded drawable resource #0x1080343 (android:drawable/ic_find_next_material) that varies with configuration!!
12-12 10:29:04.656  1240  1240 W Resources: Preloaded drawable resource #0x10802a6 (android:drawable/edit_text_material) that varies with configuration!!
12-12 10:29:04.656  1240  1240 W Resources: Preloaded drawable resource #0x1080633 (android:drawable/spinner_textfield_background_material) that varies with configuration!!
12-12 10:29:04.656  1241  1241 W Resources: Preloaded drawable resource #0x1080347 (android:drawable/ic_find_previous_material) that varies with configuration!!
12-12 10:29:04.666  1241  1241 W Resources: Preloaded drawable resource #0x1080395 (android:drawable/ic_media_route_connecting_material) that varies with configuration!!
12-12 10:29:04.668  1241  1241 W Resources: Preloaded drawable resource #0x1080395 (android:drawable/ic_media_route_connecting_material) that varies with configuration!!
12-12 10:29:04.669  1241  1241 W Resources: Preloaded drawable resource #0x108039b (android:drawable/ic_media_route_material) that varies with configuration!!
12-12 10:29:04.670  1241  1241 W Resources: Preloaded drawable resource #0x10803c7 (android:drawable/ic_menu_find_material) that varies with configuration!!
12-12 10:29:04.671  1241  1241 W Resources: Preloaded drawable resource #0x10803e4 (android:drawable/ic_menu_search_material) that varies with configuration!!
12-12 10:29:04.674  1241  1241 W Resources: Preloaded drawable resource #0x108049b (android:drawable/list_section_divider_material) that varies with configuration!!
12-12 10:29:04.677  1240  1240 W Resources: Preloaded drawable resource #0x10806a3 (android:drawable/switch_thumb_material_anim) that varies with configuration!!
12-12 10:29:04.677  1241  1241 W Resources: Preloaded drawable resource #0x10805bf (android:drawable/ratingbar_material) that varies with configuration!!
12-12 10:29:04.678  1240  1240 W Resources: Preloaded drawable resource #0x108071f (android:drawable/textfield_search_material) that varies with configuration!!
12-12 10:29:04.678  1241  1241 W Resources: Preloaded drawable resource #0x10805c3 (android:drawable/ratingbar_small_material) that varies with configuration!!
12-12 10:29:04.678  1240  1240 W Resources: Preloaded drawable resource #0x10806ed (android:drawable/text_select_handle_left_material) that varies with configuration!!
12-12 10:29:04.679  1240  1240 W Resources: Preloaded drawable resource #0x10806f0 (android:drawable/text_select_handle_middle_material) that varies with configuration!!
12-12 10:29:04.679  1240  1240 W Resources: Preloaded drawable resource #0x10806f3 (android:drawable/text_select_handle_right_material) that varies with configuration!!
12-12 10:29:04.679  1241  1241 W Resources: Preloaded drawable resource #0x10805be (android:drawable/ratingbar_indicator_material) that varies with configuration!!
12-12 10:29:04.679  1240  1240 I Zygote  : ...preloaded 342 resources in 366ms.
12-12 10:29:04.682  1240  1240 I Zygote  : ...preloaded 41 resources in 2ms.
12-12 10:29:04.682  1241  1241 W Resources: Preloaded drawable resource #0x10802a6 (android:drawable/edit_text_material) that varies with configuration!!
12-12 10:29:04.682  1240  1240 D libEGL  : Emulator has host GPU support, qemu.gles is set to 1.
12-12 10:29:04.682  1241  1241 W Resources: Preloaded drawable resource #0x1080633 (android:drawable/spinner_textfield_background_material) that varies with configuration!!
12-12 10:29:04.686  1240  1240 E libEGL  : load_driver(/system/lib64/egl/libGLES_emulation.so): dlopen failed: library "/system/lib64/egl/libGLES_emulation.so" not found
12-12 10:29:04.686  1240  1240 D libEGL  : loaded /system/lib64/egl/libEGL_emulation.so
12-12 10:29:04.687  1240  1240 D libEGL  : loaded /system/lib64/egl/libGLESv1_CM_emulation.so
12-12 10:29:04.691  1240  1240 D libEGL  : loaded /system/lib64/egl/libGLESv2_emulation.so
12-12 10:29:04.680  1240  1240 W main    : type=1400 audit(0.0:6): avc: denied { write } for name="property_service" dev="tmpfs" ino=2961 scontext=u:r:zygote:s0 tcontext=u:object_r:property_socket:s0 tclass=sock_file permissive=0
12-12 10:29:04.696  1241  1241 W Resources: Preloaded drawable resource #0x10806a3 (android:drawable/switch_thumb_material_anim) that varies with configuration!!
12-12 10:29:04.697  1241  1241 W Resources: Preloaded drawable resource #0x108071f (android:drawable/textfield_search_material) that varies with configuration!!
12-12 10:29:04.697  1241  1241 W Resources: Preloaded drawable resource #0x10806ed (android:drawable/text_select_handle_left_material) that varies with configuration!!
12-12 10:29:04.697  1241  1241 W Resources: Preloaded drawable resource #0x10806f0 (android:drawable/text_select_handle_middle_material) that varies with configuration!!
12-12 10:29:04.698  1241  1241 W Resources: Preloaded drawable resource #0x10806f3 (android:drawable/text_select_handle_right_material) that varies with configuration!!
12-12 10:29:04.698  1241  1241 I Zygote  : ...preloaded 342 resources in 396ms.
12-12 10:29:04.699  1241  1241 I Zygote  : ...preloaded 41 resources in 1ms.
12-12 10:29:04.703  1240  1240 I Zygote  : Preloading shared libraries...
12-12 10:29:04.705  1241  1241 D libEGL  : Emulator has host GPU support, qemu.gles is set to 1.
12-12 10:29:04.705  1241  1241 E libEGL  : load_driver(/system/lib/egl/libGLES_emulation.so): dlopen failed: library "/system/lib/egl/libGLES_emulation.so" not found
12-12 10:29:04.700  1241  1241 W main    : type=1400 audit(0.0:7): avc: denied { write } for name="property_service" dev="tmpfs" ino=2961 scontext=u:r:zygote:s0 tcontext=u:object_r:property_socket:s0 tclass=sock_file permissive=0
12-12 10:29:04.711  1240  1240 E Hyphenator: error loading hyphenation /system/usr/hyphen-data/hyph-en-us.pat.txt
12-12 10:29:04.711  1240  1240 E Hyphenator: java.io.FileNotFoundException: /system/usr/hyphen-data/hyph-en-us.pat.txt: open failed: ENOENT (No such file or directory)
12-12 10:29:04.711  1240  1240 E Hyphenator: 	at libcore.io.IoBridge.open(IoBridge.java:452)
12-12 10:29:04.711  1240  1240 E Hyphenator: 	at libcore.io.IoUtils$FileReader.<init>(IoUtils.java:207)
12-12 10:29:04.711  1240  1240 E Hyphenator: 	at libcore.io.IoUtils.readFileAsString(IoUtils.java:114)
12-12 10:29:04.711  1240  1240 E Hyphenator: 	at android.text.Hyphenator.loadHyphenator(Hyphenator.java:96)
12-12 10:29:04.711  1240  1240 E Hyphenator: 	at android.text.Hyphenator.init(Hyphenator.java:154)
12-12 10:29:04.711  1240  1240 E Hyphenator: 	at com.android.internal.os.ZygoteInit.preloadTextResources(ZygoteInit.java:207)
12-12 10:29:04.711  1240  1240 E Hyphenator: 	at com.android.internal.os.ZygoteInit.preload(ZygoteInit.java:186)
12-12 10:29:04.711  1240  1240 E Hyphenator: 	at com.android.internal.os.ZygoteInit.main(ZygoteInit.java:593)
12-12 10:29:04.711  1240  1240 E Hyphenator: Caused by: android.system.ErrnoException: open failed: ENOENT (No such file or directory)
12-12 10:29:04.711  1240  1240 E Hyphenator: 	at libcore.io.Posix.open(Native Method)
12-12 10:29:04.711  1240  1240 E Hyphenator: 	at libcore.io.BlockGuardOs.open(BlockGuardOs.java:186)
12-12 10:29:04.711  1240  1240 E Hyphenator: 	at libcore.io.IoBridge.open(IoBridge.java:438)
12-12 10:29:04.711  1240  1240 E Hyphenator: 	... 7 more
12-12 10:29:04.711  1240  1240 E Hyphenator: error loading hyphenation /system/usr/hyphen-data/hyph-eu.pat.txt
12-12 10:29:04.711  1240  1240 E Hyphenator: java.io.FileNotFoundException: /system/usr/hyphen-data/hyph-eu.pat.txt: open failed: ENOENT (No such file or directory)
12-12 10:29:04.711  1240  1240 E Hyphenator: 	at libcore.io.IoBridge.open(IoBridge.java:452)
12-12 10:29:04.711  1240  1240 E Hyphenator: 	at libcore.io.IoUtils$FileReader.<init>(IoUtils.java:207)
12-12 10:29:04.711  1240  1240 E Hyphenator: 	at libcore.io.IoUtils.readFileAsString(IoUtils.java:114)
12-12 10:29:04.711  1240  1240 E Hyphenator: 	at android.text.Hyphenator.loadHyphenator(Hyphenator.java:96)
12-12 10:29:04.711  1240  1240 E Hyphenator: 	at android.text.Hyphenator.init(Hyphenator.java:154)
12-12 10:29:04.711  1240  1240 E Hyphenator: 	at com.android.internal.os.ZygoteInit.preloadTextResources(ZygoteInit.java:207)
12-12 10:29:04.711  1240  1240 E Hyphenator: 	at com.android.internal.os.ZygoteInit.preload(ZygoteInit.java:186)
12-12 10:29:04.711  1240  1240 E Hyphenator: 	at com.android.internal.os.ZygoteInit.main(ZygoteInit.java:593)
12-12 10:29:04.711  1240  1240 E Hyphenator: Caused by: android.system.ErrnoException: open failed: ENOENT (No such file or directory)
12-12 10:29:04.711  1240  1240 E Hyphenator: 	at libcore.io.Posix.open(Native Method)
12-12 10:29:04.711  1240  1240 E Hyphenator: 	at libcore.io.BlockGuardOs.open(BlockGuardOs.java:186)
12-12 10:29:04.711  1240  1240 E Hyphenator: 	at libcore.io.IoBridge.open(IoBridge.java:438)
12-12 10:29:04.711  1240  1240 E Hyphenator: 	... 7 more
