12-12 10:29:13.089  2641  2641 D AndroidRuntime: Calling main entry com.android.commands.pm.Pm
12-12 10:29:13.091  2148  2647 I MmsService: MmsConfigManager loads in background mcc/mnc: 310/260
12-12 10:29:13.093  1632  1756 D WIFI    : Registering NetworkFactory
12-12 10:29:13.093  1632  1756 D WIFI_UT : Registering NetworkFactory
12-12 10:29:13.093  1632  1760 D ConnectivityService: Got NetworkFactory Messenger for WIFI
12-12 10:29:13.093  1632  1760 D ConnectivityService: Got NetworkFactory Messenger for WIFI_UT
12-12 10:29:13.093  1632  1756 D WIFI    : got request NetworkRequest [ id=1, legacyType=-1, [ Capabilities: INTERNET&NOT_RESTRICTED&TRUSTED&NOT_VPN] ] with score 0
12-12 10:29:13.093  1632  1756 D WIFI_UT : got request NetworkRequest [ id=1, legacyType=-1, [ Capabilities: INTERNET&NOT_RESTRICTED&TRUSTED&NOT_VPN] ] with score 0
12-12 10:29:13.096  1632  2199 I Telecom : PhoneAccountRegistrar: [ComponentInfo{com.android.phone/com.android.services.telephony.TelephonyConnectionService}, [e2f7d48dd2b5ca523e7313cf4ba0f6ea830b6281], UserHandle{0}(icon: Icon(typ=BITMAP size=67x84) -> Icon(typ=BITMAP size=67x84))]
12-12 10:29:13.108  1632  1672 I ActivityManager: Start proc 2651:com.android.defcontainer/u0a3 for service com.android.defcontainer/.DefaultContainerService
12-12 10:29:13.115  1632  2199 I Telecom : : Sending phone-account intent as user
12-12 10:29:13.124  1632  2199 I Telecom : PhoneAccountRegistrar: [ComponentInfo{com.android.phone/com.android.services.telephony.TelephonyConnectionService}, [e2f7d48dd2b5ca523e7313cf4ba0f6ea830b6281], UserHandle{0}(icon: Icon(typ=BITMAP size=67x84) -> Icon(typ=BITMAP size=67x84))]
12-12 10:29:13.146  2651  2663 D DefContainer: Copying /data/local/tmp/android-debug.apk to base.apk
12-12 10:29:13.152  1632  1672 W ResourceType: Failure getting entry for 0x7f030000 (t=2 e=0) (error -75)
12-12 10:29:13.154  1632  2199 I Telecom : : Sending phone-account intent as user
12-12 10:29:13.158  2148  2148 V OtaStartupReceiver: onOtaspChanged: mOtaspMode=3
12-12 10:29:13.163  2148  2148 D TelephonyProvider: subIdString = 1 subId = 1
12-12 10:29:13.180  1238  1238 I SELinux : SELinux: Loaded file_contexts contexts from /file_contexts.
12-12 10:29:13.181  1632  1672 I PackageManager.DexOptimizer: Running dexopt (dex2oat) on: /data/app/vmdl899464003.tmp/base.apk pkg=ca.edumedia.oh000024.di isa=x86_64 vmSafeMode=false debuggable=true oatDir = /data/app/vmdl899464003.tmp/oat
12-12 10:29:13.201  1632  2487 D ConnectivityService: registerNetworkAgent NetworkAgentInfo{ ni{[type: MOBILE[LTE], state: CONNECTED/CONNECTED, reason: connected, extra: epc.tmobile.com, roaming: false, failover: false, isAvailable: true]}  network{100}  lp{{InterfaceName: eth0 LinkAddresses: [10.0.2.15/32,]  Routes: [0.0.0.0/0 -> 10.0.2.2 eth0,] DnsAddresses: [10.0.2.3,10.0.2.4,] Domains: null MTU: 1500 TcpBufferSizes: 524288,1048576,2097152,262144,524288,1048576}}  nc{[ Transports: CELLULAR Capabilities: MMS&SUPL&FOTA&IMS&CBS&IA&INTERNET&NOT_RESTRICTED&TRUSTED&NOT_VPN LinkUpBandwidth>=51200Kbps LinkDnBandwidth>=102400Kbps Specifier: <1>]}  Score{10}  everValidated{false}  lastValidated{false}  created{false} lingering{false} explicitlySelected{false} acceptUnvalidated{false} everCaptivePortalDetected{false} lastCaptivePortalDetected{false} }
12-12 10:29:13.202  1632  1760 D ConnectivityService: NetworkAgentInfo [MOBILE (LTE) - 100] EVENT_NETWORK_INFO_CHANGED, going from null to CONNECTED
12-12 10:29:13.208  1632  1760 D ConnectivityService: Adding iface eth0 to network 100
12-12 10:29:13.221  1632  2487 D ConnectivityService: setProvNotificationVisible: E visible=false networkType=0 action=com.android.internal.telephony.PROVISION0
12-12 10:29:13.221  1632  2487 D ConnectivityService: setProvNotificationVisibleIntent SIGN_IN visible=false networkType=MOBILE extraInfo=null highPriority=false
12-12 10:29:13.221  1632  1760 D ConnectivityService: Setting MTU size: eth0, 1500
12-12 10:29:13.222  1632  1760 D ConnectivityService: Adding Route [0.0.0.0/0 -> 10.0.2.2 eth0] to network 100
12-12 10:29:13.224  1632  1760 D ConnectivityService: Setting Dns servers for network 100 to [/10.0.2.3, /10.0.2.4]
12-12 10:29:13.229  1632  1760 D ConnectivityService: notifyType IP_CHANGED for NetworkAgentInfo [MOBILE (LTE) - 100]
12-12 10:29:13.231  1632  1760 D ConnectivityService: scheduleUnvalidatedPrompt 100
12-12 10:29:13.232  1632  1760 D ConnectivityService: rematching NetworkAgentInfo [MOBILE (LTE) - 100]
12-12 10:29:13.232  1632  1760 D ConnectivityService:    accepting network in place of null
12-12 10:29:13.234  1632  1760 D ConnectivityService: Switching to new default network: NetworkAgentInfo{ ni{[type: MOBILE[LTE], state: CONNECTED/CONNECTED, reason: connected, extra: epc.tmobile.com, roaming: false, failover: false, isAvailable: true]}  network{100}  lp{{InterfaceName: eth0 LinkAddresses: [10.0.2.15/32,]  Routes: [0.0.0.0/0 -> 10.0.2.2 eth0,] DnsAddresses: [10.0.2.3,10.0.2.4,] Domains: null MTU: 1500 TcpBufferSizes: 524288,1048576,2097152,262144,524288,1048576}}  nc{[ Transports: CELLULAR Capabilities: MMS&SUPL&FOTA&IMS&CBS&IA&INTERNET&NOT_RESTRICTED&TRUSTED&NOT_VPN LinkUpBandwidth>=51200Kbps LinkDnBandwidth>=102400Kbps Specifier: <1>]}  Score{10}  everValidated{false}  lastValidated{false}  created{true} lingering{false} explicitlySelected{false} acceptUnvalidated{false} everCaptivePortalDetected{false} lastCaptivePortalDetected{false} }
12-12 10:29:13.242  1632  2667 D NetworkMonitor/NetworkAgentInfo [MOBILE (LTE) - 100]: Checking http://connectivitycheck.gstatic.com/generate_204 on epc.tmobile.com, connectivitycheck.gstatic.com=172.217.1.46,2607:f8b0:4009:80f::200e
12-12 10:29:13.243  1230  1590 V IdletimerController: runCmd(/system/bin/ip6tables -w -t raw -A idletimer_raw_PREROUTING -i eth0 -j IDLETIMER --timeout 10 --label 0 --send_nl_msg 1) res_ipv4=0, res_ipv6=0
12-12 10:29:13.245  2666  2666 W dex2oat : Unexpected CPU variant for X86 using defaults: x86_64
12-12 10:29:13.248  2666  2666 I dex2oat : /system/bin/dex2oat --debuggable
12-12 10:29:13.248  2666  2666 E cutils-trace: Error opening trace file: Permission denied (13)
12-12 10:29:13.252  1230  1590 V IdletimerController: runCmd(/system/bin/ip6tables -w -t mangle -A idletimer_mangle_POSTROUTING -o eth0 -j IDLETIMER --timeout 10 --label 0 --send_nl_msg 1) res_ipv4=0, res_ipv6=0
12-12 10:29:13.257  1632  1760 D ConnectivityService: Setting tx/rx TCP buffers to 524288,1048576,2097152,262144,524288,1048576
12-12 10:29:13.260  1632  1760 D CSLegacyTypeTracker: Sending CONNECTED broadcast for type 0 NetworkAgentInfo [MOBILE (LTE) - 100] isDefaultNetwork=true
12-12 10:29:13.260  1632  1760 D ConnectivityService: sendStickyBroadcast: action=android.net.conn.CONNECTIVITY_CHANGE
12-12 10:29:13.260  1632  1760 D ConnectivityService: notifyType PRECHECK for NetworkAgentInfo [MOBILE (LTE) - 100]
12-12 10:29:13.261  1632  1662 D Tethering: MasterInitialState.processMessage what=3
12-12 10:29:13.261  1882  2367 D ConnectivityManager.CallbackHandler: CM callback handler got msg 524290
12-12 10:29:13.265  1882  2367 D ConnectivityManager.CallbackHandler: CM callback handler got msg 524289
12-12 10:29:13.294  1632  2667 D NetworkMonitor/NetworkAgentInfo [MOBILE (LTE) - 100]: isCaptivePortal: ret=204 headers={null=[HTTP/1.1 204 No Content], Content-Length=[0], Date=[Mon, 12 Dec 2016 15:29:10 GMT], X-Android-Received-Millis=[1481556553293], X-Android-Response-Source=[NETWORK 204], X-Android-Selected-Protocol=[http/1.1], X-Android-Sent-Millis=[1481556553268]}
12-12 10:29:13.295  1632  1760 D ConnectivityService: setProvNotificationVisibleIntent null visible=false networkType=MOBILE extraInfo=null highPriority=false
12-12 10:29:13.295  1632  1760 D ConnectivityService: NetworkAgentInfo [MOBILE (LTE) - 100] validation  passed
12-12 10:29:13.295  1632  1760 D ConnectivityService: rematching NetworkAgentInfo [MOBILE (LTE) - 100]
12-12 10:29:13.295  1632  1760 D ConnectivityService: notifyType CAP_CHANGED for NetworkAgentInfo [MOBILE (LTE) - 100]
12-12 10:29:13.295  1882  2367 D ConnectivityManager.CallbackHandler: CM callback handler got msg 524294
12-12 10:29:13.296  1632  1760 D ConnectivityService: sendStickyBroadcast: action=android.net.conn.INET_CONDITION_ACTION
12-12 10:29:13.388  2666  2666 I dex2oat : dex2oat took 142.821ms (threads: 2) arena alloc=18KB java alloc=270KB native alloc=1766KB free=1305KB
12-12 10:29:13.401  1632  1672 I PackageManager: Package ca.edumedia.oh000024.di codePath changed from /data/app/ca.edumedia.oh000024.di-3 to /data/app/ca.edumedia.oh000024.di-4; Retaining data and using new
12-12 10:29:13.401  1632  1672 W PackageManager: Code path for ca.edumedia.oh000024.di changing from /data/app/ca.edumedia.oh000024.di-3 to /data/app/ca.edumedia.oh000024.di-4
12-12 10:29:13.401  1632  1672 W PackageManager: Resource path for ca.edumedia.oh000024.di changing from /data/app/ca.edumedia.oh000024.di-3 to /data/app/ca.edumedia.oh000024.di-4
12-12 10:29:13.582  1632  1672 V BackupManagerService: restoreAtInstall pkg=ca.edumedia.oh000024.di token=1 restoreSet=0
12-12 10:29:13.582  1632  1672 V BackupManagerService: Finishing install immediately
12-12 10:29:13.583  1632  1672 W Settings: Setting install_non_market_apps has moved from android.provider.Settings.Global to android.provider.Settings.Secure, returning read-only value.
12-12 10:29:13.584  1632  1672 I art     : Starting a blocking GC Explicit
12-12 10:29:13.625  1632  1672 I art     : Explicit concurrent mark sweep GC freed 16024(1093KB) AllocSpace objects, 4(80KB) LOS objects, 33% free, 6MB/10MB, paused 2.566ms total 39.129ms
12-12 10:29:13.630  2641  2641 I art     : System.exit called, status: 0
12-12 10:29:13.630  2641  2641 I AndroidRuntime: VM exiting with result code 0.
12-12 10:29:13.640  1632  1733 I InputReader: Reconfiguring input devices.  changes=0x00000010
12-12 10:29:13.667  2148  2148 D CarrierServiceBindHelper: Receive action: android.intent.action.PACKAGE_ADDED
12-12 10:29:13.668  2148  2148 D CarrierServiceBindHelper: mHandler: 3
12-12 10:29:13.668  2148  2148 D CarrierConfigLoader: mHandler: 9 phoneId: 0
12-12 10:29:13.679  1632  1652 W BroadcastQueue: Skipping deliver [background] BroadcastRecord{8e7e834 u0 android.search.action.SEARCHABLES_CHANGED} to ReceiverList{eb22a1d 2163 com.android.launcher3/10007/u0 remote:a5fe2f4}: process crashing
12-12 10:29:13.679  1632  1651 W VoiceInteractionManagerService: no available voice recognition services found for user 0
12-12 10:29:13.819  2701  2701 D AndroidRuntime: >>>>>> START com.android.internal.os.RuntimeInit uid 0 <<<<<<
12-12 10:29:13.821  2701  2701 D AndroidRuntime: CheckJNI is ON
12-12 10:29:13.838  2701  2701 D ICU     : No timezone override file found: /data/misc/zoneinfo/current/icu/icu_tzdata.dat
12-12 10:29:13.885  2701  2701 E memtrack: Couldn't load memtrack module (No such file or directory)
12-12 10:29:13.885  2701  2701 E android.os.Debug: failed to load memtrack module: -2
12-12 10:29:13.885  2701  2701 I Radio-JNI: register_android_hardware_Radio DONE
12-12 10:29:13.892  2701  2701 D AndroidRuntime: Calling main entry com.android.commands.input.Input
12-12 10:29:13.897  2701  2701 I Input   : injectKeyEvent: KeyEvent { action=ACTION_DOWN, keyCode=KEYCODE_MENU, scanCode=0, metaState=0, flags=0x0, repeatCount=0, eventTime=12180, downTime=12180, deviceId=-1, source=0x101 }
12-12 10:29:13.900  2701  2701 I Input   : injectKeyEvent: KeyEvent { action=ACTION_UP, keyCode=KEYCODE_MENU, scanCode=0, metaState=0, flags=0x0, repeatCount=0, eventTime=12180, downTime=12180, deviceId=-1, source=0x101 }
12-12 10:29:13.908  2701  2701 D AndroidRuntime: Shutting down VM
12-12 10:29:14.334  2710  2710 D AndroidRuntime: >>>>>> START com.android.internal.os.RuntimeInit uid 0 <<<<<<
12-12 10:29:14.335  2710  2710 D AndroidRuntime: CheckJNI is ON
12-12 10:29:14.349  2710  2710 D ICU     : No timezone override file found: /data/misc/zoneinfo/current/icu/icu_tzdata.dat
12-12 10:29:14.378  2710  2710 E memtrack: Couldn't load memtrack module (No such file or directory)
12-12 10:29:14.378  2710  2710 E android.os.Debug: failed to load memtrack module: -2
12-12 10:29:14.379  2710  2710 I Radio-JNI: register_android_hardware_Radio DONE
12-12 10:29:14.384  2710  2710 D AndroidRuntime: Calling main entry com.android.commands.am.Am
12-12 10:29:14.389  1632  2190 I ActivityManager: START u0 {act=android.intent.action.MAIN flg=0x10000000 cmp=ca.edumedia.oh000024.di/.MainActivity} from uid 0 on display 0
12-12 10:29:14.401  1632  2190 I ActivityManager: Start proc 2719:ca.edumedia.oh000024.di/u0a55 for activity ca.edumedia.oh000024.di/.MainActivity
12-12 10:29:14.401  2719  2719 I art     : Not late-enabling -Xcheck:jni (already on)
12-12 10:29:14.429  2719  2719 W ActivityThread: Application ca.edumedia.oh000024.di can be debugged on port 8100...
12-12 10:29:14.430  2719  2719 W System  : ClassLoader referenced unknown path: /data/app/ca.edumedia.oh000024.di-4/lib/x86_64
12-12 10:29:14.433  2719  2719 I CordovaLog: Changing log level to DEBUG(3)
12-12 10:29:14.433  2719  2719 I CordovaActivity: Apache Cordova native platform version 6.0.0 is starting
12-12 10:29:14.433  2719  2719 D CordovaActivity: CordovaActivity.onCreate()
12-12 10:29:14.435  2719  2719 I WebViewFactory: Loading com.android.webview version 44.0.2403.119 (code 246011960)
12-12 10:29:14.444  2719  2719 W System  : ClassLoader referenced unknown path: /system/app/webview/lib/x86_64
12-12 10:29:14.458  2719  2719 I LibraryLoader: Time to load native libraries: 3 ms (timestamps 2739-2742)
12-12 10:29:14.459  2719  2719 I LibraryLoader: Expected native library version number "",actual native library version number ""
12-12 10:29:14.473  2719  2719 V WebViewChromiumFactoryProvider: Binding Chromium to main looper Looper (main, tid 1) {270520d}
12-12 10:29:14.473  2719  2719 I LibraryLoader: Expected native library version number "",actual native library version number ""
12-12 10:29:14.478  2719  2719 I chromium: [INFO:library_loader_hooks.cc(120)] Chromium logging enabled: level = 0, default verbosity = 0
12-12 10:29:14.481  2719  2719 I BrowserStartupController: Initializing chromium process, singleProcess=true
12-12 10:29:14.481  2719  2719 W art     : Attempt to remove non-JNI local reference, dumping thread
12-12 10:29:14.483  2719  2719 E SysUtils: ApplicationContext is null in ApplicationStatus
12-12 10:29:14.512  2719  2719 W chromium: [WARNING:resource_bundle.cc(285)] locale_file_path.empty()
12-12 10:29:14.515  2719  2719 E libEGL  : validate_display:255 error 3008 (EGL_BAD_DISPLAY)
12-12 10:29:14.515  2719  2719 E libEGL  : validate_display:255 error 3008 (EGL_BAD_DISPLAY)
12-12 10:29:14.516  2719  2719 D         : HostConnection::get() New Host Connection established 0x7f0d3362cac0, tid 2719
12-12 10:29:14.590  2719  2745 W AudioManagerAndroid: Requires BLUETOOTH permission
12-12 10:29:14.632  2719  2719 E DataReductionProxySettingListener: No DRP key due to exception:java.lang.ClassNotFoundException: com.android.webview.chromium.Drp
12-12 10:29:14.676  2719  2719 W art     : Attempt to remove non-JNI local reference, dumping thread
12-12 10:29:14.683  2719  2719 W AwContents: onDetachedFromWindow called when already detached. Ignoring
12-12 10:29:14.687  2719  2719 D SystemWebViewEngine: CordovaWebView is running on device made by: unknown
12-12 10:29:14.692  2719  2719 W art     : Attempt to remove non-JNI local reference, dumping thread
12-12 10:29:14.692  2719  2719 W art     : Attempt to remove non-JNI local reference, dumping thread
12-12 10:29:14.692  2719  2719 D PluginManager: init()
12-12 10:29:14.693  2719  2719 D CordovaWebViewImpl: >>> loadUrl(file:///android_asset/www/index.html)
12-12 10:29:14.703  1193  1193 E SELinux : avc:  denied  { find } for service=batteryproperties scontext=u:r:untrusted_app:s0:c512,c768 tcontext=u:object_r:healthd_service:s0 tclass=service_manager
12-12 10:29:14.748  2719  2719 D CordovaActivity: Started the activity.
12-12 10:29:14.748  2719  2719 D CordovaActivity: Resumed the activity.
12-12 10:29:14.757  1216  1368 E SurfaceFlinger: ro.sf.lcd_density must be defined as a build property
12-12 10:29:14.760  2719  2756 D OpenGLRenderer: Use EGL_SWAP_BEHAVIOR_PRESERVED: true
12-12 10:29:14.784  2719  2743 W chromium: [WARNING:data_reduction_proxy_config.cc(423)] SPDY proxy OFF at startup
12-12 10:29:14.802  2719  2756 I OpenGLRenderer: Initialized EGL, version 1.4
12-12 10:29:14.805  2719  2756 D         : HostConnection::get() New Host Connection established 0x7f0d2a0ea380, tid 2756
12-12 10:29:14.937  1632  1663 I ActivityManager: Displayed ca.edumedia.oh000024.di/.MainActivity: +538ms
12-12 10:29:14.938  2710  2710 D AndroidRuntime: Shutting down VM
12-12 10:29:14.941  2719  2719 D CordovaWebViewImpl: onPageDidNavigate(file:///android_asset/www/index.html)
12-12 10:29:14.948  2719  2759 D         : HostConnection::get() New Host Connection established 0x7f0d208bfc40, tid 2759
12-12 10:29:15.059  2719  2719 W BindingManager: Cannot call determinedVisibility() - never saw a connection for the pid: 2719
12-12 10:29:15.104  2719  2719 D JsMessageQueue: Set native->JS mode to EvalBridgeMode
12-12 10:29:15.151  2719  2719 D SystemWebChromeClient: file:///android_asset/www/js/index.js: Line 14 : Ready!
12-12 10:29:15.151  2719  2719 I chromium: [INFO:CONSOLE(14)] "Ready!", source: file:///android_asset/www/js/index.js (14)
12-12 10:29:15.161  2719  2719 D SystemWebChromeClient: file:///android_asset/www/js/index.js: Line 65 : headers: text/plain
12-12 10:29:15.161  2719  2719 I chromium: [INFO:CONSOLE(65)] "headers: text/plain", source: file:///android_asset/www/js/index.js (65)
12-12 10:29:15.162  2719  2719 D SystemWebChromeClient: file:///android_asset/www/js/index.js: Line 66 : headers: application/json; charset=utf-8
12-12 10:29:15.162  2719  2719 I chromium: [INFO:CONSOLE(66)] "headers: application/json; charset=utf-8", source: file:///android_asset/www/js/index.js (66)
12-12 10:29:15.163  2719  2719 D SystemWebChromeClient: file:///android_asset/www/js/index.js: Line 79 : [object Request]
12-12 10:29:15.163  2719  2719 I chromium: [INFO:CONSOLE(79)] "[object Request]", source: file:///android_asset/www/js/index.js (79)
12-12 10:29:15.165  2719  2719 D SystemWebChromeClient: file:///android_asset/www/index.html: Line 0 : Refused to connect to 'https://griffis.edumedia.ca/mad9014/sports/quidditch.php' because it violates the following Content Security Policy directive: "connect-src http://griffis.edumedia.ca".
12-12 10:29:15.165  2719  2719 I chromium: [INFO:CONSOLE(0)] "Refused to connect to 'https://griffis.edumedia.ca/mad9014/sports/quidditch.php' because it violates the following Content Security Policy directive: "connect-src http://griffis.edumedia.ca".
12-12 10:29:15.165  2719  2719 I chromium: ", source: file:///android_asset/www/index.html (0)
12-12 10:29:15.165  2719  2719 D SystemWebChromeClient: file:///android_asset/www/index.html: Line 0 : Refused to connect to 'https://griffis.edumedia.ca/mad9014/sports/quidditch.php' because it violates the document's Content Security Policy.
12-12 10:29:15.165  2719  2719 I chromium: [INFO:CONSOLE(0)] "Refused to connect to 'https://griffis.edumedia.ca/mad9014/sports/quidditch.php' because it violates the document's Content Security Policy.", source: file:///android_asset/www/index.html (0)
12-12 10:29:21.169  1632  1767 W AudioTrack: AUDIO_OUTPUT_FLAG_FAST denied by client; transfer 4, track 48000 Hz, output 44100 Hz
12-12 10:29:21.187  2163  2163 I Process : Sending signal. PID: 2163 SIG: 9
12-12 10:29:21.206  1632  2500 E Surface : getSlotFromBufferLocked: unknown buffer: 0x7f0d2e27af10
12-12 10:29:21.226  1632  2500 D OpenGLRenderer: endAllStagingAnimators on 0x7f0d1d971400 (RippleDrawable) with handle 0x7f0d1bebee60
12-12 10:29:21.251  1632  1760 D ConnectivityService: handlePromptUnvalidated 100
12-12 10:29:21.262  1632  2190 I ActivityManager: Process com.android.launcher3 (pid 2163) has died
12-12 10:29:21.265  1632  2140 D GraphicsStats: Buffer count: 3
12-12 10:29:21.278  1632  1652 I ActivityManager: Start proc 2766:com.android.managedprovisioning/u0a8 for broadcast com.android.managedprovisioning/.BootReminder
12-12 10:29:21.309  2766  2766 W System  : ClassLoader referenced unknown path: /system/priv-app/ManagedProvisioning/lib/x86_64
12-12 10:29:21.436  1632  1663 W AppOps  : Finishing op nesting under-run: uid 1000 pkg android code 24 time=0 duration=0 nesting=0
12-12 10:29:21.474  2471  2471 D AlertReceiver: onReceive: a=android.intent.action.BOOT_COMPLETED Intent { act=android.intent.action.BOOT_COMPLETED flg=0x8000010 cmp=com.android.calendar/.alerts.AlertReceiver (has extras) }
12-12 10:29:21.479  2346  2346 V AlarmClock: AlarmInitReceiver android.intent.action.BOOT_COMPLETED
12-12 10:29:21.502  2346  2515 V AlarmClock: AlarmInitReceiver - Reset timers and clear stopwatch data
12-12 10:29:21.508  2471  2784 D AlertService: 0 Action = android.intent.action.BOOT_COMPLETED
12-12 10:29:21.529  2346  2515 V AlarmClock: AlarmInitReceiver finished
12-12 10:29:21.537  1632  1645 I ActivityManager: Start proc 2787:com.android.email/u0a27 for broadcast com.android.email/.service.EmailBroadcastReceiver
12-12 10:29:21.554  2471  2784 D AlertService: Scheduling next alarm with AlarmScheduler. sEventReminderReceived: null
12-12 10:29:21.568  2787  2787 W System  : ClassLoader referenced unknown path: /system/app/Email/lib/x86_64
12-12 10:29:21.569  2471  2784 D AlarmScheduler: No events found starting within 1 week.
12-12 10:29:21.631  1632  2408 I ActivityManager: Start proc 2802:com.android.exchange/u0a29 for service com.android.exchange/.service.EasService
12-12 10:29:21.646  2802  2802 W System  : ClassLoader referenced unknown path: /system/app/Exchange2/lib/x86_64
12-12 10:29:21.708  1632  2407 I AccountManagerService: getTypesVisibleToCaller: isPermitted? true
12-12 10:29:21.709  1632  1645 I AccountManagerService: getTypesVisibleToCaller: isPermitted? true
12-12 10:29:21.709  1632  2190 I AccountManagerService: getTypesVisibleToCaller: isPermitted? true
12-12 10:29:21.710  1632  1918 I AccountManagerService: getTypesVisibleToCaller: isPermitted? true
12-12 10:29:21.715  2109  2109 I SystemBroadcastReceiver: Boot has been completed
12-12 10:29:21.716  2109  2109 I SystemBroadcastReceiver: toggleAppIcon() : FLAG_SYSTEM = true
12-12 10:29:21.756  2802  2802 I Exchange: EasService.onCreate
12-12 10:29:21.759  2471  2471 D AlertReceiver: onReceive: a=android.intent.action.PROVIDER_CHANGED Intent { act=android.intent.action.PROVIDER_CHANGED dat=content://com.android.calendar flg=0x10 cmp=com.android.calendar/.alerts.AlertReceiver }
12-12 10:29:21.784  2802  2828 I Exchange: RestartPingTask
12-12 10:29:21.792  2471  2826 D AlertService: 0 Action = android.intent.action.PROVIDER_CHANGED
12-12 10:29:21.807  2132  2782 W MediaScanner: Error opening directory '/oem/media/', skipping: No such file or directory.
12-12 10:29:21.822  1632  2190 W ActivityManager: Unable to start service Intent { cmp=com.android.email/.service.AttachmentService } U=0: not found
12-12 10:29:21.846  1632  1645 I ActivityManager: Start proc 2833:com.svox.pico/u0a39 for broadcast com.svox.pico/.VoiceDataInstallerReceiver
12-12 10:29:21.863  2787  2832 I Email   : Observing account changes for notifications
12-12 10:29:21.871  1632  1646 I AccountManagerService: getTypesVisibleToCaller: isPermitted? true
12-12 10:29:21.874  1632  2407 I AccountManagerService: getTypesVisibleToCaller: isPermitted? true
12-12 10:29:21.897  2787  2787 E ActivityThread: Service com.android.email.service.EmailBroadcastProcessorService has leaked ServiceConnection com.android.emailcommon.service.ServiceProxy$ProxyConnection@4800440 that was originally bound here
12-12 10:29:21.897  2787  2787 E ActivityThread: android.app.ServiceConnectionLeaked: Service com.android.email.service.EmailBroadcastProcessorService has leaked ServiceConnection com.android.emailcommon.service.ServiceProxy$ProxyConnection@4800440 that was originally bound here
12-12 10:29:21.897  2787  2787 E ActivityThread: 	at android.app.LoadedApk$ServiceDispatcher.<init>(LoadedApk.java:1092)
12-12 10:29:21.897  2787  2787 E ActivityThread: 	at android.app.LoadedApk.getServiceDispatcher(LoadedApk.java:986)
12-12 10:29:21.897  2787  2787 E ActivityThread: 	at android.app.ContextImpl.bindServiceCommon(ContextImpl.java:1303)
12-12 10:29:21.897  2787  2787 E ActivityThread: 	at android.app.ContextImpl.bindService(ContextImpl.java:1286)
12-12 10:29:21.897  2787  2787 E ActivityThread: 	at android.content.ContextWrapper.bindService(ContextWrapper.java:604)
12-12 10:29:21.897  2787  2787 E ActivityThread: 	at com.android.emailcommon.service.ServiceProxy.setTask(ServiceProxy.java:181)
12-12 10:29:21.897  2787  2787 E ActivityThread: 	at com.android.emailcommon.service.ServiceProxy.test(ServiceProxy.java:224)
12-12 10:29:21.897  2787  2787 E ActivityThread: 	at com.android.email.service.EmailServiceUtils.isServiceAvailable(EmailServiceUtils.java:160)
12-12 10:29:21.897  2787  2787 E ActivityThread: 	at com.android.email.provider.AccountReconciler.reconcileAccountsInternal(AccountReconciler.java:171)
12-12 10:29:21.897  2787  2787 E ActivityThread: 	at com.android.email.provider.AccountReconciler.reconcileAccounts(AccountReconciler.java:115)
12-12 10:29:21.897  2787  2787 E ActivityThread: 	at com.android.email.service.EmailBroadcastProcessorService.reconcileAndStartServices(EmailBroadcastProcessorService.java:305)
12-12 10:29:21.897  2787  2787 E ActivityThread: 	at com.android.email.service.EmailBroadcastProcessorService.onBootCompleted(EmailBroadcastProcessorService.java:295)
12-12 10:29:21.897  2787  2787 E ActivityThread: 	at com.android.email.service.EmailBroadcastProcessorService.onHandleIntent(EmailBroadcastProcessorService.java:130)
12-12 10:29:21.897  2787  2787 E ActivityThread: 	at android.app.IntentService$ServiceHandler.handleMessage(IntentService.java:66)
12-12 10:29:21.897  2787  2787 E ActivityThread: 	at android.os.Handler.dispatchMessage(Handler.java:102)
12-12 10:29:21.897  2787  2787 E ActivityThread: 	at android.os.Looper.loop(Looper.java:148)
12-12 10:29:21.897  2787  2787 E ActivityThread: 	at android.os.HandlerThread.run(HandlerThread.java:61)
12-12 10:29:21.903  2787  2820 E EmailServiceProxy: RuntimeException when trying to unbind from service
12-12 10:29:21.903  2787  2820 E EmailServiceProxy: java.lang.IllegalArgumentException: Service not registered: com.android.emailcommon.service.ServiceProxy$ProxyConnection@4800440
12-12 10:29:21.903  2787  2820 E EmailServiceProxy: 	at android.app.LoadedApk.forgetServiceDispatcher(LoadedApk.java:1044)
12-12 10:29:21.903  2787  2820 E EmailServiceProxy: 	at android.app.ContextImpl.unbindService(ContextImpl.java:1337)
12-12 10:29:21.903  2787  2820 E EmailServiceProxy: 	at android.content.ContextWrapper.unbindService(ContextWrapper.java:616)
12-12 10:29:21.903  2787  2820 E EmailServiceProxy: 	at com.android.emailcommon.service.ServiceProxy$ProxyConnection$1.doInBackground(ServiceProxy.java:124)
12-12 10:29:21.903  2787  2820 E EmailServiceProxy: 	at com.android.emailcommon.service.ServiceProxy$ProxyConnection$1.doInBackground(ServiceProxy.java:113)
12-12 10:29:21.903  2787  2820 E EmailServiceProxy: 	at android.os.AsyncTask$2.call(AsyncTask.java:295)
12-12 10:29:21.903  2787  2820 E EmailServiceProxy: 	at java.util.concurrent.FutureTask.run(FutureTask.java:237)
12-12 10:29:21.903  2787  2820 E EmailServiceProxy: 	at android.os.AsyncTask$SerialExecutor$1.run(AsyncTask.java:234)
12-12 10:29:21.903  2787  2820 E EmailServiceProxy: 	at java.util.concurrent.ThreadPoolExecutor.runWorker(ThreadPoolExecutor.java:1113)
12-12 10:29:21.903  2787  2820 E EmailServiceProxy: 	at java.util.concurrent.ThreadPoolExecutor$Worker.run(ThreadPoolExecutor.java:588)
12-12 10:29:21.903  2787  2820 E EmailServiceProxy: 	at java.lang.Thread.run(Thread.java:818)
12-12 10:29:21.933  2802  2802 I Exchange: RestartPingsTask did not start any pings.
12-12 10:29:21.933  2802  2802 I Exchange: PSS stopIfIdle
12-12 10:29:21.933  2802  2802 I Exchange: PSS has no active accounts; stopping service.
12-12 10:29:21.938  2802  2802 I Exchange: onDestroy
12-12 10:29:22.021  2132  2782 V MediaScanner: pruneDeadThumbnailFiles... android.database.sqlite.SQLiteCursor@7ce383b
12-12 10:29:22.021  2132  2782 V MediaScanner: /pruneDeadThumbnailFiles... android.database.sqlite.SQLiteCursor@7ce383b
12-12 10:29:22.705  2719  2756 E Surface : getSlotFromBufferLocked: unknown buffer: 0x7f0d20ea36f0
12-12 10:29:22.718  1237  1791 D AudioFlinger: mixer(0xf4500000) throttle end: throttle time(55)
12-12 10:29:22.721  2719  2756 D OpenGLRenderer: endAllStagingAnimators on 0x7f0d2a0d4800 (RippleDrawable) with handle 0x7f0d1d53d500
12-12 10:29:22.726  2719  2719 D CordovaWebViewImpl: onPageFinished(file:///android_asset/www/index.html)
12-12 10:29:22.750  1237  1791 D AudioFlinger: mixer(0xf4500000) throttle end: throttle time(1)
12-12 10:29:26.835  2471  2826 I GlobalDismissManager: no sender configured
12-12 10:29:26.835  2471  2826 D AlertService: Beginning updateAlertNotification
12-12 10:29:26.851  2471  2826 D AlertService: No fired or scheduled alerts
12-12 10:29:26.874  2471  2826 D AlertService: Scheduling next alarm with AlarmScheduler. sEventReminderReceived: null
12-12 10:29:26.890  2471  2826 D AlarmScheduler: No events found starting within 1 week.
12-12 10:29:36.564  1632  1652 I ActivityManager: Waited long enough for: ServiceRecord{43b7dd7 u0 com.android.calendar/.alerts.InitAlarmsService}
12-12 10:29:51.597  2471  2800 D InitAlarmsService: Clearing and rescheduling alarms.
12-12 10:29:51.629  1632  2487 I ActivityManager: Killing 1899:com.android.externalstorage/u0a6 (adj 15): empty #17
12-12 10:30:09.838  1632  2487 I MediaFocusControl:  AudioFocus  abandonAudioFocus() from android.media.AudioManager@add0209com.android.music.MediaPlaybackService$3@2aecc0e
12-12 10:30:09.851  1632  2255 I ActivityManager: Killing 2296:com.android.music/u0a35 (adj 15): empty #17
12-12 10:32:13.410  2719  2719 W BindingManager: Cannot call determinedVisibility() - never saw a connection for the pid: 2719
12-12 10:32:14.221  2719  2719 W BindingManager: Cannot call determinedVisibility() - never saw a connection for the pid: 2719
12-12 10:32:14.910  2719  2719 W BindingManager: Cannot call determinedVisibility() - never saw a connection for the pid: 2719
12-12 10:32:15.881  2719  2719 W BindingManager: Cannot call determinedVisibility() - never saw a connection for the pid: 2719
12-12 10:32:16.419  2719  2719 W BindingManager: Cannot call determinedVisibility() - never saw a connection for the pid: 2719
12-12 10:33:33.685  1216  2169 D PermissionCache: checking android.permission.READ_FRAME_BUFFER for uid=1000 => granted (132 us)
12-12 10:33:33.694  1632  2487 D         : HostConnection::get() New Host Connection established 0x7f0d1ca24e00, tid 2487
12-12 10:33:33.700  1216  1216 E EGL_emulation: tid 1216: eglCreateSyncKHR(1315): error 0x3004 (EGL_BAD_ATTRIBUTE)
12-12 10:33:33.841  2719  2719 D CordovaActivity: Paused the activity.
12-12 10:33:33.844  1632  2199 I ActivityManager: START u0 {act=android.intent.action.MAIN cat=[android.intent.category.HOME] flg=0x10000000 cmp=com.android.launcher3/.Launcher} from uid 0 on display 0
12-12 10:33:33.861  1632  2199 I ActivityManager: Start proc 2856:com.android.launcher3/u0a7 for activity com.android.launcher3/.Launcher
12-12 10:33:33.862  1632  1652 I ActivityManager: Killing 2372:com.android.quicksearchbox/u0a42 (adj 15): empty #17
12-12 10:33:33.903  2719  2719 D CordovaActivity: Stopped the activity.
12-12 10:33:33.903  2719  2719 D CordovaActivity: CordovaActivity.onDestroy()
12-12 10:33:33.907  2719  2719 D CordovaWebViewImpl: >>> loadUrl(about:blank)
12-12 10:33:33.911  2856  2856 W System  : ClassLoader referenced unknown path: /system/priv-app/Launcher3/lib/x86_64
12-12 10:33:33.924  2856  2856 V Launcher: LauncherAppState inited
12-12 10:33:33.943  2856  2856 D Launcher.Model: Old launcher provider: content://com.android.launcher2.settings/favorites?notify=true
12-12 10:33:33.943  2856  2856 D Launcher.Model: Old launcher provider does not exist.
12-12 10:33:34.027  1632  1652 I ActivityManager: Start proc 2873:com.android.quicksearchbox/u0a42 for broadcast com.android.quicksearchbox/.SearchWidgetProvider
12-12 10:33:34.032  2856  2869 W Launcher: setApplicationContext called twice! old=android.app.Application@b838fd3 new=android.app.Application@b838fd3
12-12 10:33:34.041  1632  1646 I AccountManagerService: getTypesVisibleToCaller: isPermitted? true
12-12 10:33:34.061  2719  2756 E Surface : getSlotFromBufferLocked: unknown buffer: 0x7f0d20ea1e70
12-12 10:33:34.062  1216  1258 E SurfaceFlinger: ro.sf.lcd_density must be defined as a build property
12-12 10:33:34.068  2856  2886 D OpenGLRenderer: Use EGL_SWAP_BEHAVIOR_PRESERVED: true
12-12 10:33:34.072  2856  2856 D         : HostConnection::get() New Host Connection established 0x7f0d22d9c5c0, tid 2856
12-12 10:33:34.074  2873  2873 W System  : ClassLoader referenced unknown path: /system/app/QuickSearchBox/lib/x86_64
12-12 10:33:34.079  2719  2719 W BindingManager: Cannot call determinedVisibility() - never saw a connection for the pid: 2719
12-12 10:33:34.080  1632  2407 I ActivityManager: Killing 2449:com.android.settings/1000 (adj 15): empty #17
12-12 10:33:34.082  2719  2719 D CordovaWebViewImpl: onPageFinished(about:blank)
12-12 10:33:34.122  2856  2886 D         : HostConnection::get() New Host Connection established 0x7f0d2aafcfc0, tid 2886
12-12 10:33:34.124  2856  2886 I OpenGLRenderer: Initialized EGL, version 1.4
12-12 10:33:34.503  1632  1663 I ActivityManager: Displayed com.android.launcher3/.Launcher: +655ms
12-12 10:33:34.576  2856  2856 D Launcher: bindAppWidget: AppWidget(id=3)
12-12 10:33:34.576  2856  2856 D Launcher: bindAppWidget: id=3 belongs to component ComponentInfo{com.android.deskclock/com.android.alarmclock.AnalogAppWidgetProvider}
12-12 10:33:34.716  2856  2856 D Launcher: bound widget id=3 in 139ms
12-12 10:33:34.958  2856  2886 V RenderScript: 0x7f0d213ee000 Launching thread(s), CPUs 2
12-12 10:33:36.204  1237  1791 D AudioFlinger: mixer(0xf4500000) throttle end: throttle time(58)
12-12 10:33:36.268  1237  1791 D AudioFlinger: mixer(0xf4500000) throttle end: throttle time(1)
12-12 10:33:37.839  1632  2487 I ActivityManager: START u0 {act=android.intent.action.MAIN cat=[android.intent.category.LAUNCHER] flg=0x10200000 cmp=ca.edumedia.oh000024.di/.MainActivity (has extras)} from uid 10007 on display 0
12-12 10:33:37.882  2719  2719 I CordovaLog: Changing log level to DEBUG(3)
12-12 10:33:37.882  2719  2719 I CordovaActivity: Apache Cordova native platform version 6.0.0 is starting
12-12 10:33:37.882  2719  2719 D CordovaActivity: CordovaActivity.onCreate()
12-12 10:33:37.885  2719  2719 W art     : Attempt to remove non-JNI local reference, dumping thread
12-12 10:33:37.886  2719  2719 W AwContents: onDetachedFromWindow called when already detached. Ignoring
12-12 10:33:37.889  2719  2719 D SystemWebViewEngine: CordovaWebView is running on device made by: unknown
12-12 10:33:37.890  2719  2719 W art     : Attempt to remove non-JNI local reference, dumping thread
12-12 10:33:37.890  2719  2719 W art     : Attempt to remove non-JNI local reference, dumping thread
12-12 10:33:37.890  2719  2719 D PluginManager: init()
12-12 10:33:37.892  2719  2719 D CordovaWebViewImpl: >>> loadUrl(file:///android_asset/www/index.html)
12-12 10:33:37.892  1237  1791 D AudioFlinger: mixer(0xf4500000) throttle end: throttle time(3)
12-12 10:33:37.897  2719  2719 D CordovaActivity: Started the activity.
12-12 10:33:37.897  2719  2719 D CordovaActivity: Resumed the activity.
12-12 10:33:37.956  1237  1791 D AudioFlinger: mixer(0xf4500000) throttle end: throttle time(1)
12-12 10:33:38.004  2719  2719 D CordovaWebViewImpl: onPageDidNavigate(file:///android_asset/www/index.html)
12-12 10:33:38.162  2719  2719 W BindingManager: Cannot call determinedVisibility() - never saw a connection for the pid: 2719
12-12 10:33:38.192  2719  2719 D JsMessageQueue: Set native->JS mode to EvalBridgeMode
12-12 10:33:38.210  2719  2719 D SystemWebChromeClient: file:///android_asset/www/js/index.js: Line 14 : Ready!
12-12 10:33:38.210  2719  2719 I chromium: [INFO:CONSOLE(14)] "Ready!", source: file:///android_asset/www/js/index.js (14)
12-12 10:33:38.229  2719  2719 D SystemWebChromeClient: file:///android_asset/www/js/index.js: Line 65 : headers: text/plain
12-12 10:33:38.229  2719  2719 I chromium: [INFO:CONSOLE(65)] "headers: text/plain", source: file:///android_asset/www/js/index.js (65)
12-12 10:33:38.231  2719  2719 D SystemWebChromeClient: file:///android_asset/www/js/index.js: Line 66 : headers: application/json; charset=utf-8
12-12 10:33:38.231  2719  2719 I chromium: [INFO:CONSOLE(66)] "headers: application/json; charset=utf-8", source: file:///android_asset/www/js/index.js (66)
12-12 10:33:38.234  2719  2719 D SystemWebChromeClient: file:///android_asset/www/js/index.js: Line 79 : [object Request]
12-12 10:33:38.234  2719  2719 I chromium: [INFO:CONSOLE(79)] "[object Request]", source: file:///android_asset/www/js/index.js (79)
12-12 10:33:38.242  2719  2719 D SystemWebChromeClient: file:///android_asset/www/index.html: Line 0 : Refused to connect to 'https://griffis.edumedia.ca/mad9014/sports/quidditch.php' because it violates the following Content Security Policy directive: "connect-src http://griffis.edumedia.ca".
12-12 10:33:38.242  2719  2719 I chromium: [INFO:CONSOLE(0)] "Refused to connect to 'https://griffis.edumedia.ca/mad9014/sports/quidditch.php' because it violates the following Content Security Policy directive: "connect-src http://griffis.edumedia.ca".
12-12 10:33:38.242  2719  2719 I chromium: ", source: file:///android_asset/www/index.html (0)
12-12 10:33:38.243  2719  2719 D SystemWebChromeClient: file:///android_asset/www/index.html: Line 0 : Refused to connect to 'https://griffis.edumedia.ca/mad9014/sports/quidditch.php' because it violates the document's Content Security Policy.
12-12 10:33:38.243  2719  2719 I chromium: [INFO:CONSOLE(0)] "Refused to connect to 'https://griffis.edumedia.ca/mad9014/sports/quidditch.php' because it violates the document's Content Security Policy.", source: file:///android_asset/www/index.html (0)
12-12 10:33:38.450  1632  1663 I Choreographer: Skipped 33 frames!  The application may be doing too much work on its main thread.
12-12 10:33:38.462  1632  1663 I ActivityManager: Displayed ca.edumedia.oh000024.di/.MainActivity: +590ms
12-12 10:33:38.478  2856  2886 E Surface : getSlotFromBufferLocked: unknown buffer: 0x7f0d3381b040
12-12 10:33:43.196  2719  2756 E Surface : getSlotFromBufferLocked: unknown buffer: 0x7f0d20ea52f0
12-12 10:33:43.214  2719  2719 D CordovaWebViewImpl: onPageFinished(file:///android_asset/www/index.html)
12-12 10:41:49.138  1190  1190 I lowmemorykiller: ActivityManager disconnected
12-12 10:41:49.138  1190  1190 I lowmemorykiller: Closing Activity Manager data connection
12-12 10:41:49.140  1238  1238 E installd: eof
12-12 10:41:49.140  1238  1238 E installd: failed to read size
12-12 10:41:49.140  1238  1238 I installd: closing connection
12-12 10:41:49.140  1193  1193 I ServiceManager: service 'simphonebook' died
12-12 10:41:49.143  1193  1193 I ServiceManager: service 'iphonesubinfo' died
12-12 10:41:49.145  1237  1796 W AudioFlinger: power manager service died !!!
12-12 10:41:49.145  1246  1246 D fingerprintd: binder died
12-12 10:41:49.145  1246  1246 V fingerprintd: nativeCloseHal()
12-12 10:41:49.145  1246  1246 D FingerprintHal: ----------------> fingerprint_close ----------------->
12-12 10:41:49.145  1193  1193 I ServiceManager: service 'isms' died
12-12 10:41:49.146  1193  1193 I ServiceManager: service 'phone' died
12-12 10:41:49.146  1193  1193 I ServiceManager: service 'carrier_config' died
12-12 10:41:49.146  1193  1193 I ServiceManager: service 'isub' died
12-12 10:41:49.146  1193  1193 I ServiceManager: service 'voiceinteraction' died
12-12 10:41:49.146  1193  1193 I ServiceManager: service 'diskstats' died
12-12 10:41:49.146  1193  1193 I ServiceManager: service 'samplingprofiler' died
12-12 10:41:49.146  1193  1193 I ServiceManager: service 'commontime_management' died
12-12 10:41:49.146  1193  1193 I ServiceManager: service 'dreams' died
12-12 10:41:49.146  1193  1193 I ServiceManager: service 'assetatlas' died
12-12 10:41:49.146  1193  1193 I ServiceManager: service 'graphicsstats' died
12-12 10:41:49.146  1193  1193 I ServiceManager: service 'print' died
12-12 10:41:49.146  1193  1193 I ServiceManager: service 'restrictions' died
12-12 10:41:49.146  1193  1193 I ServiceManager: service 'media_session' died
12-12 10:41:49.146  1193  1193 I ServiceManager: service 'media_router' died
12-12 10:41:49.146  1193  1193 I ServiceManager: service 'trust' died
12-12 10:41:49.146  1193  1193 I ServiceManager: service 'fingerprint' died
12-12 10:41:49.146  1193  1193 I ServiceManager: service 'launcherapps' died
12-12 10:41:49.146  1193  1193 I ServiceManager: service 'media_projection' died
12-12 10:41:49.146  1193  1193 I ServiceManager: service 'imms' died
12-12 10:41:49.146  1193  1193 I ServiceManager: service 'deviceidle' died
12-12 10:41:49.146  1193  1193 I ServiceManager: service 'package' died
12-12 10:41:49.146  1193  1193 I ServiceManager: service 'user' died
12-12 10:41:49.146  1193  1193 I ServiceManager: service 'activity' died
12-12 10:41:49.147  1193  1193 I ServiceManager: service 'procstats' died
12-12 10:41:49.147  1193  1193 I ServiceManager: service 'meminfo' died
12-12 10:41:49.147  1193  1193 I ServiceManager: service 'gfxinfo' died
12-12 10:41:49.147  1193  1193 I ServiceManager: service 'dbinfo' died
12-12 10:41:49.147  1193  1193 I ServiceManager: service 'cpuinfo' died
12-12 10:41:49.147  1193  1193 I ServiceManager: service 'permission' died
12-12 10:41:49.147  1193  1193 I ServiceManager: service 'processinfo' died
12-12 10:41:49.147  1193  1193 I ServiceManager: service 'sensorservice' died
12-12 10:41:49.147  1193  1193 I ServiceManager: service 'battery' died
12-12 10:41:49.147  1193  1193 I ServiceManager: service 'usagestats' died
12-12 10:41:49.148  1193  1193 I ServiceManager: service 'webviewupdate' died
12-12 10:41:49.149  1193  1193 I ServiceManager: service 'scheduling_policy' died
12-12 10:41:49.149  1193  1193 I ServiceManager: service 'telephony.registry' died
12-12 10:41:49.149  1193  1193 I ServiceManager: service 'media.camera.proxy' died
12-12 10:41:49.149  1193  1193 I ServiceManager: service 'account' died
12-12 10:41:49.149  1193  1193 I ServiceManager: service 'content' died
12-12 10:41:49.149  1193  1193 I ServiceManager: service 'telecom' died
12-12 10:41:49.149  1193  1193 I ServiceManager: service 'input_method' died
12-12 10:41:49.149  1193  1193 I ServiceManager: service 'accessibility' died
12-12 10:41:49.149  1193  1193 I ServiceManager: service 'vibrator' died
12-12 10:41:49.149  1193  1193 I ServiceManager: service 'consumer_ir' died
12-12 10:41:49.149  1193  1193 I ServiceManager: service 'alarm' died
12-12 10:41:49.149  1193  1193 I ServiceManager: service 'window' died
12-12 10:41:49.150  1193  1193 I ServiceManager: service 'input' died
12-12 10:41:49.150  1193  1193 I ServiceManager: service 'mount' died
12-12 10:41:49.150  1193  1193 I ServiceManager: service 'uimode' died
12-12 10:41:49.150  1193  1193 I ServiceManager: service 'lock_settings' died
12-12 10:41:49.150  1193  1193 I ServiceManager: service 'device_policy' died
12-12 10:41:49.150  1193  1193 I ServiceManager: service 'statusbar' died
12-12 10:41:49.150  1193  1193 I ServiceManager: service 'clipboard' died
12-12 10:41:49.150  1193  1193 I ServiceManager: service 'network_management' died
12-12 10:41:49.150  1193  1193 I ServiceManager: service 'textservices' died
12-12 10:41:49.150  1193  1193 I ServiceManager: service 'network_score' died
12-12 10:41:49.150  1193  1193 I ServiceManager: service 'netstats' died
12-12 10:41:49.150  1193  1193 I ServiceManager: service 'netpolicy' died
12-12 10:41:49.150  1193  1193 I ServiceManager: service 'wifip2p' died
12-12 10:41:49.150  1193  1193 I ServiceManager: service 'batterystats' died
12-12 10:41:49.150  1193  1193 I ServiceManager: service 'appops' died
12-12 10:41:49.150  1193  1193 I ServiceManager: service 'power' died
12-12 10:41:49.150  1193  1193 I ServiceManager: service 'display' died
12-12 10:41:49.150  1193  1193 I ServiceManager: service 'wifi' died
12-12 10:41:49.150  1193  1193 I ServiceManager: service 'wifiscanner' died
12-12 10:41:49.150  1193  1193 I ServiceManager: service 'rttmanager' died
12-12 10:41:49.150  1193  1193 I ServiceManager: service 'connectivity' died
12-12 10:41:49.150  1193  1193 I ServiceManager: service 'servicediscovery' died
12-12 10:41:49.150  1193  1193 I ServiceManager: service 'updatelock' died
12-12 10:41:49.150  1193  1193 I ServiceManager: service 'notification' died
12-12 10:41:49.150  1193  1193 I ServiceManager: service 'devicestoragemonitor' died
12-12 10:41:49.150  1193  1193 I ServiceManager: service 'location' died
12-12 10:41:49.150  1193  1193 I ServiceManager: service 'country_detector' died
12-12 10:41:49.150  1193  1193 I ServiceManager: service 'search' died
12-12 10:41:49.150  1193  1193 I ServiceManager: service 'dropbox' died
12-12 10:41:49.150  1193  1193 I ServiceManager: service 'wallpaper' died
12-12 10:41:49.151  1193  1193 I ServiceManager: service 'audio' died
12-12 10:41:49.151  1193  1193 I ServiceManager: service 'DockObserver' died
12-12 10:41:49.151  1193  1193 I ServiceManager: service 'midi' died
12-12 10:41:49.151  1193  1193 I ServiceManager: service 'serial' died
12-12 10:41:49.151  1193  1193 I ServiceManager: service 'jobscheduler' died
12-12 10:41:49.151  1193  1193 I ServiceManager: service 'backup' died
12-12 10:41:49.151  1193  1193 I ServiceManager: service 'appwidget' died
12-12 10:41:49.153  1193  1193 I ServiceManager: service 'SurfaceFlinger' died
--------- beginning of main
12-12 10:42:21.540  1172  1172 W auditd  : type=2000 audit(0.0:1): initialized
12-12 10:42:22.050  1172  1172 I auditd  : type=1403 audit(0.0:2): policy loaded auid=4294967295 ses=4294967295
12-12 10:42:22.050  1172  1172 W auditd  : type=1404 audit(0.0:3): enforcing=1 old_enforcing=0 auid=4294967295 ses=4294967295
--------- beginning of system
12-12 10:42:22.440  1173  1173 I vold    : Vold 3.0 (the awakening) firing up
12-12 10:42:22.440  1173  1173 V vold    : Detected support for: ext4 vfat
12-12 10:42:22.476  1173  1186 D vold    : Recognized experimental block major ID 253 as virtio-blk (emulator's virtual SD card device)
12-12 10:42:22.476  1173  1186 V vold    : /system/bin/sgdisk
12-12 10:42:22.476  1173  1186 V vold    :     --android-dump
12-12 10:42:22.476  1173  1186 V vold    :     /dev/block/vold/disk:253,48
12-12 10:42:22.483  1206  1206 I qemu-props: connected to 'boot-properties' qemud service.
12-12 10:42:22.484  1206  1206 I qemu-props: receiving..
12-12 10:42:22.484  1206  1206 I qemu-props: received: qemu.sf.fake_camera=none
12-12 10:42:22.484  1206  1206 I qemu-props: receiving..
12-12 10:42:22.484  1206  1206 I qemu-props: received: ro.opengles.version=131072
12-12 10:42:22.485  1206  1206 I qemu-props: receiving..
12-12 10:42:22.485  1206  1206 I qemu-props: received: dalvik.vm.heapsize=256m
12-12 10:42:22.486  1206  1206 I qemu-props: receiving..
12-12 10:42:22.486  1206  1206 I qemu-props: received: qemu.hw.mainkeys=0
12-12 10:42:22.487  1206  1206 I qemu-props: receiving..
12-12 10:42:22.487  1206  1206 I qemu-props: received: qemu.sf.lcd_density=560
12-12 10:42:22.507  1206  1206 I qemu-props: receiving..
12-12 10:42:22.508  1206  1206 I qemu-props: exiting (5 properties set).
12-12 10:42:22.515  1185  1185 I lowmemorykiller: Using in-kernel low memory killer interface
12-12 10:42:22.616  1173  1186 V vold    : DISK mbr
12-12 10:42:22.617  1173  1186 W vold    : disk:253,48 has unknown partition table; trying entire device
12-12 10:42:22.617  1173  1186 V vold    : /system/bin/blkid
12-12 10:42:22.617  1173  1186 V vold    :     -c
12-12 10:42:22.617  1173  1186 V vold    :     /dev/null
12-12 10:42:22.617  1173  1186 V vold    :     -s
12-12 10:42:22.617  1173  1186 V vold    :     TYPE
12-12 10:42:22.618  1173  1186 V vold    :     -s
12-12 10:42:22.618  1173  1186 V vold    :     UUID
12-12 10:42:22.618  1173  1186 V vold    :     -s
12-12 10:42:22.618  1173  1186 V vold    :     LABEL
12-12 10:42:22.618  1173  1186 V vold    :     /dev/block/vold/disk:253,48
12-12 10:42:22.624  1233  1233 I installd: installd firing up
12-12 10:42:22.635  1228  1228 I         : debuggerd: Apr 20 2016 01:30:35
12-12 10:42:22.639  1173  1186 V vold    : /dev/block/vold/disk:253,48: LABEL="SDCARD" UUID="15E8-321C" TYPE="vfat" 
12-12 10:42:22.645  1239  1239 I gatekeeperd: Starting gatekeeperd...
12-12 10:42:22.648  1239  1239 W gatekeeperd: falling back to software GateKeeper
12-12 10:42:22.705  1198  1198 I SurfaceFlinger: SurfaceFlinger is starting
12-12 10:42:22.705  1198  1198 I SurfaceFlinger: SurfaceFlinger's main thread ready to run. Initializing graphics H/W...
12-12 10:42:22.705  1198  1198 D libEGL  : Emulator has host GPU support, qemu.gles is set to 1.
12-12 10:42:22.724  1226  1226 I Netd    : Netd 1.0 starting
