12-12 10:29:04.714  1240  1240 E Hyphenator: error loading hyphenation /system/usr/hyphen-data/hyph-hu.pat.txt
12-12 10:29:04.714  1240  1240 E Hyphenator: java.io.FileNotFoundException: /system/usr/hyphen-data/hyph-hu.pat.txt: open failed: ENOENT (No such file or directory)
12-12 10:29:04.714  1240  1240 E Hyphenator: 	at libcore.io.IoBridge.open(IoBridge.java:452)
12-12 10:29:04.714  1240  1240 E Hyphenator: 	at libcore.io.IoUtils$FileReader.<init>(IoUtils.java:207)
12-12 10:29:04.714  1240  1240 E Hyphenator: 	at libcore.io.IoUtils.readFileAsString(IoUtils.java:114)
12-12 10:29:04.714  1240  1240 E Hyphenator: 	at android.text.Hyphenator.loadHyphenator(Hyphenator.java:96)
12-12 10:29:04.714  1240  1240 E Hyphenator: 	at android.text.Hyphenator.init(Hyphenator.java:154)
12-12 10:29:04.714  1240  1240 E Hyphenator: 	at com.android.internal.os.ZygoteInit.preloadTextResources(ZygoteInit.java:207)
12-12 10:29:04.714  1240  1240 E Hyphenator: 	at com.android.internal.os.ZygoteInit.preload(ZygoteInit.java:186)
12-12 10:29:04.714  1240  1240 E Hyphenator: 	at com.android.internal.os.ZygoteInit.main(ZygoteInit.java:593)
12-12 10:29:04.714  1240  1240 E Hyphenator: Caused by: android.system.ErrnoException: open failed: ENOENT (No such file or directory)
12-12 10:29:04.714  1240  1240 E Hyphenator: 	at libcore.io.Posix.open(Native Method)
12-12 10:29:04.714  1240  1240 E Hyphenator: 	at libcore.io.BlockGuardOs.open(BlockGuardOs.java:186)
12-12 10:29:04.714  1240  1240 E Hyphenator: 	at libcore.io.IoBridge.open(IoBridge.java:438)
12-12 10:29:04.714  1240  1240 E Hyphenator: 	... 7 more
12-12 10:29:04.714  1240  1240 E Hyphenator: error loading hyphenation /system/usr/hyphen-data/hyph-hy.pat.txt
12-12 10:29:04.714  1240  1240 E Hyphenator: java.io.FileNotFoundException: /system/usr/hyphen-data/hyph-hy.pat.txt: open failed: ENOENT (No such file or directory)
12-12 10:29:04.714  1240  1240 E Hyphenator: 	at libcore.io.IoBridge.open(IoBridge.java:452)
12-12 10:29:04.714  1240  1240 E Hyphenator: 	at libcore.io.IoUtils$FileReader.<init>(IoUtils.java:207)
12-12 10:29:04.714  1240  1240 E Hyphenator: 	at libcore.io.IoUtils.readFileAsString(IoUtils.java:114)
12-12 10:29:04.714  1240  1240 E Hyphenator: 	at android.text.Hyphenator.loadHyphenator(Hyphenator.java:96)
12-12 10:29:04.714  1240  1240 E Hyphenator: 	at android.text.Hyphenator.init(Hyphenator.java:154)
12-12 10:29:04.714  1240  1240 E Hyphenator: 	at com.android.internal.os.ZygoteInit.preloadTextResources(ZygoteInit.java:207)
12-12 10:29:04.714  1240  1240 E Hyphenator: 	at com.android.internal.os.ZygoteInit.preload(ZygoteInit.java:186)
12-12 10:29:04.714  1240  1240 E Hyphenator: 	at com.android.internal.os.ZygoteInit.main(ZygoteInit.java:593)
12-12 10:29:04.714  1240  1240 E Hyphenator: Caused by: android.system.ErrnoException: open failed: ENOENT (No such file or directory)
12-12 10:29:04.714  1240  1240 E Hyphenator: 	at libcore.io.Posix.open(Native Method)
12-12 10:29:04.714  1240  1240 E Hyphenator: 	at libcore.io.BlockGuardOs.open(BlockGuardOs.java:186)
12-12 10:29:04.714  1240  1240 E Hyphenator: 	at libcore.io.IoBridge.open(IoBridge.java:438)
12-12 10:29:04.714  1240  1240 E Hyphenator: 	... 7 more
12-12 10:29:04.714  1241  1241 D libEGL  : loaded /system/lib/egl/libEGL_emulation.so
12-12 10:29:04.714  1240  1240 E Hyphenator: error loading hyphenation /system/usr/hyphen-data/hyph-nb.pat.txt
12-12 10:29:04.714  1240  1240 E Hyphenator: java.io.FileNotFoundException: /system/usr/hyphen-data/hyph-nb.pat.txt: open failed: ENOENT (No such file or directory)
12-12 10:29:04.714  1240  1240 E Hyphenator: 	at libcore.io.IoBridge.open(IoBridge.java:452)
12-12 10:29:04.714  1240  1240 E Hyphenator: 	at libcore.io.IoUtils$FileReader.<init>(IoUtils.java:207)
12-12 10:29:04.714  1240  1240 E Hyphenator: 	at libcore.io.IoUtils.readFileAsString(IoUtils.java:114)
12-12 10:29:04.714  1240  1240 E Hyphenator: 	at android.text.Hyphenator.loadHyphenator(Hyphenator.java:96)
12-12 10:29:04.714  1240  1240 E Hyphenator: 	at android.text.Hyphenator.init(Hyphenator.java:154)
12-12 10:29:04.714  1240  1240 E Hyphenator: 	at com.android.internal.os.ZygoteInit.preloadTextResources(ZygoteInit.java:207)
12-12 10:29:04.714  1240  1240 E Hyphenator: 	at com.android.internal.os.ZygoteInit.preload(ZygoteInit.java:186)
12-12 10:29:04.714  1240  1240 E Hyphenator: 	at com.android.internal.os.ZygoteInit.main(ZygoteInit.java:593)
12-12 10:29:04.714  1240  1240 E Hyphenator: Caused by: android.system.ErrnoException: open failed: ENOENT (No such file or directory)
12-12 10:29:04.714  1240  1240 E Hyphenator: 	at libcore.io.Posix.open(Native Method)
12-12 10:29:04.714  1240  1240 E Hyphenator: 	at libcore.io.BlockGuardOs.open(BlockGuardOs.java:186)
12-12 10:29:04.714  1240  1240 E Hyphenator: 	at libcore.io.IoBridge.open(IoBridge.java:438)
12-12 10:29:04.714  1240  1240 E Hyphenator: 	... 7 more
12-12 10:29:04.714  1240  1240 E Hyphenator: error loading hyphenation /system/usr/hyphen-data/hyph-nn.pat.txt
12-12 10:29:04.714  1240  1240 E Hyphenator: java.io.FileNotFoundException: /system/usr/hyphen-data/hyph-nn.pat.txt: open failed: ENOENT (No such file or directory)
12-12 10:29:04.714  1240  1240 E Hyphenator: 	at libcore.io.IoBridge.open(IoBridge.java:452)
12-12 10:29:04.714  1240  1240 E Hyphenator: 	at libcore.io.IoUtils$FileReader.<init>(IoUtils.java:207)
12-12 10:29:04.714  1240  1240 E Hyphenator: 	at libcore.io.IoUtils.readFileAsString(IoUtils.java:114)
12-12 10:29:04.714  1240  1240 E Hyphenator: 	at android.text.Hyphenator.loadHyphenator(Hyphenator.java:96)
12-12 10:29:04.714  1240  1240 E Hyphenator: 	at android.text.Hyphenator.init(Hyphenator.java:154)
12-12 10:29:04.714  1240  1240 E Hyphenator: 	at com.android.internal.os.ZygoteInit.preloadTextResources(ZygoteInit.java:207)
12-12 10:29:04.714  1240  1240 E Hyphenator: 	at com.android.internal.os.ZygoteInit.preload(ZygoteInit.java:186)
12-12 10:29:04.714  1240  1240 E Hyphenator: 	at com.android.internal.os.ZygoteInit.main(ZygoteInit.java:593)
12-12 10:29:04.714  1240  1240 E Hyphenator: Caused by: android.system.ErrnoException: open failed: ENOENT (No such file or directory)
12-12 10:29:04.714  1240  1240 E Hyphenator: 	at libcore.io.Posix.open(Native Method)
12-12 10:29:04.714  1240  1240 E Hyphenator: 	at libcore.io.BlockGuardOs.open(BlockGuardOs.java:186)
12-12 10:29:04.714  1240  1240 E Hyphenator: 	at libcore.io.IoBridge.open(IoBridge.java:438)
12-12 10:29:04.714  1240  1240 E Hyphenator: 	... 7 more
12-12 10:29:04.715  1240  1240 E Hyphenator: error loading hyphenation /system/usr/hyphen-data/hyph-sa.pat.txt
12-12 10:29:04.715  1240  1240 E Hyphenator: java.io.FileNotFoundException: /system/usr/hyphen-data/hyph-sa.pat.txt: open failed: ENOENT (No such file or directory)
12-12 10:29:04.715  1240  1240 E Hyphenator: 	at libcore.io.IoBridge.open(IoBridge.java:452)
12-12 10:29:04.715  1240  1240 E Hyphenator: 	at libcore.io.IoUtils$FileReader.<init>(IoUtils.java:207)
12-12 10:29:04.715  1240  1240 E Hyphenator: 	at libcore.io.IoUtils.readFileAsString(IoUtils.java:114)
12-12 10:29:04.715  1240  1240 E Hyphenator: 	at android.text.Hyphenator.loadHyphenator(Hyphenator.java:96)
12-12 10:29:04.715  1240  1240 E Hyphenator: 	at android.text.Hyphenator.init(Hyphenator.java:154)
12-12 10:29:04.715  1240  1240 E Hyphenator: 	at com.android.internal.os.ZygoteInit.preloadTextResources(ZygoteInit.java:207)
12-12 10:29:04.715  1240  1240 E Hyphenator: 	at com.android.internal.os.ZygoteInit.preload(ZygoteInit.java:186)
12-12 10:29:04.715  1240  1240 E Hyphenator: 	at com.android.internal.os.ZygoteInit.main(ZygoteInit.java:593)
12-12 10:29:04.715  1240  1240 E Hyphenator: Caused by: android.system.ErrnoException: open failed: ENOENT (No such file or directory)
12-12 10:29:04.715  1240  1240 E Hyphenator: 	at libcore.io.Posix.open(Native Method)
12-12 10:29:04.715  1240  1240 E Hyphenator: 	at libcore.io.BlockGuardOs.open(BlockGuardOs.java:186)
12-12 10:29:04.715  1240  1240 E Hyphenator: 	at libcore.io.IoBridge.open(IoBridge.java:438)
12-12 10:29:04.715  1240  1240 E Hyphenator: 	... 7 more
12-12 10:29:04.715  1241  1241 D libEGL  : loaded /system/lib/egl/libGLESv1_CM_emulation.so
12-12 10:29:04.715  1240  1240 E Hyphenator: error loading hyphenation /system/usr/hyphen-data/hyph-und-ethi.pat.txt
12-12 10:29:04.715  1240  1240 E Hyphenator: java.io.FileNotFoundException: /system/usr/hyphen-data/hyph-und-ethi.pat.txt: open failed: ENOENT (No such file or directory)
12-12 10:29:04.715  1240  1240 E Hyphenator: 	at libcore.io.IoBridge.open(IoBridge.java:452)
12-12 10:29:04.715  1240  1240 E Hyphenator: 	at libcore.io.IoUtils$FileReader.<init>(IoUtils.java:207)
12-12 10:29:04.715  1240  1240 E Hyphenator: 	at libcore.io.IoUtils.readFileAsString(IoUtils.java:114)
12-12 10:29:04.715  1240  1240 E Hyphenator: 	at android.text.Hyphenator.loadHyphenator(Hyphenator.java:96)
12-12 10:29:04.715  1240  1240 E Hyphenator: 	at android.text.Hyphenator.init(Hyphenator.java:154)
12-12 10:29:04.715  1240  1240 E Hyphenator: 	at com.android.internal.os.ZygoteInit.preloadTextResources(ZygoteInit.java:207)
12-12 10:29:04.715  1240  1240 E Hyphenator: 	at com.android.internal.os.ZygoteInit.preload(ZygoteInit.java:186)
12-12 10:29:04.715  1240  1240 E Hyphenator: 	at com.android.internal.os.ZygoteInit.main(ZygoteInit.java:593)
12-12 10:29:04.715  1240  1240 E Hyphenator: Caused by: android.system.ErrnoException: open failed: ENOENT (No such file or directory)
12-12 10:29:04.715  1240  1240 E Hyphenator: 	at libcore.io.Posix.open(Native Method)
12-12 10:29:04.715  1240  1240 E Hyphenator: 	at libcore.io.BlockGuardOs.open(BlockGuardOs.java:186)
12-12 10:29:04.715  1240  1240 E Hyphenator: 	at libcore.io.IoBridge.open(IoBridge.java:438)
12-12 10:29:04.715  1240  1240 E Hyphenator: 	... 7 more
12-12 10:29:04.720  1240  1240 D Zygote  : end preload
12-12 10:29:04.720  1240  1240 I art     : Starting a blocking GC Explicit
12-12 10:29:04.720  1241  1241 D libEGL  : loaded /system/lib/egl/libGLESv2_emulation.so
12-12 10:29:04.727  1241  1241 I Zygote  : Preloading shared libraries...
12-12 10:29:04.730  1240  1240 I art     : Explicit concurrent mark sweep GC freed 6249(531KB) AllocSpace objects, 38(1256KB) LOS objects, 63% free, 2MB/6MB, paused 197us total 5.569ms
12-12 10:29:04.734  1241  1241 E Hyphenator: error loading hyphenation /system/usr/hyphen-data/hyph-en-us.pat.txt
12-12 10:29:04.734  1241  1241 E Hyphenator: java.io.FileNotFoundException: /system/usr/hyphen-data/hyph-en-us.pat.txt: open failed: ENOENT (No such file or directory)
12-12 10:29:04.734  1241  1241 E Hyphenator: 	at libcore.io.IoBridge.open(IoBridge.java:452)
12-12 10:29:04.734  1241  1241 E Hyphenator: 	at libcore.io.IoUtils$FileReader.<init>(IoUtils.java:207)
12-12 10:29:04.734  1241  1241 E Hyphenator: 	at libcore.io.IoUtils.readFileAsString(IoUtils.java:114)
12-12 10:29:04.734  1241  1241 E Hyphenator: 	at android.text.Hyphenator.loadHyphenator(Hyphenator.java:96)
12-12 10:29:04.734  1241  1241 E Hyphenator: 	at android.text.Hyphenator.init(Hyphenator.java:154)
12-12 10:29:04.734  1241  1241 E Hyphenator: 	at com.android.internal.os.ZygoteInit.preloadTextResources(ZygoteInit.java:207)
12-12 10:29:04.734  1241  1241 E Hyphenator: 	at com.android.internal.os.ZygoteInit.preload(ZygoteInit.java:186)
12-12 10:29:04.734  1241  1241 E Hyphenator: 	at com.android.internal.os.ZygoteInit.main(ZygoteInit.java:593)
12-12 10:29:04.734  1241  1241 E Hyphenator: Caused by: android.system.ErrnoException: open failed: ENOENT (No such file or directory)
12-12 10:29:04.734  1241  1241 E Hyphenator: 	at libcore.io.Posix.open(Native Method)
12-12 10:29:04.734  1241  1241 E Hyphenator: 	at libcore.io.BlockGuardOs.open(BlockGuardOs.java:186)
12-12 10:29:04.734  1241  1241 E Hyphenator: 	at libcore.io.IoBridge.open(IoBridge.java:438)
12-12 10:29:04.734  1241  1241 E Hyphenator: 	... 7 more
12-12 10:29:04.734  1241  1241 E Hyphenator: error loading hyphenation /system/usr/hyphen-data/hyph-eu.pat.txt
12-12 10:29:04.734  1241  1241 E Hyphenator: java.io.FileNotFoundException: /system/usr/hyphen-data/hyph-eu.pat.txt: open failed: ENOENT (No such file or directory)
12-12 10:29:04.734  1241  1241 E Hyphenator: 	at libcore.io.IoBridge.open(IoBridge.java:452)
12-12 10:29:04.734  1241  1241 E Hyphenator: 	at libcore.io.IoUtils$FileReader.<init>(IoUtils.java:207)
12-12 10:29:04.734  1241  1241 E Hyphenator: 	at libcore.io.IoUtils.readFileAsString(IoUtils.java:114)
12-12 10:29:04.734  1241  1241 E Hyphenator: 	at android.text.Hyphenator.loadHyphenator(Hyphenator.java:96)
12-12 10:29:04.734  1241  1241 E Hyphenator: 	at android.text.Hyphenator.init(Hyphenator.java:154)
12-12 10:29:04.734  1241  1241 E Hyphenator: 	at com.android.internal.os.ZygoteInit.preloadTextResources(ZygoteInit.java:207)
12-12 10:29:04.734  1241  1241 E Hyphenator: 	at com.android.internal.os.ZygoteInit.preload(ZygoteInit.java:186)
12-12 10:29:04.734  1241  1241 E Hyphenator: 	at com.android.internal.os.ZygoteInit.main(ZygoteInit.java:593)
12-12 10:29:04.734  1241  1241 E Hyphenator: Caused by: android.system.ErrnoException: open failed: ENOENT (No such file or directory)
12-12 10:29:04.734  1241  1241 E Hyphenator: 	at libcore.io.Posix.open(Native Method)
12-12 10:29:04.734  1241  1241 E Hyphenator: 	at libcore.io.BlockGuardOs.open(BlockGuardOs.java:186)
12-12 10:29:04.734  1241  1241 E Hyphenator: 	at libcore.io.IoBridge.open(IoBridge.java:438)
12-12 10:29:04.734  1241  1241 E Hyphenator: 	... 7 more
12-12 10:29:04.735  1241  1241 E Hyphenator: error loading hyphenation /system/usr/hyphen-data/hyph-hu.pat.txt
12-12 10:29:04.735  1241  1241 E Hyphenator: java.io.FileNotFoundException: /system/usr/hyphen-data/hyph-hu.pat.txt: open failed: ENOENT (No such file or directory)
12-12 10:29:04.735  1241  1241 E Hyphenator: 	at libcore.io.IoBridge.open(IoBridge.java:452)
12-12 10:29:04.735  1241  1241 E Hyphenator: 	at libcore.io.IoUtils$FileReader.<init>(IoUtils.java:207)
12-12 10:29:04.735  1241  1241 E Hyphenator: 	at libcore.io.IoUtils.readFileAsString(IoUtils.java:114)
12-12 10:29:04.735  1241  1241 E Hyphenator: 	at android.text.Hyphenator.loadHyphenator(Hyphenator.java:96)
12-12 10:29:04.735  1241  1241 E Hyphenator: 	at android.text.Hyphenator.init(Hyphenator.java:154)
12-12 10:29:04.735  1241  1241 E Hyphenator: 	at com.android.internal.os.ZygoteInit.preloadTextResources(ZygoteInit.java:207)
12-12 10:29:04.735  1241  1241 E Hyphenator: 	at com.android.internal.os.ZygoteInit.preload(ZygoteInit.java:186)
12-12 10:29:04.735  1241  1241 E Hyphenator: 	at com.android.internal.os.ZygoteInit.main(ZygoteInit.java:593)
12-12 10:29:04.735  1241  1241 E Hyphenator: Caused by: android.system.ErrnoException: open failed: ENOENT (No such file or directory)
12-12 10:29:04.735  1241  1241 E Hyphenator: 	at libcore.io.Posix.open(Native Method)
12-12 10:29:04.735  1241  1241 E Hyphenator: 	at libcore.io.BlockGuardOs.open(BlockGuardOs.java:186)
12-12 10:29:04.735  1241  1241 E Hyphenator: 	at libcore.io.IoBridge.open(IoBridge.java:438)
12-12 10:29:04.735  1241  1241 E Hyphenator: 	... 7 more
12-12 10:29:04.735  1241  1241 E Hyphenator: error loading hyphenation /system/usr/hyphen-data/hyph-hy.pat.txt
12-12 10:29:04.735  1241  1241 E Hyphenator: java.io.FileNotFoundException: /system/usr/hyphen-data/hyph-hy.pat.txt: open failed: ENOENT (No such file or directory)
12-12 10:29:04.735  1241  1241 E Hyphenator: 	at libcore.io.IoBridge.open(IoBridge.java:452)
12-12 10:29:04.735  1241  1241 E Hyphenator: 	at libcore.io.IoUtils$FileReader.<init>(IoUtils.java:207)
12-12 10:29:04.735  1241  1241 E Hyphenator: 	at libcore.io.IoUtils.readFileAsString(IoUtils.java:114)
12-12 10:29:04.735  1241  1241 E Hyphenator: 	at android.text.Hyphenator.loadHyphenator(Hyphenator.java:96)
12-12 10:29:04.735  1241  1241 E Hyphenator: 	at android.text.Hyphenator.init(Hyphenator.java:154)
12-12 10:29:04.735  1241  1241 E Hyphenator: 	at com.android.internal.os.ZygoteInit.preloadTextResources(ZygoteInit.java:207)
12-12 10:29:04.735  1241  1241 E Hyphenator: 	at com.android.internal.os.ZygoteInit.preload(ZygoteInit.java:186)
12-12 10:29:04.735  1241  1241 E Hyphenator: 	at com.android.internal.os.ZygoteInit.main(ZygoteInit.java:593)
12-12 10:29:04.735  1241  1241 E Hyphenator: Caused by: android.system.ErrnoException: open failed: ENOENT (No such file or directory)
12-12 10:29:04.735  1241  1241 E Hyphenator: 	at libcore.io.Posix.open(Native Method)
12-12 10:29:04.735  1241  1241 E Hyphenator: 	at libcore.io.BlockGuardOs.open(BlockGuardOs.java:186)
12-12 10:29:04.735  1241  1241 E Hyphenator: 	at libcore.io.IoBridge.open(IoBridge.java:438)
12-12 10:29:04.735  1241  1241 E Hyphenator: 	... 7 more
12-12 10:29:04.735  1241  1241 E Hyphenator: error loading hyphenation /system/usr/hyphen-data/hyph-nb.pat.txt
12-12 10:29:04.735  1241  1241 E Hyphenator: java.io.FileNotFoundException: /system/usr/hyphen-data/hyph-nb.pat.txt: open failed: ENOENT (No such file or directory)
12-12 10:29:04.735  1241  1241 E Hyphenator: 	at libcore.io.IoBridge.open(IoBridge.java:452)
12-12 10:29:04.735  1241  1241 E Hyphenator: 	at libcore.io.IoUtils$FileReader.<init>(IoUtils.java:207)
12-12 10:29:04.735  1241  1241 E Hyphenator: 	at libcore.io.IoUtils.readFileAsString(IoUtils.java:114)
12-12 10:29:04.735  1241  1241 E Hyphenator: 	at android.text.Hyphenator.loadHyphenator(Hyphenator.java:96)
12-12 10:29:04.735  1241  1241 E Hyphenator: 	at android.text.Hyphenator.init(Hyphenator.java:154)
12-12 10:29:04.735  1241  1241 E Hyphenator: 	at com.android.internal.os.ZygoteInit.preloadTextResources(ZygoteInit.java:207)
12-12 10:29:04.735  1241  1241 E Hyphenator: 	at com.android.internal.os.ZygoteInit.preload(ZygoteInit.java:186)
12-12 10:29:04.735  1241  1241 E Hyphenator: 	at com.android.internal.os.ZygoteInit.main(ZygoteInit.java:593)
12-12 10:29:04.735  1241  1241 E Hyphenator: Caused by: android.system.ErrnoException: open failed: ENOENT (No such file or directory)
12-12 10:29:04.735  1241  1241 E Hyphenator: 	at libcore.io.Posix.open(Native Method)
12-12 10:29:04.735  1241  1241 E Hyphenator: 	at libcore.io.BlockGuardOs.open(BlockGuardOs.java:186)
12-12 10:29:04.735  1241  1241 E Hyphenator: 	at libcore.io.IoBridge.open(IoBridge.java:438)
12-12 10:29:04.735  1241  1241 E Hyphenator: 	... 7 more
12-12 10:29:04.735  1241  1241 E Hyphenator: error loading hyphenation /system/usr/hyphen-data/hyph-nn.pat.txt
12-12 10:29:04.735  1241  1241 E Hyphenator: java.io.FileNotFoundException: /system/usr/hyphen-data/hyph-nn.pat.txt: open failed: ENOENT (No such file or directory)
12-12 10:29:04.735  1241  1241 E Hyphenator: 	at libcore.io.IoBridge.open(IoBridge.java:452)
12-12 10:29:04.735  1241  1241 E Hyphenator: 	at libcore.io.IoUtils$FileReader.<init>(IoUtils.java:207)
12-12 10:29:04.735  1241  1241 E Hyphenator: 	at libcore.io.IoUtils.readFileAsString(IoUtils.java:114)
12-12 10:29:04.735  1241  1241 E Hyphenator: 	at android.text.Hyphenator.loadHyphenator(Hyphenator.java:96)
12-12 10:29:04.735  1241  1241 E Hyphenator: 	at android.text.Hyphenator.init(Hyphenator.java:154)
12-12 10:29:04.735  1241  1241 E Hyphenator: 	at com.android.internal.os.ZygoteInit.preloadTextResources(ZygoteInit.java:207)
12-12 10:29:04.735  1241  1241 E Hyphenator: 	at com.android.internal.os.ZygoteInit.preload(ZygoteInit.java:186)
12-12 10:29:04.735  1241  1241 E Hyphenator: 	at com.android.internal.os.ZygoteInit.main(ZygoteInit.java:593)
12-12 10:29:04.735  1241  1241 E Hyphenator: Caused by: android.system.ErrnoException: open failed: ENOENT (No such file or directory)
12-12 10:29:04.735  1241  1241 E Hyphenator: 	at libcore.io.Posix.open(Native Method)
12-12 10:29:04.735  1241  1241 E Hyphenator: 	at libcore.io.BlockGuardOs.open(BlockGuardOs.java:186)
12-12 10:29:04.735  1241  1241 E Hyphenator: 	at libcore.io.IoBridge.open(IoBridge.java:438)
12-12 10:29:04.735  1241  1241 E Hyphenator: 	... 7 more
12-12 10:29:04.735  1241  1241 E Hyphenator: error loading hyphenation /system/usr/hyphen-data/hyph-sa.pat.txt
12-12 10:29:04.735  1241  1241 E Hyphenator: java.io.FileNotFoundException: /system/usr/hyphen-data/hyph-sa.pat.txt: open failed: ENOENT (No such file or directory)
12-12 10:29:04.735  1241  1241 E Hyphenator: 	at libcore.io.IoBridge.open(IoBridge.java:452)
12-12 10:29:04.735  1241  1241 E Hyphenator: 	at libcore.io.IoUtils$FileReader.<init>(IoUtils.java:207)
12-12 10:29:04.735  1241  1241 E Hyphenator: 	at libcore.io.IoUtils.readFileAsString(IoUtils.java:114)
12-12 10:29:04.735  1241  1241 E Hyphenator: 	at android.text.Hyphenator.loadHyphenator(Hyphenator.java:96)
12-12 10:29:04.735  1241  1241 E Hyphenator: 	at android.text.Hyphenator.init(Hyphenator.java:154)
12-12 10:29:04.735  1241  1241 E Hyphenator: 	at com.android.internal.os.ZygoteInit.preloadTextResources(ZygoteInit.java:207)
12-12 10:29:04.735  1241  1241 E Hyphenator: 	at com.android.internal.os.ZygoteInit.preload(ZygoteInit.java:186)
12-12 10:29:04.735  1241  1241 E Hyphenator: 	at com.android.internal.os.ZygoteInit.main(ZygoteInit.java:593)
12-12 10:29:04.735  1241  1241 E Hyphenator: Caused by: android.system.ErrnoException: open failed: ENOENT (No such file or directory)
12-12 10:29:04.735  1241  1241 E Hyphenator: 	at libcore.io.Posix.open(Native Method)
12-12 10:29:04.735  1241  1241 E Hyphenator: 	at libcore.io.BlockGuardOs.open(BlockGuardOs.java:186)
12-12 10:29:04.735  1241  1241 E Hyphenator: 	at libcore.io.IoBridge.open(IoBridge.java:438)
12-12 10:29:04.735  1241  1241 E Hyphenator: 	... 7 more
12-12 10:29:04.735  1241  1241 E Hyphenator: error loading hyphenation /system/usr/hyphen-data/hyph-und-ethi.pat.txt
12-12 10:29:04.735  1241  1241 E Hyphenator: java.io.FileNotFoundException: /system/usr/hyphen-data/hyph-und-ethi.pat.txt: open failed: ENOENT (No such file or directory)
12-12 10:29:04.735  1241  1241 E Hyphenator: 	at libcore.io.IoBridge.open(IoBridge.java:452)
12-12 10:29:04.735  1241  1241 E Hyphenator: 	at libcore.io.IoUtils$FileReader.<init>(IoUtils.java:207)
12-12 10:29:04.735  1241  1241 E Hyphenator: 	at libcore.io.IoUtils.readFileAsString(IoUtils.java:114)
12-12 10:29:04.735  1241  1241 E Hyphenator: 	at android.text.Hyphenator.loadHyphenator(Hyphenator.java:96)
12-12 10:29:04.735  1241  1241 E Hyphenator: 	at android.text.Hyphenator.init(Hyphenator.java:154)
12-12 10:29:04.735  1241  1241 E Hyphenator: 	at com.android.internal.os.ZygoteInit.preloadTextResources(ZygoteInit.java:207)
12-12 10:29:04.735  1241  1241 E Hyphenator: 	at com.android.internal.os.ZygoteInit.preload(ZygoteInit.java:186)
12-12 10:29:04.735  1241  1241 E Hyphenator: 	at com.android.internal.os.ZygoteInit.main(ZygoteInit.java:593)
12-12 10:29:04.735  1241  1241 E Hyphenator: Caused by: android.system.ErrnoException: open failed: ENOENT (No such file or directory)
12-12 10:29:04.735  1241  1241 E Hyphenator: 	at libcore.io.Posix.open(Native Method)
12-12 10:29:04.735  1241  1241 E Hyphenator: 	at libcore.io.BlockGuardOs.open(BlockGuardOs.java:186)
12-12 10:29:04.735  1241  1241 E Hyphenator: 	at libcore.io.IoBridge.open(IoBridge.java:438)
12-12 10:29:04.735  1241  1241 E Hyphenator: 	... 7 more
12-12 10:29:04.740  1240  1240 I art     : Starting a blocking GC Explicit
12-12 10:29:04.743  1240  1240 I art     : Explicit concurrent mark sweep GC freed 1142(76KB) AllocSpace objects, 28(1000KB) LOS objects, 66% free, 1298KB/3MB, paused 225us total 2.513ms
12-12 10:29:04.743  1240  1534 I art     : Starting a blocking GC HeapTrim
12-12 10:29:04.746  1240  1240 I art     : Starting a blocking GC Background
12-12 10:29:04.752  1241  1241 D Zygote  : end preload
12-12 10:29:04.753  1241  1241 I art     : Starting a blocking GC Explicit
12-12 10:29:04.765  1241  1241 I art     : Explicit concurrent mark sweep GC freed 1436(98KB) AllocSpace objects, 11(432KB) LOS objects, 64% free, 2MB/6MB, paused 2.637ms total 12.020ms
12-12 10:29:04.765  1240  1240 I Zygote  : System server process 1632 has been created
12-12 10:29:04.765  1240  1240 I Zygote  : Accepting command socket connections
12-12 10:29:04.767  1241  1241 I art     : Starting a blocking GC Explicit
12-12 10:29:04.771  1241  1241 I art     : Explicit concurrent mark sweep GC freed 1394(99KB) AllocSpace objects, 27(972KB) LOS objects, 66% free, 1231KB/3MB, paused 652us total 4.512ms
12-12 10:29:04.771  1241  1241 I Zygote  : Accepting command socket connections
12-12 10:29:04.791  1632  1632 I Zygote  : Process: zygote socket opened, supported ABIS: x86
12-12 10:29:04.792  1632  1632 I InstallerConnection: connecting...
12-12 10:29:04.793  1238  1238 I installd: new connection
12-12 10:29:04.798  1632  1632 I InstallerConnection: disconnecting...
12-12 10:29:04.798  1238  1238 E installd: eof
12-12 10:29:04.798  1238  1238 E installd: failed to read size
12-12 10:29:04.798  1238  1238 I installd: closing connection
12-12 10:29:04.811  1632  1632 I SystemServer: Entered the Android system server!
12-12 10:29:04.844  1632  1632 I SystemServiceManager: Starting com.android.server.pm.Installer
12-12 10:29:04.846  1632  1632 I Installer: Waiting for installd to be ready.
12-12 10:29:04.846  1632  1632 I InstallerConnection: connecting...
12-12 10:29:04.846  1238  1238 I installd: new connection
12-12 10:29:04.846  1632  1632 I SystemServiceManager: Starting com.android.server.am.ActivityManagerService$Lifecycle
12-12 10:29:04.855  1632  1632 I ActivityManager: Memory class: 256
12-12 10:29:04.860  1632  1652 I ServiceThread: Enabled StrictMode logging for ActivityManager looper.
12-12 10:29:04.862  1632  1653 I ServiceThread: Enabled StrictMode logging for android.ui looper.
12-12 10:29:04.882  1632  1632 D BatteryStatsImpl: Reading daily items from /data/system/batterystats-daily.xml
12-12 10:29:04.931  1632  1632 I IntentFirewall: Read new rules (A:0 B:0 S:0)
12-12 10:29:04.936  1632  1663 I ServiceThread: Enabled StrictMode logging for android.display looper.
12-12 10:29:04.941  1632  1632 D AppOps  : AppOpsService published
12-12 10:29:04.942  1632  1632 I SystemServiceManager: Starting com.android.server.power.PowerManagerService
12-12 10:29:04.946  1632  1665 I ServiceThread: Enabled StrictMode logging for PowerManagerService looper.
12-12 10:29:04.948  1632  1632 E PowerManagerService-JNI: Couldn't load power module (No such file or directory)
12-12 10:29:04.948  1632  1632 W libsuspend: Error writing 'on' to /sys/power/state: Invalid argument
12-12 10:29:04.948  1632  1632 I libsuspend: Selected wakeup count
12-12 10:29:04.958  1632  1632 I SystemServiceManager: Starting com.android.server.lights.LightsService
12-12 10:29:04.961  1632  1632 I SystemServiceManager: Starting com.android.server.display.DisplayManagerService
12-12 10:29:04.964  1632  1632 I SystemServiceManager: Starting phase 100
12-12 10:29:04.967  1216  1256 E SurfaceFlinger: ro.sf.lcd_density must be defined as a build property
12-12 10:29:04.972  1632  1663 I DisplayManagerService: Display device added: DisplayDeviceInfo{"Built-in Screen": uniqueId="local:0", 1440 x 2560, modeId 1, defaultModeId 1, supportedModes [{id=1, width=1440, height=2560, fps=60.000004}], density 560, 560.0 x 560.0 dpi, appVsyncOff 0, presDeadline 17666666, touch INTERNAL, rotation 0, type BUILT_IN, state UNKNOWN, FLAG_DEFAULT_DISPLAY, FLAG_ROTATES_WITH_CONTENT, FLAG_SECURE, FLAG_SUPPORTS_PROTECTED_BUFFERS}
12-12 10:29:04.972  1216  1216 D SurfaceFlinger: Set power mode=2, type=0 flinger=0x7fc51f943c00
12-12 10:29:04.972  1216  1216 D SurfaceFlinger: Screen type=0 is already mode=2
12-12 10:29:04.973  1632  1663 I DisplayManagerService: Display device changed state: "Built-in Screen", ON
12-12 10:29:04.973  1632  1632 I SystemServer: Package Manager
12-12 10:29:04.991  1632  1632 W SystemConfig: No directory /system/etc/sysconfig, skipping
12-12 10:29:05.012  1632  1632 D SELinuxMMAC: Using policy file /system/etc/security/mac_permissions.xml
12-12 10:29:05.049  1632  1632 E art     : DexFile_getDexOptNeeded file '/system/framework/org.apache.http.legacy.jar' does not exist
12-12 10:29:05.049  1632  1632 W PackageManager: Library not found: /system/framework/org.apache.http.legacy.jar
12-12 10:29:05.055  1632  1632 E art     : DexFile_getDexOptNeeded file '/system/framework/org.apache.http.legacy.jar' does not exist
12-12 10:29:05.055  1632  1632 W PackageManager: Library not found: /system/framework/org.apache.http.legacy.jar
12-12 10:29:05.085  1632  1632 D PackageManager: No files in app dir /vendor/overlay
12-12 10:29:05.098  1632  1632 W PackageManager: Failed to parse /system/framework/oat: Missing base APK in /system/framework/oat
12-12 10:29:05.098  1632  1632 W PackageManager: Failed to parse /system/framework/x86: Missing base APK in /system/framework/x86
12-12 10:29:05.098  1632  1632 W PackageManager: Failed to parse /system/framework/x86_64: Missing base APK in /system/framework/x86_64
12-12 10:29:05.115  1632  1632 W PackageParser: No actions in intent filter at /system/priv-app/Contacts/Contacts.apk Binary XML file line #388
12-12 10:29:05.137  1632  1632 W PackageParser: No actions in intent filter at /system/priv-app/Dialer/Dialer.apk Binary XML file line #172
12-12 10:29:05.145  1632  1632 W PackageManager: Permission android.permission.DOWNLOAD_WITHOUT_NOTIFICATION from package com.android.providers.downloads in an unknown group android.permission-group.NETWORK
12-12 10:29:05.200  1632  1632 W PackageParser: Ignoring duplicate uses-permissions/uses-permissions-sdk-m: android.permission.USE_CREDENTIALS in package: com.android.settings at: Binary XML file line #55
12-12 10:29:05.200  1632  1632 W PackageParser: Ignoring duplicate uses-permissions/uses-permissions-sdk-m: android.permission.READ_SYNC_SETTINGS in package: com.android.settings at: Binary XML file line #60
12-12 10:29:05.200  1632  1632 W PackageParser: Ignoring duplicate uses-permissions/uses-permissions-sdk-m: android.permission.WRITE_SYNC_SETTINGS in package: com.android.settings at: Binary XML file line #61
12-12 10:29:05.222  1632  1632 W PackageParser: Ignoring duplicate uses-permissions/uses-permissions-sdk-m: android.permission.INSTALL_GRANT_RUNTIME_PERMISSIONS in package: com.android.shell at: Binary XML file line #101
12-12 10:29:05.232  1632  1632 W PackageParser: Ignoring duplicate uses-permissions/uses-permissions-sdk-m: android.permission.CONFIGURE_WIFI_DISPLAY in package: com.android.systemui at: Binary XML file line #119
12-12 10:29:05.317  1237  1237 I ServiceManager: Waiting for service media.camera.proxy...
12-12 10:29:05.334  1632  1632 W PackageParser: Ignoring duplicate uses-permissions/uses-permissions-sdk-m: android.permission.WRITE_CONTACTS in package: com.android.email at: Binary XML file line #40
12-12 10:29:05.457  1632  1632 D PackageManager: No files in app dir /system/vendor/app
12-12 10:29:05.457  1632  1632 D PackageManager: No files in app dir /oem/app
12-12 10:29:05.467  1632  1632 W PackageParser: No actions in intent filter at /data/app/ApiDemos/ApiDemos.apk Binary XML file line #3082
12-12 10:29:05.467  1632  1632 W PackageParser: No actions in intent filter at /data/app/ApiDemos/ApiDemos.apk Binary XML file line #3088
12-12 10:29:05.467  1632  1632 W PackageManager: Package com.example.android.apis desires unavailable shared library com.example.will.never.exist; ignoring!
12-12 10:29:05.471  1632  1632 I SELinux : SELinux: Loaded file_contexts contexts from /file_contexts.
12-12 10:29:05.494  1632  1632 I PackageParser: com.algonquincollege.oh000024.myfirstapp: compat added android.permission.WRITE_EXTERNAL_STORAGE android.permission.READ_PHONE_STATE
12-12 10:29:05.496  1632  1632 W zipro   : Error opening archive /data/app/ca.edumedia.oh000024.di-1/base.apk: Invalid file
12-12 10:29:05.496  1632  1632 D asset   : failed to open Zip archive '/data/app/ca.edumedia.oh000024.di-1/base.apk'
12-12 10:29:05.496  1632  1632 W PackageManager: Failed to parse /data/app/ca.edumedia.oh000024.di-1: Failed to parse /data/app/ca.edumedia.oh000024.di-1/base.apk
12-12 10:29:05.497  1632  1632 W zipro   : Error opening archive /data/app/ca.edumedia.oh000024.di-2/base.apk: Invalid file
12-12 10:29:05.497  1632  1632 D asset   : failed to open Zip archive '/data/app/ca.edumedia.oh000024.di-2/base.apk'
12-12 10:29:05.497  1632  1632 W PackageManager: Failed to parse /data/app/ca.edumedia.oh000024.di-2: Failed to parse /data/app/ca.edumedia.oh000024.di-2/base.apk
12-12 10:29:05.498  1632  1632 W zipro   : Error opening archive /data/app/ca.edumedia.oh000024.di-3/base.apk: Invalid file
12-12 10:29:05.498  1632  1632 D asset   : failed to open Zip archive '/data/app/ca.edumedia.oh000024.di-3/base.apk'
12-12 10:29:05.498  1632  1632 W PackageManager: Failed to parse /data/app/ca.edumedia.oh000024.di-3: Failed to parse /data/app/ca.edumedia.oh000024.di-3/base.apk
12-12 10:29:05.498  1632  1632 D PackageManager: No files in app dir /data/app-private
12-12 10:29:05.498  1632  1632 W PackageManager: Package com.android.camera desires unavailable shared library com.google.android.media.effects; ignoring!
12-12 10:29:05.498  1632  1632 W PackageManager: Package com.example.android.apis desires unavailable shared library com.example.will.never.exist; ignoring!
12-12 10:29:05.498  1632  1632 I PackageManager: Adjusting ABI for : com.android.server.telecom to x86_64
12-12 10:29:05.499  1632  1632 I PackageManager: Adjusting ABI for : com.android.providers.settings to x86_64
12-12 10:29:05.500  1632  1632 I PackageManager: Adjusting ABI for : com.android.inputdevices to x86_64
12-12 10:29:05.501  1632  1632 I PackageManager: Adjusting ABI for : com.android.settings to x86_64
12-12 10:29:05.501  1632  1632 I PackageManager: Adjusting ABI for : com.android.keychain to x86_64
12-12 10:29:05.501  1632  1632 I PackageManager: Adjusting ABI for : com.android.location.fused to x86_64
12-12 10:29:05.504  1632  1632 I PackageManager: Time to scan packages: 0.459 seconds
12-12 10:29:05.504  1632  1632 W PackageManager: Unknown permission com.google.android.googleapps.permission.GOOGLE_AUTH in package com.android.providers.calendar
12-12 10:29:05.504  1632  1632 W PackageManager: Unknown permission com.google.android.googleapps.permission.GOOGLE_AUTH.cl in package com.android.providers.calendar
12-12 10:29:05.504  1632  1632 W PackageManager: Not granting permission android.permission.GLOBAL_SEARCH to package com.android.quicksearchbox (protectionLevel=18 flags=0x3808be45)
12-12 10:29:05.504  1632  1632 W PackageManager: Not granting permission android.permission.ACCESS_DOWNLOAD_MANAGER to package com.android.browser (protectionLevel=18 flags=0x3809be45)
12-12 10:29:05.505  1632  1632 W PackageManager: Not granting permission android.permission.SEND_DOWNLOAD_COMPLETED_INTENTS to package com.android.browser (protectionLevel=2 flags=0x3809be45)
12-12 10:29:05.505  1632  1632 W PackageManager: Unknown permission com.android.launcher.permission.READ_SETTINGS in package com.android.launcher3
12-12 10:29:05.505  1632  1632 W PackageManager: Unknown permission com.android.launcher.permission.WRITE_SETTINGS in package com.android.launcher3
12-12 10:29:05.505  1632  1632 W PackageManager: Unknown permission com.google.android.googleapps.permission.GOOGLE_AUTH.mail in package com.android.calendar
12-12 10:29:05.505  1632  1632 W PackageManager: Not granting permission android.permission.DELETE_PACKAGES to package com.svox.pico (protectionLevel=18 flags=0x3808be45)
12-12 10:29:05.505  1632  1632 W PackageManager: Not granting permission android.permission.READ_CONTACTS to package com.example.android.apis because it was previously installed without
12-12 10:29:05.505  1632  1632 W PackageManager: Not granting permission android.permission.WRITE_CONTACTS to package com.example.android.apis because it was previously installed without
12-12 10:29:05.505  1632  1632 W PackageManager: Not granting permission android.permission.ACCESS_COARSE_LOCATION to package com.example.android.apis because it was previously installed without
12-12 10:29:05.505  1632  1632 W PackageManager: Not granting permission android.permission.WRITE_EXTERNAL_STORAGE to package com.example.android.apis because it was previously installed without
12-12 10:29:05.505  1632  1632 W PackageManager: Not granting permission android.permission.SEND_SMS to package com.example.android.apis because it was previously installed without
12-12 10:29:05.505  1632  1632 W PackageManager: Not granting permission android.permission.RECEIVE_SMS to package com.example.android.apis because it was previously installed without
12-12 10:29:05.505  1632  1632 W PackageManager: Not granting permission android.permission.RECEIVE_MMS to package com.example.android.apis because it was previously installed without
12-12 10:29:05.505  1632  1632 W PackageManager: Not granting permission android.permission.READ_SMS to package com.example.android.apis because it was previously installed without
12-12 10:29:05.505  1632  1632 W PackageManager: Not granting permission android.permission.READ_PHONE_STATE to package com.example.android.apis because it was previously installed without
12-12 10:29:05.505  1632  1632 W PackageManager: Not granting permission android.permission.RECORD_AUDIO to package com.example.android.apis because it was previously installed without
12-12 10:29:05.505  1632  1632 W PackageManager: Not granting permission android.permission.CAMERA to package com.example.android.apis because it was previously installed without
12-12 10:29:05.505  1632  1632 W PackageManager: Not granting permission android.permission.READ_EXTERNAL_STORAGE to package com.example.android.apis because it was previously installed without
12-12 10:29:05.505  1632  1632 W PackageManager: Unknown permission com.google.android.googleapps.permission.GOOGLE_AUTH in package com.android.settings
12-12 10:29:05.505  1632  1632 W PackageManager: Unknown permission com.android.launcher.permission.READ_SETTINGS in package com.android.settings
12-12 10:29:05.505  1632  1632 W PackageManager: Unknown permission com.android.launcher.permission.WRITE_SETTINGS in package com.android.settings
12-12 10:29:05.505  1632  1632 W PackageManager: Unknown permission com.android.smspush.WAPPUSH_MANAGER_BIND in package com.android.phone
12-12 10:29:05.506  1632  1632 W PackageManager: Unknown permission com.google.android.googleapps.permission.ACCESS_GOOGLE_PASSWORD in package com.android.development
12-12 10:29:05.506  1632  1632 W PackageManager: Unknown permission com.google.android.googleapps.permission.GOOGLE_AUTH in package com.android.development
12-12 10:29:05.506  1632  1632 W PackageManager: Unknown permission com.google.android.googleapps.permission.GOOGLE_AUTH.ALL_SERVICES in package com.android.development
12-12 10:29:05.506  1632  1632 W PackageManager: Unknown permission com.google.android.googleapps.permission.GOOGLE_AUTH.YouTubeUser in package com.android.development
12-12 10:29:05.506  1632  1632 W PackageManager: Not granting permission android.permission.BIND_APPWIDGET to package com.android.widgetpreview (protectionLevel=18 flags=0x1808be44)
12-12 10:29:05.527  1632  1632 W PackageSettings: Skipping PackageSetting{6ba69dc ca.edumedia.oh000024.di/10055} due to missing metadata
12-12 10:29:05.557  1632  1632 I art     : Starting a blocking GC Explicit
12-12 10:29:05.562  1632  1632 I art     : Explicit concurrent mark sweep GC freed 12437(922KB) AllocSpace objects, 2(40KB) LOS objects, 33% free, 3MB/4MB, paused 410us total 5.311ms
12-12 10:29:05.563  1632  1632 I SystemServer: User Service
12-12 10:29:05.571  1190  1190 I lowmemorykiller: ActivityManager connected
12-12 10:29:05.573  1632  1632 D SensorService: nuSensorService starting...
12-12 10:29:05.577  1632  1632 I SystemServiceManager: Starting com.android.server.BatteryService
12-12 10:29:05.579  1632  1713 D SensorService: nuSensorService thread starting...
12-12 10:29:05.580  1632  1712 D SensorService: new thread SensorEventAckReceiver
12-12 10:29:05.583  1632  1632 I SystemServiceManager: Starting com.android.server.usage.UsageStatsService
12-12 10:29:05.584  1632  1652 E KernelCpuSpeedReader: Failed to read cpu-freq
12-12 10:29:05.584  1632  1652 E KernelCpuSpeedReader: java.io.FileNotFoundException: /sys/devices/system/cpu/cpu0/cpufreq/stats/time_in_state: open failed: ENOENT (No such file or directory)
12-12 10:29:05.584  1632  1652 E KernelCpuSpeedReader: 	at libcore.io.IoBridge.open(IoBridge.java:452)
12-12 10:29:05.584  1632  1652 E KernelCpuSpeedReader: 	at java.io.FileInputStream.<init>(FileInputStream.java:76)
12-12 10:29:05.584  1632  1652 E KernelCpuSpeedReader: 	at java.io.FileInputStream.<init>(FileInputStream.java:103)
12-12 10:29:05.584  1632  1652 E KernelCpuSpeedReader: 	at java.io.FileReader.<init>(FileReader.java:66)
12-12 10:29:05.584  1632  1652 E KernelCpuSpeedReader: 	at com.android.internal.os.KernelCpuSpeedReader.readDelta(KernelCpuSpeedReader.java:49)
12-12 10:29:05.584  1632  1652 E KernelCpuSpeedReader: 	at com.android.internal.os.BatteryStatsImpl.updateCpuTimeLocked(BatteryStatsImpl.java:8002)
12-12 10:29:05.584  1632  1652 E KernelCpuSpeedReader: 	at com.android.internal.os.BatteryStatsImpl$MyHandler.handleMessage(BatteryStatsImpl.java:155)
12-12 10:29:05.584  1632  1652 E KernelCpuSpeedReader: 	at android.os.Handler.dispatchMessage(Handler.java:102)
12-12 10:29:05.584  1632  1652 E KernelCpuSpeedReader: 	at android.os.Looper.loop(Looper.java:148)
12-12 10:29:05.584  1632  1652 E KernelCpuSpeedReader: 	at android.os.HandlerThread.run(HandlerThread.java:61)
12-12 10:29:05.584  1632  1652 E KernelCpuSpeedReader: 	at com.android.server.ServiceThread.run(ServiceThread.java:46)
12-12 10:29:05.584  1632  1652 E KernelCpuSpeedReader: Caused by: android.system.ErrnoException: open failed: ENOENT (No such file or directory)
12-12 10:29:05.584  1632  1652 E KernelCpuSpeedReader: 	at libcore.io.Posix.open(Native Method)
12-12 10:29:05.584  1632  1652 E KernelCpuSpeedReader: 	at libcore.io.BlockGuardOs.open(BlockGuardOs.java:186)
12-12 10:29:05.584  1632  1652 E KernelCpuSpeedReader: 	at libcore.io.IoBridge.open(IoBridge.java:438)
12-12 10:29:05.584  1632  1652 E KernelCpuSpeedReader: 	... 10 more
12-12 10:29:05.584  1632  1652 E KernelUidCpuTimeReader: Failed to read uid_cputime
12-12 10:29:05.584  1632  1652 E KernelUidCpuTimeReader: java.io.FileNotFoundException: /proc/uid_cputime/show_uid_stat: open failed: ENOENT (No such file or directory)
12-12 10:29:05.584  1632  1652 E KernelUidCpuTimeReader: 	at libcore.io.IoBridge.open(IoBridge.java:452)
12-12 10:29:05.584  1632  1652 E KernelUidCpuTimeReader: 	at java.io.FileInputStream.<init>(FileInputStream.java:76)
12-12 10:29:05.584  1632  1652 E KernelUidCpuTimeReader: 	at java.io.FileInputStream.<init>(FileInputStream.java:103)
12-12 10:29:05.584  1632  1652 E KernelUidCpuTimeReader: 	at java.io.FileReader.<init>(FileReader.java:66)
12-12 10:29:05.584  1632  1652 E KernelUidCpuTimeReader: 	at com.android.internal.os.KernelUidCpuTimeReader.readDelta(KernelUidCpuTimeReader.java:71)
12-12 10:29:05.584  1632  1652 E KernelUidCpuTimeReader: 	at com.android.internal.os.BatteryStatsImpl.updateCpuTimeLocked(BatteryStatsImpl.java:8031)
12-12 10:29:05.584  1632  1652 E KernelUidCpuTimeReader: 	at com.android.internal.os.BatteryStatsImpl$MyHandler.handleMessage(BatteryStatsImpl.java:155)
12-12 10:29:05.584  1632  1652 E KernelUidCpuTimeReader: 	at android.os.Handler.dispatchMessage(Handler.java:102)
12-12 10:29:05.584  1632  1652 E KernelUidCpuTimeReader: 	at android.os.Looper.loop(Looper.java:148)
12-12 10:29:05.584  1632  1652 E KernelUidCpuTimeReader: 	at android.os.HandlerThread.run(HandlerThread.java:61)
12-12 10:29:05.584  1632  1652 E KernelUidCpuTimeReader: 	at com.android.server.ServiceThread.run(ServiceThread.java:46)
12-12 10:29:05.584  1632  1652 E KernelUidCpuTimeReader: Caused by: android.system.ErrnoException: open failed: ENOENT (No such file or directory)
12-12 10:29:05.584  1632  1652 E KernelUidCpuTimeReader: 	at libcore.io.Posix.open(Native Method)
12-12 10:29:05.584  1632  1652 E KernelUidCpuTimeReader: 	at libcore.io.BlockGuardOs.open(BlockGuardOs.java:186)
12-12 10:29:05.584  1632  1652 E KernelUidCpuTimeReader: 	at libcore.io.IoBridge.open(IoBridge.java:438)
12-12 10:29:05.584  1632  1652 E KernelUidCpuTimeReader: 	... 10 more
12-12 10:29:05.595  1632  1632 I SystemServiceManager: Starting com.android.server.webkit.WebViewUpdateService
12-12 10:29:05.597  1632  1632 I SystemServer: Reading configuration...
12-12 10:29:05.597  1632  1632 I SystemServer: Scheduling Policy
12-12 10:29:05.598  1632  1632 I SystemServiceManager: Starting com.android.server.telecom.TelecomLoaderService
12-12 10:29:05.599  1632  1632 I SystemServer: Telephony Registry
12-12 10:29:05.602  1632  1632 I SystemServer: Entropy Mixer
12-12 10:29:05.603  1632  1632 I EntropyMixer: Writing entropy...
12-12 10:29:05.637  1632  1632 I SystemServer: Camera Service
12-12 10:29:05.637  1632  1632 I SystemServiceManager: Starting com.android.server.camera.CameraService
12-12 10:29:05.641  1632  1720 I ServiceThread: Enabled StrictMode logging for CameraService_proxy looper.
12-12 10:29:05.642  1632  1632 I SystemServer: Account Manager
12-12 10:29:05.645  1632  1632 I SystemServer: Content Manager
12-12 10:29:05.647  1632  1632 I SystemServer: System Content Providers
12-12 10:29:05.648  1632  1632 W System  : ClassLoader referenced unknown path: /system/priv-app/SettingsProvider/lib/x86_64
12-12 10:29:05.658  1632  1632 I SystemServer: Vibrator Service
12-12 10:29:05.659  1632  1632 I SystemServer: Consumer IR Service
12-12 10:29:05.659  1632  1632 E ConsumerIrService: Can't open consumer IR HW Module, error: -2
12-12 10:29:05.660  1632  1632 I SystemServiceManager: Starting com.android.server.AlarmManagerService
12-12 10:29:05.663  1632  1632 W AlarmManagerService: no wall clock RTC found
12-12 10:29:05.664  1632  1632 D AlarmManagerService: Kernel timezone updated to 300 minutes west of GMT
12-12 10:29:05.671  1632  1632 I SystemServer: Init Watchdog
12-12 10:29:05.671  1632  1632 I SystemServer: Input Manager
12-12 10:29:05.671  1632  1632 I InputManager: Initializing input manager, mUseDevInputEventForAudioJack=false
12-12 10:29:05.676  1632  1632 I SystemServer: Window Manager
12-12 10:29:05.685  1632  1663 I WindowManager: No existing display settings /data/system/display_settings.xml; starting empty
12-12 10:29:05.710  1632  1632 I InputManager: Starting input manager
12-12 10:29:05.712  1632  1733 D EventHub: No input device configuration file found for device 'Power Button'.
12-12 10:29:05.713  1632  1632 I SystemServer: No Bluetooh Service (emulator)
12-12 10:29:05.713  1632  1632 I SystemServer: Input Method Service
12-12 10:29:05.715  1632  1733 W EventHub: Unable to disable kernel key repeat for /dev/input/event0: Function not implemented
12-12 10:29:05.715  1632  1733 I EventHub: New device: id=1, fd=71, path='/dev/input/event0', name='Power Button', classes=0x1, configuration='', keyLayout='/system/usr/keylayout/Generic.kl', keyCharacterMap='/system/usr/keychars/Generic.kcm', builtinKeyboard=false, wakeMechanism=EPOLLWAKEUP, usingClockIoctl=true
12-12 10:29:05.717  1632  1733 W EventHub: Unable to disable kernel key repeat for /dev/input/event1: Function not implemented
12-12 10:29:05.717  1632  1733 I EventHub: New device: id=2, fd=72, path='/dev/input/event1', name='qwerty2', classes=0x17, configuration='/system/usr/idc/qwerty2.idc', keyLayout='/system/usr/keylayout/qwerty.kl', keyCharacterMap='/system/usr/keychars/qwerty2.kcm', builtinKeyboard=true, wakeMechanism=EPOLLWAKEUP, usingClockIoctl=true
12-12 10:29:05.717  1632  1733 E EventHub: could not get driver version for /dev/input/mice, Not a typewriter
12-12 10:29:05.756  1632  1632 I SystemServer: Accessibility Manager
12-12 10:29:05.762  1632  1733 I InputReader: Device added: id=-1, name='Virtual', sources=0x00000301
12-12 10:29:05.763  1632  1733 I InputReader:   Touch device 'qwerty2' could not query the properties of its associated display.  The device will be inoperable until the display size becomes available.
12-12 10:29:05.763  1632  1733 I InputReader: Device added: id=0, name='qwerty2', sources=0x00001103
12-12 10:29:05.763  1632  1733 I InputReader: Device added: id=1, name='Power Button', sources=0x00000101
12-12 10:29:05.771  1632  1632 I ActivityManager: Config changes=1df8 {1.0 ?mcc?mnc en_US ldltr sw411dp w411dp h731dp 560dpi nrml long port ?uimode ?night -touch -keyb/v/h -nav/h s.2}
12-12 10:29:05.773  1216  1216 E SurfaceFlinger: ro.sf.lcd_density must be defined as a build property
12-12 10:29:05.774  1216  1216 D SurfaceFlinger: Set active config mode=0, type=0 flinger=0x7fc51f943c00
12-12 10:29:05.774  1216  1216 D SurfaceFlinger: Screen type=0 is already mode=0
12-12 10:29:05.775  1632  1733 I InputReader: Reconfiguring input devices.  changes=0x00000004
12-12 10:29:05.775  1632  1733 I InputReader: Device reconfigured: id=0, name='qwerty2', size 1440x2560, orientation 0, mode 1, display id 0
12-12 10:29:05.785  1632  1732 I ActivityManager: Config changes=508 {1.0 ?mcc?mnc en_US ldltr sw411dp w411dp h659dp 560dpi nrml port ?uimode ?night finger -keyb/v/h -nav/h s.3}
12-12 10:29:05.791  1632  1632 I SystemServiceManager: Starting com.android.server.MountService$Lifecycle
12-12 10:29:05.802  1632  1632 I SystemServiceManager: Starting com.android.server.UiModeManagerService
