--------- beginning of main
12-12 10:29:01.580  1172  1172 W auditd  : type=2000 audit(0.0:1): initialized
12-12 10:29:02.070  1172  1172 I auditd  : type=1403 audit(0.0:2): policy loaded auid=4294967295 ses=4294967295
12-12 10:29:02.070  1172  1172 W auditd  : type=1404 audit(0.0:3): enforcing=1 old_enforcing=0 auid=4294967295 ses=4294967295
--------- beginning of system
12-12 10:29:02.795  1173  1173 I vold    : Vold 3.0 (the awakening) firing up
12-12 10:29:02.795  1173  1173 V vold    : Detected support for: ext4 vfat
12-12 10:29:02.847  1173  1183 D vold    : Recognized experimental block major ID 253 as virtio-blk (emulator's virtual SD card device)
12-12 10:29:02.848  1173  1183 V vold    : /system/bin/sgdisk
12-12 10:29:02.848  1173  1183 V vold    :     --android-dump
12-12 10:29:02.848  1173  1183 V vold    :     /dev/block/vold/disk:253,48
12-12 10:29:02.858  1190  1190 I lowmemorykiller: Using in-kernel low memory killer interface
12-12 10:29:02.877  1219  1219 I qemu-props: connected to 'boot-properties' qemud service.
12-12 10:29:02.877  1219  1219 I qemu-props: receiving..
12-12 10:29:02.877  1219  1219 I qemu-props: received: qemu.sf.fake_camera=none
12-12 10:29:02.881  1219  1219 I qemu-props: receiving..
12-12 10:29:02.881  1219  1219 I qemu-props: received: ro.opengles.version=131072
12-12 10:29:02.884  1219  1219 I qemu-props: receiving..
12-12 10:29:02.886  1219  1219 I qemu-props: received: dalvik.vm.heapsize=256m
12-12 10:29:02.897  1219  1219 I qemu-props: receiving..
12-12 10:29:02.897  1219  1219 I qemu-props: received: qemu.hw.mainkeys=0
12-12 10:29:02.907  1173  1183 V vold    : DISK mbr
12-12 10:29:02.911  1173  1183 W vold    : disk:253,48 has unknown partition table; trying entire device
12-12 10:29:02.911  1173  1183 V vold    : /system/bin/blkid
12-12 10:29:02.911  1173  1183 V vold    :     -c
12-12 10:29:02.911  1173  1183 V vold    :     /dev/null
12-12 10:29:02.911  1173  1183 V vold    :     -s
12-12 10:29:02.911  1173  1183 V vold    :     TYPE
12-12 10:29:02.911  1173  1183 V vold    :     -s
12-12 10:29:02.911  1173  1183 V vold    :     UUID
12-12 10:29:02.912  1173  1183 V vold    :     -s
12-12 10:29:02.912  1173  1183 V vold    :     LABEL
12-12 10:29:02.912  1173  1183 V vold    :     /dev/block/vold/disk:253,48
12-12 10:29:02.935  1219  1219 I qemu-props: receiving..
12-12 10:29:02.936  1219  1219 I qemu-props: received: qemu.sf.lcd_density=560
12-12 10:29:02.946  1219  1219 I qemu-props: receiving..
12-12 10:29:02.946  1219  1219 I qemu-props: exiting (5 properties set).
12-12 10:29:02.954  1232  1232 I         : debuggerd: Apr 20 2016 01:30:35
12-12 10:29:02.956  1238  1238 I installd: installd firing up
12-12 10:29:02.974  1173  1183 V vold    : /dev/block/vold/disk:253,48: LABEL="SDCARD" UUID="15E8-321C" TYPE="vfat" 
12-12 10:29:02.984  1242  1242 I gatekeeperd: Starting gatekeeperd...
12-12 10:29:02.985  1242  1242 W gatekeeperd: falling back to software GateKeeper
12-12 10:29:02.986  1245  1245 I perfprofd: starting Android Wide Profiling daemon
12-12 10:29:02.987  1245  1245 E perfprofd: unable to open configuration file /data/data/com.google.android.gms/files/perfprofd.conf
12-12 10:29:02.987  1245  1245 I perfprofd: random seed set to 2244697825
12-12 10:29:03.027  1216  1216 I SurfaceFlinger: SurfaceFlinger is starting
12-12 10:29:03.027  1246  1246 I fingerprintd: Starting fingerprintd
12-12 10:29:03.027  1216  1216 I SurfaceFlinger: SurfaceFlinger's main thread ready to run. Initializing graphics H/W...
12-12 10:29:03.028  1216  1216 D libEGL  : Emulator has host GPU support, qemu.gles is set to 1.
12-12 10:29:03.029  1216  1216 E libEGL  : load_driver(/system/lib64/egl/libGLES_emulation.so): dlopen failed: library "/system/lib64/egl/libGLES_emulation.so" not found
12-12 10:29:03.034  1216  1216 D libEGL  : loaded /system/lib64/egl/libEGL_emulation.so
12-12 10:29:03.035  1216  1216 D libEGL  : loaded /system/lib64/egl/libGLESv1_CM_emulation.so
12-12 10:29:03.051  1216  1216 D libEGL  : loaded /system/lib64/egl/libGLESv2_emulation.so
12-12 10:29:03.054  1216  1216 D         : HostConnection::get() New Host Connection established 0x7fc51f9670c0, tid 1216
12-12 10:29:03.058  1216  1216 E SurfaceFlinger: hwcomposer module not found
12-12 10:29:03.059  1216  1216 W SurfaceFlinger: no suitable EGLConfig found, trying a simpler query
12-12 10:29:03.059  1216  1216 I SurfaceFlinger: EGL information:
12-12 10:29:03.059  1216  1216 I SurfaceFlinger: vendor    : Android
12-12 10:29:03.059  1216  1216 I SurfaceFlinger: version   : 1.4 Android META-EGL
12-12 10:29:03.059  1216  1216 I SurfaceFlinger: extensions: EGL_KHR_get_all_proc_addresses EGL_ANDROID_presentation_time EGL_KHR_swap_buffers_with_damage EGL_KHR_image_base EGL_KHR_gl_texture_2D_image EGL_KHR_fence_sync EGL_ANDROID_image_native_buffer 
12-12 10:29:03.059  1216  1216 I SurfaceFlinger: Client API: OpenGL_ES
12-12 10:29:03.059  1216  1216 I SurfaceFlinger: EGLSurface: 8-8-8-8, config=0x2
12-12 10:29:03.073  1230  1230 I Netd    : Netd 1.0 starting
12-12 10:29:03.073  1230  1230 D TetherController: Setting IP forward enable = 0
12-12 10:29:03.086  1216  1216 I SurfaceFlinger: OpenGL ES informations:
12-12 10:29:03.086  1216  1216 I SurfaceFlinger: vendor    : Google (ATI Technologies Inc.)
12-12 10:29:03.086  1216  1216 I SurfaceFlinger: renderer  : Android Emulator OpenGL ES Translator (AMD Radeon R9 M370X)
12-12 10:29:03.086  1216  1216 I SurfaceFlinger: version   : OpenGL ES 2.0 (4.5.13417 Compatibility Profile Context 15.301.2101.0)
12-12 10:29:03.086  1216  1216 I SurfaceFlinger: extensions: GL_EXT_debug_marker GL_OES_EGL_image GL_OES_EGL_image_external GL_OES_depth24 GL_OES_depth32 GL_OES_element_index_uint GL_OES_texture_float GL_OES_texture_float_linear GL_OES_compressed_paletted_texture GL_OES_compressed_ETC1_RGB8_texture GL_OES_depth_texture GL_OES_texture_half_float GL_OES_texture_half_float_linear GL_OES_packed_depth_stencil GL_OES_vertex_half_float GL_OES_texture_npot GL_OES_rgb8_rgba8 ANDROID_EMU_CHECKSUM_HELPER_v1 
12-12 10:29:03.086  1216  1216 I SurfaceFlinger: GL_MAX_TEXTURE_SIZE = 16384
12-12 10:29:03.086  1216  1216 I SurfaceFlinger: GL_MAX_VIEWPORT_DIMS = 16384
12-12 10:29:03.087  1216  1216 E cutils-trace: Error opening trace file: Permission denied (13)
12-12 10:29:03.114  1216  1216 D SurfaceFlinger: Set power mode=2, type=0 flinger=0x7fc51f943c00
12-12 10:29:03.225  1231  1231 I         : debuggerd: Apr 20 2016 01:30:35
12-12 10:29:03.274  1216  1216 D SurfaceFlinger: shader cache generated - 24 shaders in 156.951385 ms
12-12 10:29:03.286  1237  1237 I mediaserver: ServiceManager: 0xf614c680
12-12 10:29:03.286  1237  1237 I AudioFlinger: Using default 3000 mSec as standby time.
12-12 10:29:03.290  1237  1237 E         : batterystats service unavailable!
12-12 10:29:03.290  1237  1237 E         : batterystats service unavailable!
12-12 10:29:03.309  1237  1237 I CameraService: CameraService started (pid=1237)
12-12 10:29:03.309  1237  1237 I CameraService: CameraService process starting
12-12 10:29:03.309  1237  1237 E         : batterystats service unavailable!
12-12 10:29:03.309  1237  1237 E         : batterystats service unavailable!
12-12 10:29:03.316  1237  1237 D EmulatedCamera_QemuClient: Emulated camera list: 
12-12 10:29:03.316  1237  1237 I CameraService: Loaded "Emulated Camera Module" camera module
12-12 10:29:03.316  1237  1237 E cutils-trace: Error opening trace file: Permission denied (13)
12-12 10:29:03.316  1237  1237 E CameraService: setUpVendorTags: Vendor tag operations not fully defined. Ignoring definitions.
12-12 10:29:03.317  1237  1237 I ServiceManager: Waiting for service media.camera.proxy...
12-12 10:29:03.387  1216  1256 E SurfaceFlinger: ro.sf.lcd_density must be defined as a build property
12-12 10:29:03.392  1272  1333 D libEGL  : Emulator has host GPU support, qemu.gles is set to 1.
12-12 10:29:03.392  1272  1333 E libEGL  : load_driver(/system/lib64/egl/libGLES_emulation.so): dlopen failed: library "/system/lib64/egl/libGLES_emulation.so" not found
12-12 10:29:03.393  1272  1333 D libEGL  : loaded /system/lib64/egl/libEGL_emulation.so
12-12 10:29:03.393  1272  1333 D libEGL  : loaded /system/lib64/egl/libGLESv1_CM_emulation.so
12-12 10:29:03.396  1272  1333 D libEGL  : loaded /system/lib64/egl/libGLESv2_emulation.so
12-12 10:29:03.398  1272  1333 D         : HostConnection::get() New Host Connection established 0x7fc953f21300, tid 1333
12-12 10:29:03.405  1272  1333 E cutils-trace: Error opening trace file: Permission denied (13)
12-12 10:29:03.406  1216  1258 D         : HostConnection::get() New Host Connection established 0x7fc51f967a00, tid 1258
12-12 10:29:03.390  1333  1333 W BootAnimation: type=1400 audit(0.0:4): avc: denied { write } for name="property_service" dev="tmpfs" ino=2961 scontext=u:r:bootanim:s0 tcontext=u:object_r:property_socket:s0 tclass=sock_file permissive=0
12-12 10:29:03.504  1216  1256 D         : HostConnection::get() New Host Connection established 0x7fc51f455140, tid 1256
12-12 10:29:03.672  1240  1240 D AndroidRuntime: >>>>>> START com.android.internal.os.ZygoteInit uid 0 <<<<<<
12-12 10:29:03.683  1240  1240 D AndroidRuntime: CheckJNI is ON
12-12 10:29:03.684  1241  1241 D AndroidRuntime: >>>>>> START com.android.internal.os.ZygoteInit uid 0 <<<<<<
12-12 10:29:03.687  1240  1240 I art     : option[0]=-Xzygote
12-12 10:29:03.690  1240  1240 I art     : option[1]=-Xcheck:jni
12-12 10:29:03.690  1240  1240 I art     : option[2]=-Xstacktracefile:/data/anr/traces.txt
12-12 10:29:03.690  1240  1240 I art     : option[3]=exit
12-12 10:29:03.690  1240  1240 I art     : option[4]=vfprintf
12-12 10:29:03.690  1240  1240 I art     : option[5]=sensitiveThread
12-12 10:29:03.690  1240  1240 I art     : option[6]=-verbose:gc
12-12 10:29:03.690  1240  1240 I art     : option[7]=-Xms4m
12-12 10:29:03.690  1240  1240 I art     : option[8]=-Xmx256m
12-12 10:29:03.690  1240  1240 I art     : option[9]=-agentlib:jdwp=transport=dt_android_adb,suspend=n,server=y
12-12 10:29:03.690  1240  1240 I art     : option[10]=-Xlockprofthreshold:500
12-12 10:29:03.690  1240  1240 I art     : option[11]=-Ximage-compiler-option
12-12 10:29:03.690  1240  1240 I art     : option[12]=--runtime-arg
12-12 10:29:03.690  1240  1240 I art     : option[13]=-Ximage-compiler-option
12-12 10:29:03.690  1240  1240 I art     : option[14]=-Xms64m
12-12 10:29:03.690  1240  1240 I art     : option[15]=-Ximage-compiler-option
12-12 10:29:03.690  1240  1240 I art     : option[16]=--runtime-arg
12-12 10:29:03.690  1240  1240 I art     : option[17]=-Ximage-compiler-option
12-12 10:29:03.690  1240  1240 I art     : option[18]=-Xmx64m
12-12 10:29:03.690  1240  1240 I art     : option[19]=-Ximage-compiler-option
12-12 10:29:03.690  1240  1240 I art     : option[20]=--image-classes=/system/etc/preloaded-classes
12-12 10:29:03.690  1240  1240 I art     : option[21]=-Xcompiler-option
12-12 10:29:03.690  1240  1240 I art     : option[22]=--runtime-arg
12-12 10:29:03.691  1240  1240 I art     : option[23]=-Xcompiler-option
12-12 10:29:03.691  1240  1240 I art     : option[24]=-Xms64m
12-12 10:29:03.691  1240  1240 I art     : option[25]=-Xcompiler-option
12-12 10:29:03.691  1240  1240 I art     : option[26]=--runtime-arg
12-12 10:29:03.691  1240  1240 I art     : option[27]=-Xcompiler-option
12-12 10:29:03.691  1240  1240 I art     : option[28]=-Xmx512m
12-12 10:29:03.691  1240  1240 I art     : option[29]=-Ximage-compiler-option
12-12 10:29:03.691  1240  1240 I art     : option[30]=--instruction-set-variant=x86_64
12-12 10:29:03.691  1240  1240 I art     : option[31]=-Xcompiler-option
12-12 10:29:03.691  1240  1240 I art     : option[32]=--instruction-set-variant=x86_64
12-12 10:29:03.691  1240  1240 I art     : option[33]=-Ximage-compiler-option
12-12 10:29:03.691  1240  1240 I art     : option[34]=--instruction-set-features=default
12-12 10:29:03.691  1240  1240 I art     : option[35]=-Xcompiler-option
12-12 10:29:03.691  1240  1240 I art     : option[36]=--instruction-set-features=default
12-12 10:29:03.691  1240  1240 I art     : option[37]=-Duser.locale=en-US
12-12 10:29:03.691  1240  1240 I art     : option[38]=--cpu-abilist=x86_64
12-12 10:29:03.691  1240  1240 I art     : option[39]=-Xfingerprint:Android/sdk_phone_x86_64/generic_x86_64:6.0/MASTER/2780065:userdebug/test-keys
12-12 10:29:03.694  1241  1241 D AndroidRuntime: CheckJNI is ON
12-12 10:29:03.700  1230  1230 I iptables: iptables v1.4.20: can't initialize iptables table `nat': Table does not exist (do you need to insmod?)
12-12 10:29:03.700  1230  1230 I iptables: Perhaps iptables or your kernel needs to be upgraded.
12-12 10:29:03.701  1230  1230 I iptables: iptables terminated by exit(3)
12-12 10:29:03.701  1230  1230 E Netd    : exec() res=0, status=768 for /system/bin/iptables -w -t nat -N oem_nat_pre 
12-12 10:29:03.704  1241  1241 I art     : option[0]=-Xzygote
12-12 10:29:03.704  1241  1241 I art     : option[1]=-Xcheck:jni
12-12 10:29:03.704  1241  1241 I art     : option[2]=-Xstacktracefile:/data/anr/traces.txt
12-12 10:29:03.704  1241  1241 I art     : option[3]=exit
12-12 10:29:03.704  1241  1241 I art     : option[4]=vfprintf
12-12 10:29:03.704  1241  1241 I art     : option[5]=sensitiveThread
12-12 10:29:03.705  1241  1241 I art     : option[6]=-verbose:gc
12-12 10:29:03.705  1241  1241 I art     : option[7]=-Xms4m
12-12 10:29:03.705  1241  1241 I art     : option[8]=-Xmx256m
12-12 10:29:03.705  1241  1241 I art     : option[9]=-agentlib:jdwp=transport=dt_android_adb,suspend=n,server=y
12-12 10:29:03.705  1241  1241 I art     : option[10]=-Xlockprofthreshold:500
12-12 10:29:03.705  1241  1241 I art     : option[11]=-Ximage-compiler-option
12-12 10:29:03.705  1241  1241 I art     : option[12]=--runtime-arg
12-12 10:29:03.705  1241  1241 I art     : option[13]=-Ximage-compiler-option
12-12 10:29:03.705  1241  1241 I art     : option[14]=-Xms64m
12-12 10:29:03.705  1241  1241 I art     : option[15]=-Ximage-compiler-option
12-12 10:29:03.705  1241  1241 I art     : option[16]=--runtime-arg
12-12 10:29:03.705  1241  1241 I art     : option[17]=-Ximage-compiler-option
12-12 10:29:03.706  1241  1241 I art     : option[18]=-Xmx64m
12-12 10:29:03.706  1241  1241 I art     : option[19]=-Ximage-compiler-option
12-12 10:29:03.706  1241  1241 I art     : option[20]=--image-classes=/system/etc/preloaded-classes
12-12 10:29:03.706  1241  1241 I art     : option[21]=-Xcompiler-option
12-12 10:29:03.706  1241  1241 I art     : option[22]=--runtime-arg
12-12 10:29:03.706  1241  1241 I art     : option[23]=-Xcompiler-option
12-12 10:29:03.706  1241  1241 I art     : option[24]=-Xms64m
12-12 10:29:03.706  1241  1241 I art     : option[25]=-Xcompiler-option
12-12 10:29:03.706  1241  1241 I art     : option[26]=--runtime-arg
12-12 10:29:03.706  1241  1241 I art     : option[27]=-Xcompiler-option
12-12 10:29:03.706  1241  1241 I art     : option[28]=-Xmx512m
12-12 10:29:03.706  1241  1241 I art     : option[29]=-Ximage-compiler-option
12-12 10:29:03.706  1241  1241 I art     : option[30]=--instruction-set-variant=dalvik.vm.isa.x86.features=default
12-12 10:29:03.706  1241  1241 I art     : option[31]=-Xcompiler-option
12-12 10:29:03.706  1241  1241 I art     : option[32]=--instruction-set-variant=dalvik.vm.isa.x86.features=default
12-12 10:29:03.706  1241  1241 I art     : option[33]=-Duser.locale=en-US
12-12 10:29:03.706  1241  1241 I art     : option[34]=--cpu-abilist=x86
12-12 10:29:03.706  1241  1241 I art     : option[35]=-Xfingerprint:Android/sdk_phone_x86_64/generic_x86_64:6.0/MASTER/2780065:userdebug/test-keys
12-12 10:29:03.711  1230  1230 I iptables: iptables v1.4.20: can't initialize iptables table `nat': Table does not exist (do you need to insmod?)
12-12 10:29:03.711  1230  1230 I iptables: Perhaps iptables or your kernel needs to be upgraded.
12-12 10:29:03.712  1230  1230 I iptables: iptables terminated by exit(3)
12-12 10:29:03.712  1230  1230 E Netd    : exec() res=0, status=768 for /system/bin/iptables -w -t nat -A PREROUTING -j oem_nat_pre 
12-12 10:29:03.724  1230  1230 I iptables: iptables v1.4.20: can't initialize iptables table `nat': Table does not exist (do you need to insmod?)
12-12 10:29:03.724  1230  1230 I iptables: Perhaps iptables or your kernel needs to be upgraded.
12-12 10:29:03.724  1230  1230 I iptables: iptables terminated by exit(3)
12-12 10:29:03.724  1230  1230 E Netd    : exec() res=0, status=768 for /system/bin/iptables -w -t nat -N natctrl_nat_POSTROUTING 
12-12 10:29:03.726  1230  1230 I iptables: iptables v1.4.20: can't initialize iptables table `nat': Table does not exist (do you need to insmod?)
12-12 10:29:03.726  1230  1230 I iptables: Perhaps iptables or your kernel needs to be upgraded.
12-12 10:29:03.726  1230  1230 I iptables: iptables terminated by exit(3)
12-12 10:29:03.726  1230  1230 E Netd    : exec() res=0, status=768 for /system/bin/iptables -w -t nat -A POSTROUTING -j natctrl_nat_POSTROUTING 
12-12 10:29:03.792  1230  1230 V NatController: runCmd(/system/bin/iptables -w -F natctrl_FORWARD) res=0
12-12 10:29:03.794  1230  1230 V NatController: runCmd(/system/bin/iptables -w -A natctrl_FORWARD -j DROP) res=0
12-12 10:29:03.796  1230  1230 V NatController: runCmd(/system/bin/iptables -w -t nat -F natctrl_nat_POSTROUTING) res=3
12-12 10:29:03.813  1241  1241 D ICU     : No timezone override file found: /data/misc/zoneinfo/current/icu/icu_tzdata.dat
12-12 10:29:03.831  1240  1240 D ICU     : No timezone override file found: /data/misc/zoneinfo/current/icu/icu_tzdata.dat
12-12 10:29:03.875  1241  1241 E memtrack: Couldn't load memtrack module (No such file or directory)
12-12 10:29:03.875  1241  1241 E android.os.Debug: failed to load memtrack module: -2
12-12 10:29:03.879  1241  1241 I Radio-JNI: register_android_hardware_Radio DONE
12-12 10:29:03.887  1241  1241 I SamplingProfilerIntegration: Profiling disabled.
12-12 10:29:03.890  1241  1241 D Zygote  : begin preload
12-12 10:29:03.890  1241  1241 I Zygote  : Preloading classes...
12-12 10:29:03.905  1240  1240 E memtrack: Couldn't load memtrack module (No such file or directory)
12-12 10:29:03.905  1240  1240 E android.os.Debug: failed to load memtrack module: -2
12-12 10:29:03.908  1240  1240 I Radio-JNI: register_android_hardware_Radio DONE
12-12 10:29:03.915  1240  1240 I SamplingProfilerIntegration: Profiling disabled.
12-12 10:29:03.916  1240  1240 D Zygote  : begin preload
12-12 10:29:03.916  1240  1240 I Zygote  : Preloading classes...
12-12 10:29:03.994  1241  1241 E Minikin : addFont failed to create font /system/fonts/NanumGothic.ttf
12-12 10:29:03.994  1241  1241 E Minikin : addFont failed to create font /system/fonts/DroidSansFallback.ttf
12-12 10:29:03.994  1241  1241 E Minikin : addFont failed to create font /system/fonts/MTLmr3m.ttf
12-12 10:29:03.994  1240  1240 E Minikin : addFont failed to create font /system/fonts/NanumGothic.ttf
12-12 10:29:03.994  1240  1240 E Minikin : addFont failed to create font /system/fonts/DroidSansFallback.ttf
12-12 10:29:03.994  1240  1240 E Minikin : addFont failed to create font /system/fonts/MTLmr3m.ttf
12-12 10:29:04.008  1230  1230 E Netd    : cannot find interface dummy0
12-12 10:29:04.009  1230  1230 D MDnsDS  : MDnsSdListener::Hander starting up
12-12 10:29:04.012  1230  1587 D MDnsDS  : MDnsSdListener starting to monitor
12-12 10:29:04.012  1230  1587 D MDnsDS  : Going to poll with pollCount 1
12-12 10:29:04.000  1230  1230 W netd    : type=1400 audit(0.0:5): avc: denied { sys_module } for capability=16 scontext=u:r:netd:s0 tcontext=u:r:netd:s0 tclass=capability permissive=0
12-12 10:29:04.040  1240  1240 V DngCreator_JNI: DngCreator_nativeClassInit:
12-12 10:29:04.041  1241  1241 V DngCreator_JNI: DngCreator_nativeClassInit:
12-12 10:29:04.127  1240  1240 I art     : Thread[1,tid=1240,Native,Thread*=0x7f0d3383ba00,peer=0x12c2c100,"main"] recursive attempt to load library "/system/lib64/libmedia_jni.so"
12-12 10:29:04.127  1240  1240 D MtpDeviceJNI: register_android_mtp_MtpDevice
12-12 10:29:04.127  1240  1240 I art     : Thread[1,tid=1240,Native,Thread*=0x7f0d3383ba00,peer=0x12c2c100,"main"] recursive attempt to load library "/system/lib64/libmedia_jni.so"
12-12 10:29:04.127  1240  1240 I art     : Thread[1,tid=1240,Native,Thread*=0x7f0d3383ba00,peer=0x12c2c100,"main"] recursive attempt to load library "/system/lib64/libmedia_jni.so"
12-12 10:29:04.150  1241  1241 I art     : Thread[1,tid=1241,Native,Thread*=0xf4034500,peer=0x12c35100,"main"] recursive attempt to load library "/system/lib/libmedia_jni.so"
12-12 10:29:04.151  1241  1241 D MtpDeviceJNI: register_android_mtp_MtpDevice
12-12 10:29:04.152  1241  1241 I art     : Thread[1,tid=1241,Native,Thread*=0xf4034500,peer=0x12c35100,"main"] recursive attempt to load library "/system/lib/libmedia_jni.so"
12-12 10:29:04.152  1241  1241 I art     : Thread[1,tid=1241,Native,Thread*=0xf4034500,peer=0x12c35100,"main"] recursive attempt to load library "/system/lib/libmedia_jni.so"
12-12 10:29:04.161  1240  1240 E EmojiFactory_jni: Failed to load libemoji.so: dlopen failed: library "libemoji.so" not found
12-12 10:29:04.170  1241  1241 E EmojiFactory_jni: Failed to load libemoji.so: dlopen failed: library "libemoji.so" not found
12-12 10:29:04.240  1241  1241 I System  : Loaded time zone names for "" in 7ms (7ms in ICU)
12-12 10:29:04.242  1240  1240 I System  : Loaded time zone names for "" in 23ms (23ms in ICU)
12-12 10:29:04.248  1240  1240 I System  : Loaded time zone names for "en_US" in 6ms (6ms in ICU)
12-12 10:29:04.253  1241  1241 I System  : Loaded time zone names for "en_US" in 13ms (11ms in ICU)
12-12 10:29:04.258  1240  1240 I Zygote  : ...preloaded 3831 classes in 342ms.
12-12 10:29:04.258  1240  1240 I art     : VMRuntime.preloadDexCaches starting
12-12 10:29:04.258  1241  1241 I Zygote  : ...preloaded 3831 classes in 368ms.
12-12 10:29:04.258  1241  1241 I art     : VMRuntime.preloadDexCaches starting
12-12 10:29:04.281  1241  1241 I art     : VMRuntime.preloadDexCaches strings total=242978 before=43551 after=43551
12-12 10:29:04.281  1241  1241 I art     : VMRuntime.preloadDexCaches types total=20084 before=6885 after=6911
12-12 10:29:04.281  1241  1241 I art     : VMRuntime.preloadDexCaches fields total=97951 before=35734 after=35932
12-12 10:29:04.281  1241  1241 I art     : VMRuntime.preloadDexCaches methods total=169821 before=70760 after=71253
12-12 10:29:04.281  1241  1241 I art     : VMRuntime.preloadDexCaches finished
12-12 10:29:04.292  1608  1608 D idmap   : error: no read access to /vendor/overlay: No such file or directory
12-12 10:29:04.299  1240  1240 I art     : VMRuntime.preloadDexCaches strings total=242978 before=43551 after=43551
12-12 10:29:04.299  1240  1240 I art     : VMRuntime.preloadDexCaches types total=20084 before=6885 after=6911
12-12 10:29:04.299  1240  1240 I art     : VMRuntime.preloadDexCaches fields total=97951 before=35734 after=35932
12-12 10:29:04.300  1240  1240 I art     : VMRuntime.preloadDexCaches methods total=169821 before=70760 after=71253
12-12 10:29:04.302  1241  1241 I Zygote  : Preloading resources...
12-12 10:29:04.304  1240  1240 I art     : VMRuntime.preloadDexCaches finished
12-12 10:29:04.310  1609  1609 D idmap   : error: no read access to /vendor/overlay: No such file or directory
12-12 10:29:04.310  1241  1241 W Resources: Preloaded drawable resource #0x1080096 (android:drawable/toast_frame) that varies with configuration!!
12-12 10:29:04.311  1241  1241 W Resources: Preloaded drawable resource #0x108010c (android:drawable/btn_check_on_pressed_holo_light) that varies with configuration!!
12-12 10:29:04.312  1241  1241 W Resources: Preloaded drawable resource #0x108010b (android:drawable/btn_check_on_pressed_holo_dark) that varies with configuration!!
12-12 10:29:04.313  1240  1240 I Zygote  : Preloading resources...
12-12 10:29:04.312  1241  1241 W Resources: Preloaded drawable resource #0x1080109 (android:drawable/btn_check_on_holo_light) that varies with configuration!!
12-12 10:29:04.317  1240  1240 W Resources: Preloaded drawable resource #0x1080096 (android:drawable/toast_frame) that varies with configuration!!
12-12 10:29:04.317  1237  1237 I ServiceManager: Waiting for service media.camera.proxy...
12-12 10:29:04.317  1240  1240 W Resources: Preloaded drawable resource #0x108010c (android:drawable/btn_check_on_pressed_holo_light) that varies with configuration!!
12-12 10:29:04.317  1240  1240 W Resources: Preloaded drawable resource #0x108010b (android:drawable/btn_check_on_pressed_holo_dark) that varies with configuration!!
12-12 10:29:04.318  1240  1240 W Resources: Preloaded drawable resource #0x1080109 (android:drawable/btn_check_on_holo_light) that varies with configuration!!
12-12 10:29:04.319  1240  1240 W Resources: Preloaded drawable resource #0x1080108 (android:drawable/btn_check_on_holo_dark) that varies with configuration!!
12-12 10:29:04.319  1240  1240 W Resources: Preloaded drawable resource #0x1080106 (android:drawable/btn_check_on_focused_holo_light) that varies with configuration!!
12-12 10:29:04.321  1241  1241 W Resources: Preloaded drawable resource #0x1080108 (android:drawable/btn_check_on_holo_dark) that varies with configuration!!
12-12 10:29:04.321  1240  1240 W Resources: Preloaded drawable resource #0x1080105 (android:drawable/btn_check_on_focused_holo_dark) that varies with configuration!!
12-12 10:29:04.321  1240  1240 W Resources: Preloaded drawable resource #0x1080104 (android:drawable/btn_check_on_disabled_holo_light) that varies with configuration!!
12-12 10:29:04.322  1241  1241 W Resources: Preloaded drawable resource #0x1080106 (android:drawable/btn_check_on_focused_holo_light) that varies with configuration!!
12-12 10:29:04.323  1240  1240 W Resources: Preloaded drawable resource #0x1080103 (android:drawable/btn_check_on_disabled_holo_dark) that varies with configuration!!
12-12 10:29:04.323  1240  1240 W Resources: Preloaded drawable resource #0x1080102 (android:drawable/btn_check_on_disabled_focused_holo_light) that varies with configuration!!
12-12 10:29:04.323  1241  1241 W Resources: Preloaded drawable resource #0x1080105 (android:drawable/btn_check_on_focused_holo_dark) that varies with configuration!!
12-12 10:29:04.323  1240  1240 W Resources: Preloaded drawable resource #0x1080101 (android:drawable/btn_check_on_disabled_focused_holo_dark) that varies with configuration!!
12-12 10:29:04.324  1241  1241 W Resources: Preloaded drawable resource #0x1080104 (android:drawable/btn_check_on_disabled_holo_light) that varies with configuration!!
12-12 10:29:04.324  1240  1240 W Resources: Preloaded drawable resource #0x10800f9 (android:drawable/btn_check_off_pressed_holo_light) that varies with configuration!!
12-12 10:29:04.324  1241  1241 W Resources: Preloaded drawable resource #0x1080103 (android:drawable/btn_check_on_disabled_holo_dark) that varies with configuration!!
12-12 10:29:04.324  1240  1240 W Resources: Preloaded drawable resource #0x10800f8 (android:drawable/btn_check_off_pressed_holo_dark) that varies with configuration!!
12-12 10:29:04.324  1241  1241 W Resources: Preloaded drawable resource #0x1080102 (android:drawable/btn_check_on_disabled_focused_holo_light) that varies with configuration!!
12-12 10:29:04.324  1240  1240 W Resources: Preloaded drawable resource #0x10800f4 (android:drawable/btn_check_off_holo_light) that varies with configuration!!
12-12 10:29:04.324  1240  1240 W Resources: Preloaded drawable resource #0x10800f3 (android:drawable/btn_check_off_holo_dark) that varies with configuration!!
12-12 10:29:04.325  1241  1241 W Resources: Preloaded drawable resource #0x1080101 (android:drawable/btn_check_on_disabled_focused_holo_dark) that varies with configuration!!
12-12 10:29:04.325  1240  1240 W Resources: Preloaded drawable resource #0x10800f1 (android:drawable/btn_check_off_focused_holo_light) that varies with configuration!!
12-12 10:29:04.325  1240  1240 W Resources: Preloaded drawable resource #0x10800f0 (android:drawable/btn_check_off_focused_holo_dark) that varies with configuration!!
12-12 10:29:04.325  1241  1241 W Resources: Preloaded drawable resource #0x10800f9 (android:drawable/btn_check_off_pressed_holo_light) that varies with configuration!!
12-12 10:29:04.325  1240  1240 W Resources: Preloaded drawable resource #0x10800ef (android:drawable/btn_check_off_disabled_holo_light) that varies with configuration!!
12-12 10:29:04.325  1241  1241 W Resources: Preloaded drawable resource #0x10800f8 (android:drawable/btn_check_off_pressed_holo_dark) that varies with configuration!!
12-12 10:29:04.325  1240  1240 W Resources: Preloaded drawable resource #0x10800ee (android:drawable/btn_check_off_disabled_holo_dark) that varies with configuration!!
12-12 10:29:04.325  1241  1241 W Resources: Preloaded drawable resource #0x10800f4 (android:drawable/btn_check_off_holo_light) that varies with configuration!!
12-12 10:29:04.325  1240  1240 W Resources: Preloaded drawable resource #0x10800ed (android:drawable/btn_check_off_disabled_focused_holo_light) that varies with configuration!!
12-12 10:29:04.326  1241  1241 W Resources: Preloaded drawable resource #0x10800f3 (android:drawable/btn_check_off_holo_dark) that varies with configuration!!
12-12 10:29:04.326  1240  1240 W Resources: Preloaded drawable resource #0x10800ec (android:drawable/btn_check_off_disabled_focused_holo_dark) that varies with configuration!!
12-12 10:29:04.326  1241  1241 W Resources: Preloaded drawable resource #0x10800f1 (android:drawable/btn_check_off_focused_holo_light) that varies with configuration!!
12-12 10:29:04.328  1240  1240 W Resources: Preloaded drawable resource #0x1080109 (android:drawable/btn_check_on_holo_light) that varies with configuration!!
12-12 10:29:04.328  1240  1240 W Resources: Preloaded drawable resource #0x10800f4 (android:drawable/btn_check_off_holo_light) that varies with configuration!!
12-12 10:29:04.329  1240  1240 W Resources: Preloaded drawable resource #0x108010c (android:drawable/btn_check_on_pressed_holo_light) that varies with configuration!!
12-12 10:29:04.329  1240  1240 W Resources: Preloaded drawable resource #0x10800f9 (android:drawable/btn_check_off_pressed_holo_light) that varies with configuration!!
12-12 10:29:04.329  1240  1240 W Resources: Preloaded drawable resource #0x1080106 (android:drawable/btn_check_on_focused_holo_light) that varies with configuration!!
12-12 10:29:04.326  1241  1241 W Resources: Preloaded drawable resource #0x10800f0 (android:drawable/btn_check_off_focused_holo_dark) that varies with configuration!!
12-12 10:29:04.329  1240  1240 W Resources: Preloaded drawable resource #0x10800f1 (android:drawable/btn_check_off_focused_holo_light) that varies with configuration!!
12-12 10:29:04.330  1240  1240 W Resources: Preloaded drawable resource #0x10800f4 (android:drawable/btn_check_off_holo_light) that varies with configuration!!
12-12 10:29:04.330  1241  1241 W Resources: Preloaded drawable resource #0x10800ef (android:drawable/btn_check_off_disabled_holo_light) that varies with configuration!!
12-12 10:29:04.330  1241  1241 W Resources: Preloaded drawable resource #0x10800ee (android:drawable/btn_check_off_disabled_holo_dark) that varies with configuration!!
12-12 10:29:04.330  1240  1240 W Resources: Preloaded drawable resource #0x1080109 (android:drawable/btn_check_on_holo_light) that varies with configuration!!
12-12 10:29:04.330  1241  1241 W Resources: Preloaded drawable resource #0x10800ed (android:drawable/btn_check_off_disabled_focused_holo_light) that varies with configuration!!
12-12 10:29:04.330  1240  1240 W Resources: Preloaded drawable resource #0x1080104 (android:drawable/btn_check_on_disabled_holo_light) that varies with configuration!!
12-12 10:29:04.331  1241  1241 W Resources: Preloaded drawable resource #0x10800ec (android:drawable/btn_check_off_disabled_focused_holo_dark) that varies with configuration!!
12-12 10:29:04.331  1240  1240 W Resources: Preloaded drawable resource #0x10800ef (android:drawable/btn_check_off_disabled_holo_light) that varies with configuration!!
12-12 10:29:04.331  1240  1240 W Resources: Preloaded drawable resource #0x1080102 (android:drawable/btn_check_on_disabled_focused_holo_light) that varies with configuration!!
12-12 10:29:04.331  1240  1240 W Resources: Preloaded drawable resource #0x10800ed (android:drawable/btn_check_off_disabled_focused_holo_light) that varies with configuration!!
12-12 10:29:04.331  1240  1240 W Resources: Preloaded drawable resource #0x10800ef (android:drawable/btn_check_off_disabled_holo_light) that varies with configuration!!
12-12 10:29:04.331  1241  1241 W Resources: Preloaded drawable resource #0x1080109 (android:drawable/btn_check_on_holo_light) that varies with configuration!!
12-12 10:29:04.332  1240  1240 W Resources: Preloaded drawable resource #0x1080104 (android:drawable/btn_check_on_disabled_holo_light) that varies with configuration!!
12-12 10:29:04.332  1240  1240 W Resources: Preloaded drawable resource #0x10800e2 (android:drawable/btn_check_holo_light) that varies with configuration!!
12-12 10:29:04.332  1241  1241 W Resources: Preloaded drawable resource #0x10800f4 (android:drawable/btn_check_off_holo_light) that varies with configuration!!
12-12 10:29:04.332  1241  1241 W Resources: Preloaded drawable resource #0x108010c (android:drawable/btn_check_on_pressed_holo_light) that varies with configuration!!
12-12 10:29:04.332  1240  1240 W Resources: Preloaded drawable resource #0x1080108 (android:drawable/btn_check_on_holo_dark) that varies with configuration!!
12-12 10:29:04.332  1241  1241 W Resources: Preloaded drawable resource #0x10800f9 (android:drawable/btn_check_off_pressed_holo_light) that varies with configuration!!
12-12 10:29:04.332  1240  1240 W Resources: Preloaded drawable resource #0x10800f3 (android:drawable/btn_check_off_holo_dark) that varies with configuration!!
12-12 10:29:04.333  1240  1240 W Resources: Preloaded drawable resource #0x108010b (android:drawable/btn_check_on_pressed_holo_dark) that varies with configuration!!
12-12 10:29:04.333  1240  1240 W Resources: Preloaded drawable resource #0x10800f8 (android:drawable/btn_check_off_pressed_holo_dark) that varies with configuration!!
12-12 10:29:04.333  1241  1241 W Resources: Preloaded drawable resource #0x1080106 (android:drawable/btn_check_on_focused_holo_light) that varies with configuration!!
12-12 10:29:04.333  1241  1241 W Resources: Preloaded drawable resource #0x10800f1 (android:drawable/btn_check_off_focused_holo_light) that varies with configuration!!
12-12 10:29:04.333  1240  1240 W Resources: Preloaded drawable resource #0x1080105 (android:drawable/btn_check_on_focused_holo_dark) that varies with configuration!!
12-12 10:29:04.333  1241  1241 W Resources: Preloaded drawable resource #0x10800f4 (android:drawable/btn_check_off_holo_light) that varies with configuration!!
12-12 10:29:04.333  1240  1240 W Resources: Preloaded drawable resource #0x10800f0 (android:drawable/btn_check_off_focused_holo_dark) that varies with configuration!!
12-12 10:29:04.334  1241  1241 W Resources: Preloaded drawable resource #0x1080109 (android:drawable/btn_check_on_holo_light) that varies with configuration!!
12-12 10:29:04.334  1240  1240 W Resources: Preloaded drawable resource #0x10800f3 (android:drawable/btn_check_off_holo_dark) that varies with configuration!!
12-12 10:29:04.335  1240  1240 W Resources: Preloaded drawable resource #0x1080108 (android:drawable/btn_check_on_holo_dark) that varies with configuration!!
12-12 10:29:04.335  1240  1240 W Resources: Preloaded drawable resource #0x1080103 (android:drawable/btn_check_on_disabled_holo_dark) that varies with configuration!!
12-12 10:29:04.335  1240  1240 W Resources: Preloaded drawable resource #0x10800ee (android:drawable/btn_check_off_disabled_holo_dark) that varies with configuration!!
12-12 10:29:04.335  1240  1240 W Resources: Preloaded drawable resource #0x1080101 (android:drawable/btn_check_on_disabled_focused_holo_dark) that varies with configuration!!
12-12 10:29:04.336  1240  1240 W Resources: Preloaded drawable resource #0x10800ec (android:drawable/btn_check_off_disabled_focused_holo_dark) that varies with configuration!!
12-12 10:29:04.336  1240  1240 W Resources: Preloaded drawable resource #0x10800ee (android:drawable/btn_check_off_disabled_holo_dark) that varies with configuration!!
12-12 10:29:04.336  1240  1240 W Resources: Preloaded drawable resource #0x1080103 (android:drawable/btn_check_on_disabled_holo_dark) that varies with configuration!!
12-12 10:29:04.336  1240  1240 W Resources: Preloaded drawable resource #0x10800e1 (android:drawable/btn_check_holo_dark) that varies with configuration!!
12-12 10:29:04.334  1241  1241 W Resources: Preloaded drawable resource #0x1080104 (android:drawable/btn_check_on_disabled_holo_light) that varies with configuration!!
12-12 10:29:04.338  1240  1240 W Resources: Preloaded drawable resource #0x108019d (android:drawable/btn_radio_on_pressed_holo_light) that varies with configuration!!
12-12 10:29:04.337  1241  1241 W Resources: Preloaded drawable resource #0x10800ef (android:drawable/btn_check_off_disabled_holo_light) that varies with configuration!!
12-12 10:29:04.338  1240  1240 W Resources: Preloaded drawable resource #0x108019c (android:drawable/btn_radio_on_pressed_holo_dark) that varies with configuration!!
12-12 10:29:04.338  1241  1241 W Resources: Preloaded drawable resource #0x1080102 (android:drawable/btn_check_on_disabled_focused_holo_light) that varies with configuration!!
12-12 10:29:04.339  1240  1240 W Resources: Preloaded drawable resource #0x1080199 (android:drawable/btn_radio_on_holo_light) that varies with configuration!!
12-12 10:29:04.339  1241  1241 W Resources: Preloaded drawable resource #0x10800ed (android:drawable/btn_check_off_disabled_focused_holo_light) that varies with configuration!!
12-12 10:29:04.339  1241  1241 W Resources: Preloaded drawable resource #0x10800ef (android:drawable/btn_check_off_disabled_holo_light) that varies with configuration!!
12-12 10:29:04.339  1240  1240 W Resources: Preloaded drawable resource #0x1080198 (android:drawable/btn_radio_on_holo_dark) that varies with configuration!!
12-12 10:29:04.339  1241  1241 W Resources: Preloaded drawable resource #0x1080104 (android:drawable/btn_check_on_disabled_holo_light) that varies with configuration!!
12-12 10:29:04.339  1241  1241 W Resources: Preloaded drawable resource #0x10800e2 (android:drawable/btn_check_holo_light) that varies with configuration!!
12-12 10:29:04.339  1240  1240 W Resources: Preloaded drawable resource #0x1080196 (android:drawable/btn_radio_on_focused_holo_light) that varies with configuration!!
12-12 10:29:04.340  1241  1241 W Resources: Preloaded drawable resource #0x1080108 (android:drawable/btn_check_on_holo_dark) that varies with configuration!!
12-12 10:29:04.340  1241  1241 W Resources: Preloaded drawable resource #0x10800f3 (android:drawable/btn_check_off_holo_dark) that varies with configuration!!
12-12 10:29:04.340  1240  1240 W Resources: Preloaded drawable resource #0x1080195 (android:drawable/btn_radio_on_focused_holo_dark) that varies with configuration!!
12-12 10:29:04.340  1240  1240 W Resources: Preloaded drawable resource #0x1080194 (android:drawable/btn_radio_on_disabled_holo_light) that varies with configuration!!
12-12 10:29:04.340  1240  1240 W Resources: Preloaded drawable resource #0x1080193 (android:drawable/btn_radio_on_disabled_holo_dark) that varies with configuration!!
12-12 10:29:04.341  1241  1241 W Resources: Preloaded drawable resource #0x108010b (android:drawable/btn_check_on_pressed_holo_dark) that varies with configuration!!
12-12 10:29:04.341  1241  1241 W Resources: Preloaded drawable resource #0x10800f8 (android:drawable/btn_check_off_pressed_holo_dark) that varies with configuration!!
12-12 10:29:04.346  1240  1240 W Resources: Preloaded drawable resource #0x1080192 (android:drawable/btn_radio_on_disabled_focused_holo_light) that varies with configuration!!
12-12 10:29:04.347  1240  1240 W Resources: Preloaded drawable resource #0x1080191 (android:drawable/btn_radio_on_disabled_focused_holo_dark) that varies with configuration!!
12-12 10:29:04.347  1240  1240 W Resources: Preloaded drawable resource #0x108018e (android:drawable/btn_radio_off_pressed_holo_light) that varies with configuration!!
12-12 10:29:04.348  1240  1240 W Resources: Preloaded drawable resource #0x108018d (android:drawable/btn_radio_off_pressed_holo_dark) that varies with configuration!!
12-12 10:29:04.348  1240  1240 W Resources: Preloaded drawable resource #0x108018b (android:drawable/btn_radio_off_holo_light) that varies with configuration!!
12-12 10:29:04.348  1240  1240 W Resources: Preloaded drawable resource #0x108018a (android:drawable/btn_radio_off_holo_dark) that varies with configuration!!
12-12 10:29:04.348  1240  1240 W Resources: Preloaded drawable resource #0x1080188 (android:drawable/btn_radio_off_focused_holo_light) that varies with configuration!!
12-12 10:29:04.349  1240  1240 W Resources: Preloaded drawable resource #0x1080187 (android:drawable/btn_radio_off_focused_holo_dark) that varies with configuration!!
12-12 10:29:04.349  1240  1240 W Resources: Preloaded drawable resource #0x1080186 (android:drawable/btn_radio_off_disabled_holo_light) that varies with configuration!!
12-12 10:29:04.349  1240  1240 W Resources: Preloaded drawable resource #0x1080185 (android:drawable/btn_radio_off_disabled_holo_dark) that varies with configuration!!
12-12 10:29:04.349  1240  1240 W Resources: Preloaded drawable resource #0x1080184 (android:drawable/btn_radio_off_disabled_focused_holo_light) that varies with configuration!!
12-12 10:29:04.350  1240  1240 W Resources: Preloaded drawable resource #0x1080183 (android:drawable/btn_radio_off_disabled_focused_holo_dark) that varies with configuration!!
12-12 10:29:04.350  1240  1240 W Resources: Preloaded drawable resource #0x108012e (android:drawable/btn_default_pressed_holo_light) that varies with configuration!!
12-12 10:29:04.350  1240  1240 W Resources: Preloaded drawable resource #0x108012d (android:drawable/btn_default_pressed_holo_dark) that varies with configuration!!
12-12 10:29:04.351  1240  1240 W Resources: Preloaded drawable resource #0x108012a (android:drawable/btn_default_normal_holo_light) that varies with configuration!!
12-12 10:29:04.351  1241  1241 W Resources: Preloaded drawable resource #0x1080105 (android:drawable/btn_check_on_focused_holo_dark) that varies with configuration!!
12-12 10:29:04.352  1241  1241 W Resources: Preloaded drawable resource #0x10800f0 (android:drawable/btn_check_off_focused_holo_dark) that varies with configuration!!
12-12 10:29:04.352  1241  1241 W Resources: Preloaded drawable resource #0x10800f3 (android:drawable/btn_check_off_holo_dark) that varies with configuration!!
12-12 10:29:04.353  1241  1241 W Resources: Preloaded drawable resource #0x1080108 (android:drawable/btn_check_on_holo_dark) that varies with configuration!!
12-12 10:29:04.353  1241  1241 W Resources: Preloaded drawable resource #0x1080103 (android:drawable/btn_check_on_disabled_holo_dark) that varies with configuration!!
12-12 10:29:04.354  1241  1241 W Resources: Preloaded drawable resource #0x10800ee (android:drawable/btn_check_off_disabled_holo_dark) that varies with configuration!!
12-12 10:29:04.354  1240  1240 W Resources: Preloaded drawable resource #0x1080129 (android:drawable/btn_default_normal_holo_dark) that varies with configuration!!
12-12 10:29:04.355  1240  1240 W Resources: Preloaded drawable resource #0x1080120 (android:drawable/btn_default_focused_holo_light) that varies with configuration!!
12-12 10:29:04.356  1240  1240 W Resources: Preloaded drawable resource #0x108011f (android:drawable/btn_default_focused_holo_dark) that varies with configuration!!
12-12 10:29:04.357  1240  1240 W Resources: Preloaded drawable resource #0x108011d (android:drawable/btn_default_disabled_holo_light) that varies with configuration!!
12-12 10:29:04.357  1240  1240 W Resources: Preloaded drawable resource #0x108011c (android:drawable/btn_default_disabled_holo_dark) that varies with configuration!!
12-12 10:29:04.358  1240  1240 W Resources: Preloaded drawable resource #0x108011a (android:drawable/btn_default_disabled_focused_holo_light) that varies with configuration!!
12-12 10:29:04.358  1240  1240 W Resources: Preloaded drawable resource #0x1080119 (android:drawable/btn_default_disabled_focused_holo_dark) that varies with configuration!!
12-12 10:29:04.359  1240  1240 W Resources: Preloaded drawable resource #0x1080129 (android:drawable/btn_default_normal_holo_dark) that varies with configuration!!
12-12 10:29:04.359  1241  1241 W Resources: Preloaded drawable resource #0x1080101 (android:drawable/btn_check_on_disabled_focused_holo_dark) that varies with configuration!!
12-12 10:29:04.361  1241  1241 W Resources: Preloaded drawable resource #0x10800ec (android:drawable/btn_check_off_disabled_focused_holo_dark) that varies with configuration!!
12-12 10:29:04.361  1240  1240 W Resources: Preloaded drawable resource #0x108011c (android:drawable/btn_default_disabled_holo_dark) that varies with configuration!!
12-12 10:29:04.361  1241  1241 W Resources: Preloaded drawable resource #0x10800ee (android:drawable/btn_check_off_disabled_holo_dark) that varies with configuration!!
12-12 10:29:04.361  1240  1240 W Resources: Preloaded drawable resource #0x108012d (android:drawable/btn_default_pressed_holo_dark) that varies with configuration!!
12-12 10:29:04.362  1241  1241 W Resources: Preloaded drawable resource #0x1080103 (android:drawable/btn_check_on_disabled_holo_dark) that varies with configuration!!
12-12 10:29:04.362  1241  1241 W Resources: Preloaded drawable resource #0x10800e1 (android:drawable/btn_check_holo_dark) that varies with configuration!!
12-12 10:29:04.362  1240  1240 W Resources: Preloaded drawable resource #0x108011f (android:drawable/btn_default_focused_holo_dark) that varies with configuration!!
12-12 10:29:04.362  1240  1240 W Resources: Preloaded drawable resource #0x1080129 (android:drawable/btn_default_normal_holo_dark) that varies with configuration!!
12-12 10:29:04.362  1241  1241 W Resources: Preloaded drawable resource #0x108019d (android:drawable/btn_radio_on_pressed_holo_light) that varies with configuration!!
12-12 10:29:04.362  1240  1240 W Resources: Preloaded drawable resource #0x1080119 (android:drawable/btn_default_disabled_focused_holo_dark) that varies with configuration!!
12-12 10:29:04.362  1241  1241 W Resources: Preloaded drawable resource #0x108019c (android:drawable/btn_radio_on_pressed_holo_dark) that varies with configuration!!
12-12 10:29:04.362  1240  1240 W Resources: Preloaded drawable resource #0x108011c (android:drawable/btn_default_disabled_holo_dark) that varies with configuration!!
12-12 10:29:04.362  1240  1240 W Resources: Preloaded drawable resource #0x1080121 (android:drawable/btn_default_holo_dark) that varies with configuration!!
12-12 10:29:04.363  1241  1241 W Resources: Preloaded drawable resource #0x1080199 (android:drawable/btn_radio_on_holo_light) that varies with configuration!!
12-12 10:29:04.363  1240  1240 W Resources: Preloaded drawable resource #0x108012a (android:drawable/btn_default_normal_holo_light) that varies with configuration!!
12-12 10:29:04.363  1241  1241 W Resources: Preloaded drawable resource #0x1080198 (android:drawable/btn_radio_on_holo_dark) that varies with configuration!!
12-12 10:29:04.363  1240  1240 W Resources: Preloaded drawable resource #0x108011d (android:drawable/btn_default_disabled_holo_light) that varies with configuration!!
12-12 10:29:04.363  1240  1240 W Resources: Preloaded drawable resource #0x108012e (android:drawable/btn_default_pressed_holo_light) that varies with configuration!!
12-12 10:29:04.363  1241  1241 W Resources: Preloaded drawable resource #0x1080196 (android:drawable/btn_radio_on_focused_holo_light) that varies with configuration!!
12-12 10:29:04.364  1240  1240 W Resources: Preloaded drawable resource #0x1080120 (android:drawable/btn_default_focused_holo_light) that varies with configuration!!
12-12 10:29:04.364  1240  1240 W Resources: Preloaded drawable resource #0x108012a (android:drawable/btn_default_normal_holo_light) that varies with configuration!!
12-12 10:29:04.364  1241  1241 W Resources: Preloaded drawable resource #0x1080195 (android:drawable/btn_radio_on_focused_holo_dark) that varies with configuration!!
12-12 10:29:04.364  1240  1240 W Resources: Preloaded drawable resource #0x108011a (android:drawable/btn_default_disabled_focused_holo_light) that varies with configuration!!
12-12 10:29:04.364  1241  1241 W Resources: Preloaded drawable resource #0x1080194 (android:drawable/btn_radio_on_disabled_holo_light) that varies with configuration!!
12-12 10:29:04.364  1240  1240 W Resources: Preloaded drawable resource #0x108011d (android:drawable/btn_default_disabled_holo_light) that varies with configuration!!
12-12 10:29:04.364  1240  1240 W Resources: Preloaded drawable resource #0x1080122 (android:drawable/btn_default_holo_light) that varies with configuration!!
12-12 10:29:04.364  1241  1241 W Resources: Preloaded drawable resource #0x1080193 (android:drawable/btn_radio_on_disabled_holo_dark) that varies with configuration!!
12-12 10:29:04.365  1240  1240 W Resources: Preloaded drawable resource #0x10801fe (android:drawable/btn_star_off_normal_holo_light) that varies with configuration!!
